Component: ARM Compiler 5.06 update 6 (build 750) Tool: armlink [4d35ed]

==============================================================================

Section Cross References

    startup_stm32f407xx.o(STACK) refers (Special) to heapauxi.o(.text) for __use_two_region_memory
    startup_stm32f407xx.o(HEAP) refers (Special) to heapauxi.o(.text) for __use_two_region_memory
    startup_stm32f407xx.o(RESET) refers (Special) to heapauxi.o(.text) for __use_two_region_memory
    startup_stm32f407xx.o(RESET) refers to startup_stm32f407xx.o(STACK) for __initial_sp
    startup_stm32f407xx.o(RESET) refers to startup_stm32f407xx.o(.text) for Reset_Handler
    startup_stm32f407xx.o(RESET) refers to stm32f4xx_it.o(i.NMI_Handler) for NMI_Handler
    startup_stm32f407xx.o(RESET) refers to stm32f4xx_it.o(i.HardFault_Handler) for HardFault_Handler
    startup_stm32f407xx.o(RESET) refers to stm32f4xx_it.o(i.MemManage_Handler) for MemManage_Handler
    startup_stm32f407xx.o(RESET) refers to stm32f4xx_it.o(i.BusFault_Handler) for BusFault_Handler
    startup_stm32f407xx.o(RESET) refers to stm32f4xx_it.o(i.UsageFault_Handler) for UsageFault_Handler
    startup_stm32f407xx.o(RESET) refers to stm32f4xx_it.o(i.SVC_Handler) for SVC_Handler
    startup_stm32f407xx.o(RESET) refers to stm32f4xx_it.o(i.DebugMon_Handler) for DebugMon_Handler
    startup_stm32f407xx.o(RESET) refers to stm32f4xx_it.o(i.PendSV_Handler) for PendSV_Handler
    startup_stm32f407xx.o(RESET) refers to stm32f4xx_it.o(i.SysTick_Handler) for SysTick_Handler
    startup_stm32f407xx.o(RESET) refers to stm32f4xx_it.o(i.TIM2_IRQHandler) for TIM2_IRQHandler
    startup_stm32f407xx.o(RESET) refers to stm32f4xx_it.o(i.TIM3_IRQHandler) for TIM3_IRQHandler
    startup_stm32f407xx.o(RESET) refers to stm32f4xx_it.o(i.TIM5_IRQHandler) for TIM5_IRQHandler
    startup_stm32f407xx.o(RESET) refers to stm32f4xx_it.o(i.TIM6_DAC_IRQHandler) for TIM6_DAC_IRQHandler
    startup_stm32f407xx.o(.text) refers (Special) to heapauxi.o(.text) for __use_two_region_memory
    startup_stm32f407xx.o(.text) refers to system_stm32f4xx.o(i.SystemInit) for SystemInit
    startup_stm32f407xx.o(.text) refers to __main.o(!!!main) for __main
    startup_stm32f407xx.o(.text) refers to startup_stm32f407xx.o(HEAP) for Heap_Mem
    startup_stm32f407xx.o(.text) refers to startup_stm32f407xx.o(STACK) for Stack_Mem
    oled.o(i.IIC_Start) refers to stm32f4xx_hal_gpio.o(i.HAL_GPIO_WritePin) for HAL_GPIO_WritePin
    oled.o(i.IIC_Start) refers to oled.o(i.Delay) for Delay
    oled.o(i.IIC_Stop) refers to stm32f4xx_hal_gpio.o(i.HAL_GPIO_WritePin) for HAL_GPIO_WritePin
    oled.o(i.IIC_Stop) refers to oled.o(i.Delay) for Delay
    oled.o(i.Initial_LY096BG30) refers to oled.o(i.Write_IIC_Command) for Write_IIC_Command
    oled.o(i.OLED_Clear) refers to oled.o(i.Write_IIC_Command) for Write_IIC_Command
    oled.o(i.OLED_Clear) refers to oled.o(i.Write_IIC_Data) for Write_IIC_Data
    oled.o(i.OLED_Set_Pos) refers to oled.o(i.Write_IIC_Command) for Write_IIC_Command
    oled.o(i.OLED_ShowChar) refers to oled.o(i.OLED_Set_Pos) for OLED_Set_Pos
    oled.o(i.OLED_ShowChar) refers to oled.o(i.Write_IIC_Data) for Write_IIC_Data
    oled.o(i.OLED_ShowChar) refers to oled.o(.data) for F6x8
    oled.o(i.OLED_ShowData) refers to oled.o(i.OLED_Set_Pos) for OLED_Set_Pos
    oled.o(i.OLED_ShowData) refers to oled.o(i.Write_IIC_Data) for Write_IIC_Data
    oled.o(i.OLED_ShowData) refers to oled.o(.data) for F6x8
    oled.o(i.OLED_ShowString) refers to oled.o(i.OLED_ShowChar) for OLED_ShowChar
    oled.o(i.Write_IIC_Byte) refers to stm32f4xx_hal_gpio.o(i.HAL_GPIO_WritePin) for HAL_GPIO_WritePin
    oled.o(i.Write_IIC_Byte) refers to oled.o(i.Delay) for Delay
    oled.o(i.Write_IIC_Command) refers to oled.o(i.IIC_Start) for IIC_Start
    oled.o(i.Write_IIC_Command) refers to oled.o(i.Write_IIC_Byte) for Write_IIC_Byte
    oled.o(i.Write_IIC_Command) refers to oled.o(i.IIC_Stop) for IIC_Stop
    oled.o(i.Write_IIC_Data) refers to oled.o(i.IIC_Start) for IIC_Start
    oled.o(i.Write_IIC_Data) refers to oled.o(i.Write_IIC_Byte) for Write_IIC_Byte
    oled.o(i.Write_IIC_Data) refers to oled.o(i.IIC_Stop) for IIC_Stop
    button.o(i.buttonUpdate) refers to stm32f4xx_hal_gpio.o(i.HAL_GPIO_ReadPin) for HAL_GPIO_ReadPin
    button.o(i.buttonUpdate) refers to stm32f4xx_hal.o(i.HAL_Delay) for HAL_Delay
    button.o(i.buttonUpdate) refers to button.o(.bss) for button
    gui.o(i.addSubDeal) refers to gui.o(i.constrain) for constrain
    gui.o(i.addSubDeal) refers to gui.o(.data) for singNumType
    gui.o(i.addSubDeal) refers to button.o(.bss) for button
    gui.o(i.guiTask) refers to _printf_pad.o(.text) for _printf_pre_padding
    gui.o(i.guiTask) refers to _printf_percent.o(.ARM.Collect$$_printf_percent$$00000000) for _printf_percent
    gui.o(i.guiTask) refers to _printf_d.o(.ARM.Collect$$_printf_percent$$00000009) for _printf_d
    gui.o(i.guiTask) refers to _printf_dec.o(.text) for _printf_int_dec
[...]
    .text                                    0x08000adc   Section        0  _printf_char_common.o(.text)
    _printf_input_char                       0x08000add   Thumb Code    10  _printf_char_common.o(.text)
    .text                                    0x08000b0c   Section        0  _sputc.o(.text)
    .text                                    0x08000b18   Section        8  rt_locale_intlibspace.o(.text)
    .text                                    0x08000b20   Section      138  lludiv10.o(.text)
    .text                                    0x08000bac   Section        0  _printf_fp_infnan.o(.text)
    .text                                    0x08000c2c   Section        0  bigflt0.o(.text)
    .text                                    0x08000d10   Section        8  libspace.o(.text)
    .text                                    0x08000d18   Section       74  sys_stackheap_outer.o(.text)
    .text                                    0x08000d62   Section        0  exit.o(.text)
    .text                                    0x08000d74   Section      128  strcmpv7m.o(.text)
    .text                                    0x08000df4   Section        0  sys_exit.o(.text)
    .text                                    0x08000e00   Section        2  use_no_semi.o(.text)
    .text                                    0x08000e02   Section        0  indicate_semi.o(.text)
    CL$$btod_d2e                             0x08000e02   Section       62  btod.o(CL$$btod_d2e)
    CL$$btod_d2e_denorm_low                  0x08000e40   Section       70  btod.o(CL$$btod_d2e_denorm_low)
    CL$$btod_d2e_norm_op1                    0x08000e86   Section       96  btod.o(CL$$btod_d2e_norm_op1)
    CL$$btod_div_common                      0x08000ee6   Section      824  btod.o(CL$$btod_div_common)
    CL$$btod_e2e                             0x0800121e   Section      220  btod.o(CL$$btod_e2e)
    CL$$btod_ediv                            0x080012fa   Section       42  btod.o(CL$$btod_ediv)
    CL$$btod_emul                            0x08001324   Section       42  btod.o(CL$$btod_emul)
    CL$$btod_mult_common                     0x0800134e   Section      580  btod.o(CL$$btod_mult_common)
    i.BusFault_Handler                       0x08001592   Section        0  stm32f4xx_it.o(i.BusFault_Handler)
    i.DebugMon_Handler                       0x08001596   Section        0  stm32f4xx_it.o(i.DebugMon_Handler)
    i.Delay                                  0x08001598   Section        0  oled.o(i.Delay)
    i.Error_Handler                          0x080015ae   Section        0  main.o(i.Error_Handler)
    i.HAL_Delay                              0x080015b4   Section        0  stm32f4xx_hal.o(i.HAL_Delay)
    i.HAL_GPIO_Init                          0x080015dc   Section        0  stm32f4xx_hal_gpio.o(i.HAL_GPIO_Init)
    i.HAL_GPIO_ReadPin                       0x080017d0   Section        0  stm32f4xx_hal_gpio.o(i.HAL_GPIO_ReadPin)
    i.HAL_GPIO_WritePin                      0x080017e0   Section        0  stm32f4xx_hal_gpio.o(i.HAL_GPIO_WritePin)
    i.HAL_GetTick                            0x080017ec   Section        0  stm32f4xx_hal.o(i.HAL_GetTick)
    i.HAL_IncTick                            0x080017f8   Section        0  stm32f4xx_hal.o(i.HAL_IncTick)
    i.HAL_Init                               0x08001810   Section        0  stm32f4xx_hal.o(i.HAL_Init)
    i.HAL_InitTick                           0x0800184c   Section        0  stm32f4xx_hal.o(i.HAL_InitTick)
    i.HAL_MspInit                            0x08001898   Section        0  stm32f4xx_hal_msp.o(i.HAL_MspInit)
    i.HAL_NVIC_EnableIRQ                     0x080018e0   Section        0  stm32f4xx_hal_cortex.o(i.HAL_NVIC_EnableIRQ)
    i.HAL_NVIC_SetPriority                   0x08001900   Section        0  stm32f4xx_hal_cortex.o(i.HAL_NVIC_SetPriority)
    i.HAL_NVIC_SetPriorityGrouping           0x0800197c   Section        0  stm32f4xx_hal_cortex.o(i.HAL_NVIC_SetPriorityGrouping)
    i.HAL_RCC_ClockConfig                    0x080019a4   Section        0  stm32f4xx_hal_rcc.o(i.HAL_RCC_ClockConfig)
    i.HAL_RCC_GetSysClockFreq                0x08001b28   Section        0  stm32f4xx_hal_rcc.o(i.HAL_RCC_GetSysClockFreq)
    i.HAL_RCC_OscConfig                      0x08001bd8   Section        0  stm32f4xx_hal_rcc.o(i.HAL_RCC_OscConfig)
    i.HAL_SYSTICK_Config                     0x08002074   Section        0  stm32f4xx_hal_cortex.o(i.HAL_SYSTICK_Config)
    i.HAL_TIMEx_BreakCallback                0x080020a8   Section        0  stm32f4xx_hal_tim_ex.o(i.HAL_TIMEx_BreakCallback)
    i.HAL_TIMEx_CommutCallback               0x080020aa   Section        0  stm32f4xx_hal_tim_ex.o(i.HAL_TIMEx_CommutCallback)
    i.HAL_TIMEx_ConfigBreakDeadTime          0x080020ac   Section        0  stm32f4xx_hal_tim_ex.o(i.HAL_TIMEx_ConfigBreakDeadTime)
    i.HAL_TIMEx_MasterConfigSynchronization  0x08002120   Section        0  stm32f4xx_hal_tim_ex.o(i.HAL_TIMEx_MasterConfigSynchronization)
    i.HAL_TIM_Base_Init                      0x080021d4   Section        0  stm32f4xx_hal_tim.o(i.HAL_TIM_Base_Init)
    i.HAL_TIM_Base_MspInit                   0x0800223c   Section        0  tim.o(i.HAL_TIM_Base_MspInit)
    i.HAL_TIM_Base_Start_IT                  0x080023a4   Section        0  stm32f4xx_hal_tim.o(i.HAL_TIM_Base_Start_IT)
    i.HAL_TIM_ConfigClockSource              0x0800244c   Section        0  stm32f4xx_hal_tim.o(i.HAL_TIM_ConfigClockSource)
    i.HAL_TIM_IC_CaptureCallback             0x08002558   Section        0  main.o(i.HAL_TIM_IC_CaptureCallback)
    i.HAL_TIM_IRQHandler                     0x0800255a   Section        0  stm32f4xx_hal_tim.o(i.HAL_TIM_IRQHandler)
    i.HAL_TIM_MspPostInit                    0x080026f0   Section        0  tim.o(i.HAL_TIM_MspPostInit)
    i.HAL_TIM_OC_DelayElapsedCallback        0x0800279c   Section        0  stm32f4xx_hal_tim.o(i.HAL_TIM_OC_DelayElapsedCallback)
    i.HAL_TIM_PWM_ConfigChannel              0x0800279e   Section        0  stm32f4xx_hal_tim.o(i.HAL_TIM_PWM_ConfigChannel)
    i.HAL_TIM_PWM_Init                       0x080028a2   Section        0  stm32f4xx_hal_tim.o(i.HAL_TIM_PWM_Init)
    i.HAL_TIM_PWM_MspInit                    0x08002908   Section        0  stm32f4xx_hal_tim.o(i.HAL_TIM_PWM_MspInit)
    i.HAL_TIM_PWM_PulseFinishedCallback      0x0800290a   Section        0  stm32f4xx_hal_tim.o(i.HAL_TIM_PWM_PulseFinishedCallback)
    i.HAL_TIM_PWM_Start                      0x0800290c   Section        0  stm32f4xx_hal_tim.o(i.HAL_TIM_PWM_Start)
    i.HAL_TIM_PeriodElapsedCallback          0x08002a18   Section        0  main.o(i.HAL_TIM_PeriodElapsedCallback)
    i.HAL_TIM_SlaveConfigSynchro             0x08002a2c   Section        0  stm32f4xx_hal_tim.o(i.HAL_TIM_SlaveConfigSynchro)
    i.HAL_TIM_TriggerCallback                0x08002a98   Section        0  stm32f4xx_hal_tim.o(i.HAL_TIM_TriggerCallback)
    i.HardFault_Handler                      0x08002a9a   Section        0  stm32f4xx_it.o(i.HardFault_Handler)
    i.IIC_Start                              0x08002aa0   Section        0  oled.o(i.IIC_Start)
    i.IIC_Stop                               0x08002adc   Section        0  oled.o(i.IIC_Stop)
    i.Initial_LY096BG30                      0x08002b10   Section        0  oled.o(i.Initial_LY096BG30)
    i.MX_GPIO_Init                           0x08002bbc   Section        0  gpio.o(i.MX_GPIO_Init)
    i.MX_TIM1_Init                           0x08002d88   Section        0  tim.o(i.MX_TIM1_Init)
    i.MX_TIM2_Init                           0x08002e70   Section        0  tim.o(i.MX_TIM2_Init)
    i.MX_TIM3_Init                           0x08002efc   Section        0  tim.o(i.MX_TIM3_Init)
    i.MX_TIM5_Init                           0x08002f68   Section        0  tim.o(i.MX_TIM5_Init)
    i.MX_TIM6_Init                           0x08002fd8   Section        0  tim.o(i.MX_TIM6_Init)
    i.MX_TIM8_Init                           0x08003024   Section        0  tim.o(i.MX_TIM8_Init)
    i.MemManage_Handler                      0x08003114   Section        0  stm32f4xx_it.o(i.MemManage_Handler)
    i.NMI_Handler                            0x08003118   Section        0  stm32f4xx_it.o(i.NMI_Handler)
    i.OLED_Clear                             0x0800311c   Section        0  oled.o(i.OLED_Clear)
    i.OLED_Set_Pos                           0x08003154   Section        0  oled.o(i.OLED_Set_Pos)
    i.OLED_ShowChar                          0x0800317c   Section        0  oled.o(i.OLED_ShowChar)
    i.OLED_ShowString                        0x080031cc   Section        0  oled.o(i.OLED_ShowString)
    i.PendSV_Handler                         0x08003200   Section        0  stm32f4xx_it.o(i.PendSV_Handler)
    i.SVC_Handler                            0x08003202   Section        0  stm32f4xx_it.o(i.SVC_Handler)
    i.SysTick_Handler                        0x08003204   Section        0  stm32f4xx_it.o(i.SysTick_Handler)
    i.SystemClock_Config                     0x0800320c   Section        0  main.o(i.SystemClock_Config)
    i.SystemInit                             0x080032c0   Section        0  system_stm32f4xx.o(i.SystemInit)
    i.TIM2_IRQHandler                        0x080032d4   Section        0  stm32f4xx_it.o(i.TIM2_IRQHandler)
    i.TIM3_IRQHandler                        0x080032e4   Section        0  stm32f4xx_it.o(i.TIM3_IRQHandler)
    i.TIM5_IRQHandler                        0x080032f4   Section        0  stm32f4xx_it.o(i.TIM5_IRQHandler)
    i.TIM6_DAC_IRQHandler                    0x08003304   Section        0  stm32f4xx_it.o(i.TIM6_DAC_IRQHandler)
    i.TIM_Base_SetConfig                     0x08003314   Section        0  stm32f4xx_hal_tim.o(i.TIM_Base_SetConfig)
    i.TIM_CCxChannelCmd                      0x080033ec   Section        0  stm32f4xx_hal_tim.o(i.TIM_CCxChannelCmd)
    i.TIM_ETR_SetConfig                      0x0800340e   Section        0  stm32f4xx_hal_tim.o(i.TIM_ETR_SetConfig)
    i.TIM_ITRx_SetConfig                     0x08003424   Section        0  stm32f4xx_hal_tim.o(i.TIM_ITRx_SetConfig)
    TIM_ITRx_SetConfig                       0x08003425   Thumb Code    18  stm32f4xx_hal_tim.o(i.TIM_ITRx_SetConfig)
    i.TIM_OC1_SetConfig                      0x08003438   Section        0  stm32f4xx_hal_tim.o(i.TIM_OC1_SetConfig)
    TIM_OC1_SetConfig                        0x08003439   Thumb Code   104  stm32f4xx_hal_tim.o(i.TIM_OC1_SetConfig)
    i.TIM_OC2_SetConfig                      0x080034a8   Section        0  stm32f4xx_hal_tim.o(i.TIM_OC2_SetConfig)
    i.TIM_OC3_SetConfig                      0x08003524   Section        0  stm32f4xx_hal_tim.o(i.TIM_OC3_SetConfig)
    TIM_OC3_SetConfig                        0x08003525   Thumb Code   112  stm32f4xx_hal_tim.o(i.TIM_OC3_SetConfig)
    i.TIM_OC4_SetConfig                      0x0800359c   Section        0  stm32f4xx_hal_tim.o(i.TIM_OC4_SetConfig)
    TIM_OC4_SetConfig                        0x0800359d   Thumb Code    74  stm32f4xx_hal_tim.o(i.TIM_OC4_SetConfig)
    i.TIM_SlaveTimer_SetConfig               0x080035f0   Section        0  stm32f4xx_hal_tim.o(i.TIM_SlaveTimer_SetConfig)
    TIM_SlaveTimer_SetConfig                 0x080035f1   Thumb Code   178  stm32f4xx_hal_tim.o(i.TIM_SlaveTimer_SetConfig)
    i.TIM_TI1_ConfigInputStage               0x080036a2   Section        0  stm32f4xx_hal_tim.o(i.TIM_TI1_ConfigInputStage)
    TIM_TI1_ConfigInputStage                 0x080036a3   Thumb Code    38  stm32f4xx_hal_tim.o(i.TIM_TI1_ConfigInputStage)
    i.TIM_TI2_ConfigInputStage               0x080036c8   Section        0  stm32f4xx_hal_tim.o(i.TIM_TI2_ConfigInputStage)
    TIM_TI2_ConfigInputStage                 0x080036c9   Thumb Code    40  stm32f4xx_hal_tim.o(i.TIM_TI2_ConfigInputStage)
    i.UsageFault_Handler                     0x080036f0   Section        0  stm32f4xx_it.o(i.UsageFault_Handler)
    i.Write_IIC_Byte                         0x080036f4   Section        0  oled.o(i.Write_IIC_Byte)
    i.Write_IIC_Command                      0x08003774   Section        0  oled.o(i.Write_IIC_Command)
    i.Write_IIC_Data                         0x08003794   Section        0  oled.o(i.Write_IIC_Data)
    i.__ARM_fpclassify                       0x080037b4   Section        0  fpclassify.o(i.__ARM_fpclassify)
    i.__NVIC_GetPriorityGrouping             0x080037e4   Section        0  stm32f4xx_hal_cortex.o(i.__NVIC_GetPriorityGrouping)
    __NVIC_GetPriorityGrouping               0x080037e5   Thumb Code    10  stm32f4xx_hal_cortex.o(i.__NVIC_GetPriorityGrouping)
    i.__NVIC_SetPriority                     0x080037f4   Section        0  stm32f4xx_hal_cortex.o(i.__NVIC_SetPriority)
    __NVIC_SetPriority                       0x080037f5   Thumb Code    32  stm32f4xx_hal_cortex.o(i.__NVIC_SetPriority)
    i._is_digit                              0x0800381c   Section        0  __printf_wp.o(i._is_digit)
    i.addSubDeal                             0x0800382c   Section        0  gui.o(i.addSubDeal)
    addSubDeal                               0x0800382d   Thumb Code   218  gui.o(i.addSubDeal)
    i.buttonUpdate                           0x08003910   Section        0  button.o(i.buttonUpdate)
    i.constrain                              0x08003a08   Section        0  gui.o(i.constrain)
    constrain                                0x08003a09   Thumb Code    32  gui.o(i.constrain)
    i.ctlFixedUpd                            0x08003a28   Section        0  control.o(i.ctlFixedUpd)
    i.ctlInit                                0x08003ba0   Section        0  control.o(i.ctlInit)
    i.guiTask                                0x08003c9c   Section        0  gui.o(i.guiTask)
    i.isFreqDcc                              0x08003fb8   Section        0  pulin_sig.o(i.isFreqDcc)
    i.isFreqStart                            0x08003ffc   Section        0  pulin_sig.o(i.isFreqStart)
    i.judgeCoordinate                        0x08004014   Section        0  gui.o(i.judgeCoordinate)
    judgeCoordinate                          0x08004015   Thumb Code   136  gui.o(i.judgeCoordinate)
    i.judgeSingleNum                         0x080040a4   Section        0  gui.o(i.judgeSingleNum)
    judgeSingleNum                           0x080040a5   Thumb Code    80  gui.o(i.judgeSingleNum)
    i.judgeVar                               0x080040fc   Section        0  gui.o(i.judgeVar)
    judgeVar                                 0x080040fd   Thumb Code    64  gui.o(i.judgeVar)
    i.leftRightLimit                         0x08004144   Section        0  control.o(i.leftRightLimit)
    i.main                                   0x080041b0   Section        0  main.o(i.main)
    i.mergeData                              0x08004248   Section        0  gui.o(i.mergeData)
    mergeData                                0x08004249   Thumb Code    68  gui.o(i.mergeData)
    i.motionParamUpd                         0x0800428c   Section        0  motion_param.o(i.motionParamUpd)
    i.sepData                                0x0800449c   Section        0  gui.o(i.sepData)
    sepData                                  0x0800449d   Thumb Code    88  gui.o(i.sepData)
    i.setFreq                                0x080044f4   Section        0  pwm.o(i.setFreq)
    i.velProfileCtl                          0x0800451c   Section        0  trap_vel_profile.o(i.velProfileCtl)
    i.xAxisAutoFlgInput                      0x080045b4   Section        0  control.o(i.xAxisAutoFlgInput)
    i.xAxisManuFlgInput                      0x0800474c   Section        0  control.o(i.xAxisManuFlgInput)
    i.yAxisAutoFlgInput                      0x080047f0   Section        0  control.o(i.yAxisAutoFlgInput)
    locale$$code                             0x080048e4   Section       44  lc_numeric_c.o(locale$$code)
    x$fpl$dfixu                              0x08004910   Section       90  dfixu.o(x$fpl$dfixu)
    $v0                                      0x08004910   Number         0  dfixu.o(x$fpl$dfixu)
    x$fpl$dfltu                              0x0800496a   Section       38  dflt_clz.o(x$fpl$dfltu)
    $v0                                      0x0800496a   Number         0  dflt_clz.o(x$fpl$dfltu)
    x$fpl$dmul                               0x08004990   Section      340  dmul.o(x$fpl$dmul)
    $v0                                      0x08004990   Number         0  dmul.o(x$fpl$dmul)
    x$fpl$dnaninf                            0x08004ae4   Section      156  dnaninf.o(x$fpl$dnaninf)
    $v0                                      0x08004ae4   Number         0  dnaninf.o(x$fpl$dnaninf)
    x$fpl$dretinf                            0x08004b80   Section       12  dretinf.o(x$fpl$dretinf)
    $v0                                      0x08004b80   Number         0  dretinf.o(x$fpl$dretinf)
    x$fpl$f2d                                0x08004b8c   Section       86  f2d.o(x$fpl$f2d)
    $v0                                      0x08004b8c   Number         0  f2d.o(x$fpl$f2d)
    x$fpl$fnaninf                            0x08004be2   Section      140  fnaninf.o(x$fpl$fnaninf)
    $v0                                      0x08004be2   Number         0  fnaninf.o(x$fpl$fnaninf)
    x$fpl$fpinit                             0x08004c6e   Section       10  fpinit.o(x$fpl$fpinit)
    $v0                                      0x08004c6e   Number         0  fpinit.o(x$fpl$fpinit)
    x$fpl$printf1                            0x08004c78   Section        4  printf1.o(x$fpl$printf1)
    $v0                                      0x08004c78   Number         0  printf1.o(x$fpl$printf1)
    .constdata                               0x08004c7c   Section       24  system_stm32f4xx.o(.constdata)
    x$fpl$usenofp                            0x08004c7c   Section        0  usenofp.o(x$fpl$usenofp)
    .constdata                               0x08004c94   Section      148  bigflt0.o(.constdata)
    tenpwrs_x                                0x08004c94   Data          60  bigflt0.o(.constdata)
    tenpwrs_i                                0x08004cd0   Data          64  bigflt0.o(.constdata)
    locale$$data                             0x08004d48   Section       28  lc_numeric_c.o(locale$$data)
    __lcnum_c_name                           0x08004d4c   Data           2  lc_numeric_c.o(locale$$data)
    __lcnum_c_start                          0x08004d54   Data           0  lc_numeric_c.o(locale$$data)
    __lcnum_c_point                          0x08004d60   Data           0  lc_numeric_c.o(locale$$data)
    __lcnum_c_thousands                      0x08004d62   Data           0  lc_numeric_c.o(locale$$data)
    __lcnum_c_grouping                       0x08004d63   Data           0  lc_numeric_c.o(locale$$data)
    __lcnum_c_end                            0x08004d64   Data           0  lc_numeric_c.o(locale$$data)
    .data                                    0x20000000   Section     2072  oled.o(.data)
    .data                                    0x20000818   Section        8  gui.o(.data)
    .data                                    0x20000820   Section       11  control.o(.data)
    .data                                    0x2000082c   Section       72  motion_param.o(.data)
    .data                                    0x20000874   Section       60  pulin_sig.o(.data)
    cnt                                      0x200008ac   Data           4  pulin_sig.o(.data)
    .data                                    0x200008b0   Section        9  stm32f4xx_hal.o(.data)
    .data                                    0x200008bc   Section        4  system_stm32f4xx.o(.data)
    .bss                                     0x200008c0   Section       10  button.o(.bss)
    .bss                                     0x200008ca   Section      180  gui.o(.bss)
    accBuff                                  0x200008ca   Data          30  gui.o(.bss)
    velBuff                                  0x200008e8   Data          30  gui.o(.bss)
    posBuff                                  0x20000906   Data          30  gui.o(.bss)
    realPosBuff                              0x20000924   Data          30  gui.o(.bss)
    modeBuff                                 0x20000942   Data          30  gui.o(.bss)
    equalValBuff                             0x20000960   Data          30  gui.o(.bss)
    .bss                                     0x20000980   Section       96  control.o(.bss)
    .bss                                     0x200009e0   Section      432  tim.o(.bss)
    .bss                                     0x20000b90   Section       96  libspace.o(.bss)
    HEAP                                     0x20000bf0   Section      512  startup_stm32f407xx.o(HEAP)
    Heap_Mem                                 0x20000bf0   Data         512  startup_stm32f407xx.o(HEAP)
    STACK                                    0x20000df0   Section     1024  startup_stm32f407xx.o(STACK)
    Stack_Mem                                0x20000df0   Data        1024  startup_stm32f407xx.o(STACK)
    __initial_sp                             0x200011f0   Data           0  startup_stm32f407xx.o(STACK)

    Global Symbols

    Symbol Name                              Value     Ov Type        Size  Object(Section)

    BuildAttributes$$THM_ISAv4$E$P$D$K$B$S$7EM$VFPi3$EXTD16$VFPS$VFMA$PE$A:L22UL41UL21$X:L11$S22US41US21$IEEE1$IW$USESV6$~STKCKD$USESV7$~SHL$OTIME$ROPI$IEEEJ$EBA8$UX$STANDARDLIB$REQ8$PRES8$EABIv2 0x00000000   Number         0  anon$$obj.o ABSOLUTE
    __ARM_use_no_argv                        0x00000000   Number         0  main.o ABSOLUTE
    _printf_flags                            0x00000000   Number         0  printf_stubs.o ABSOLUTE
    _printf_return_value                     0x00000000   Number         0  printf_stubs.o ABSOLUTE
    _printf_sizespec                         0x00000000   Number         0  printf_stubs.o ABSOLUTE
    _printf_widthprec                        0x00000000   Number         0  printf_stubs.o ABSOLUTE
    __ARM_exceptions_init                     - Undefined Weak Reference
    __alloca_initialize                       - Undefined Weak Reference
    __arm_preinit_                            - Undefined Weak Reference
    __cpp_initialize__aeabi_                  - Undefined Weak Reference
    __cxa_finalize                            - Undefined Weak Reference
    __sigvec_lookup                           - Undefined Weak Reference
    _atexit_init                              - Undefined Weak Reference
    _call_atexit_fns                          - Undefined Weak Reference
    _clock_init                               - Undefined Weak Reference
    _fp_trap_init                             - Undefined Weak Reference
    _fp_trap_shutdown                         - Undefined Weak Reference
    _get_lc_collate                           - Undefined Weak Reference
    _get_lc_ctype                             - Undefined Weak Reference
    _get_lc_monetary                          - Undefined Weak Reference
    _get_lc_time                              - Undefined Weak Reference
    _getenv_init                              - Undefined Weak Reference
    _handle_redirection                       - Undefined Weak Reference
    _init_alloc                               - Undefined Weak Reference
    _init_user_alloc                          - Undefined Weak Reference
    _initio                                   - Undefined Weak Reference
    _printf_truncate_signed                   - Undefined Weak Reference
    _printf_truncate_unsigned                 - Undefined Weak Reference
    _rand_init                                - Undefined Weak Reference
    _signal_finish                            - Undefined Weak Reference
    _signal_init                              - Undefined Weak Reference
    _terminate_alloc                          - Undefined Weak Reference
    _terminate_user_alloc                     - Undefined Weak Reference
    _terminateio                              - Undefined Weak Reference
    __Vectors_Size                           0x00000188   Number         0  startup_stm32f407xx.o ABSOLUTE
    __Vectors                                0x08000000   Data           4  startup_stm32f407xx.o(RESET)
    __Vectors_End                            0x08000188   Data           0  startup_stm32f407xx.o(RESET)
    __main                                   0x08000189   Thumb Code     8  __main.o(!!!main)
    __scatterload                            0x08000191   Thumb Code     0  __scatter.o(!!!scatter)
    __scatterload_rt2                        0x08000191   Thumb Code    44  __scatter.o(!!!scatter)
    __scatterload_rt2_thumb_only             0x08000191   Thumb Code     0  __scatter.o(!!!scatter)
    __scatterload_null                       0x0800019f   Thumb Code     0  __scatter.o(!!!scatter)
    __decompress                             0x080001c5   Thumb Code    90  __dczerorl2.o(!!dczerorl2)
    __decompress1                            0x080001c5   Thumb Code     0  __dczerorl2.o(!!dczerorl2)
    __scatterload_zeroinit                   0x08000221   Thumb Code    28  __scatter_zi.o(!!handler_zi)
    _printf_f                                0x0800023d   Thumb Code     0  _printf_f.o(.ARM.Collect$$_printf_percent$$00000003)
    _printf_percent                          0x0800023d   Thumb Code     0  _printf_percent.o(.ARM.Collect$$_printf_percent$$00000000)
    _printf_d                                0x08000243   Thumb Code     0  _printf_d.o(.ARM.Collect$$_printf_percent$$00000009)
    _printf_percent_end                      0x08000249   Thumb Code     0  _printf_percent_end.o(.ARM.Collect$$_printf_percent$$00000017)
    __rt_lib_init                            0x0800024d   Thumb Code     0  libinit.o(.ARM.Collect$$libinit$$00000000)
    __rt_lib_init_fp_1                       0x0800024f   Thumb Code     0  libinit2.o(.ARM.Collect$$libinit$$00000001)
    __rt_lib_init_heap_1                     0x08000253   Thumb Code     0  libinit2.o(.ARM.Collect$$libinit$$0000000A)
    __rt_lib_init_lc_common                  0x08000253   Thumb Code     0  libinit2.o(.ARM.Collect$$libinit$$0000000F)
    __rt_lib_init_preinit_1                  0x08000253   Thumb Code     0  libinit2.o(.ARM.Collect$$libinit$$00000004)
    __rt_lib_init_rand_1                     0x08000253   Thumb Code     0  libinit2.o(.ARM.Collect$$libinit$$0000000E)
    __rt_lib_init_user_alloc_1               0x08000253   Thumb Code     0  libinit2.o(.ARM.Collect$$libinit$$0000000C)
    __rt_lib_init_lc_collate_1               0x08000259   Thumb Code     0  libinit2.o(.ARM.Collect$$libinit$$00000011)
    __rt_lib_init_lc_ctype_1                 0x08000259   Thumb Code     0  libinit2.o(.ARM.Collect$$libinit$$00000013)
    __rt_lib_init_lc_monetary_1              0x08000259   Thumb Code     0  libinit2.o(.ARM.Collect$$libinit$$00000015)
    __rt_lib_init_lc_numeric_2               0x08000259   Thumb Code     0  libinit2.o(.ARM.Collect$$libinit$$00000016)
    __rt_lib_init_alloca_1                   0x08000263   Thumb Code     0  libinit2.o(.ARM.Collect$$libinit$$0000002E)
    __rt_lib_init_argv_1                     0x08000263   Thumb Code     0  libinit2.o(.ARM.Collect$$libinit$$0000002C)
    __rt_lib_init_atexit_1                   0x08000263   Thumb Code     0  libinit2.o(.ARM.Collect$$libinit$$0000001B)
    __rt_lib_init_clock_1                    0x08000263   Thumb Code     0  libinit2.o(.ARM.Collect$$libinit$$00000021)
    __rt_lib_init_cpp_1                      0x08000263   Thumb Code     0  libinit2.o(.ARM.Collect$$libinit$$00000032)
    __rt_lib_init_exceptions_1               0x08000263   Thumb Code     0  libinit2.o(.ARM.Collect$$libinit$$00000030)
    __rt_lib_init_fp_trap_1                  0x08000263   Thumb Code     0  libinit2.o(.ARM.Collect$$libinit$$0000001F)
    __rt_lib_init_getenv_1                   0x08000263   Thumb Code     0  libinit2.o(.ARM.Collect$$libinit$$00000023)
    __rt_lib_init_lc_numeric_1               0x08000263   Thumb Code     0  libinit2.o(.ARM.Collect$$libinit$$00000017)
    __rt_lib_init_lc_time_1                  0x08000263   Thumb Code     0  libinit2.o(.ARM.Collect$$libinit$$00000019)
    __rt_lib_init_return                     0x08000263   Thumb Code     0  libinit2.o(.ARM.Collect$$libinit$$00000033)
    __rt_lib_init_signal_1                   0x08000263   Thumb Code     0  libinit2.o(.ARM.Collect$$libinit$$0000001D)
    __rt_lib_init_stdio_1                    0x08000263   Thumb Code     0  libinit2.o(.ARM.Collect$$libinit$$00000025)
    __rt_lib_shutdown                        0x08000265   Thumb Code     0  libshutdown.o(.ARM.Collect$$libshutdown$$00000000)
    __rt_lib_shutdown_cpp_1                  0x08000267   Thumb Code     0  libshutdown2.o(.ARM.Collect$$libshutdown$$00000002)
    __rt_lib_shutdown_fp_trap_1              0x08000267   Thumb Code     0  libshutdown2.o(.ARM.Collect$$libshutdown$$00000007)
    __rt_lib_shutdown_heap_1                 0x08000267   Thumb Code     0  libshutdown2.o(.ARM.Collect$$libshutdown$$0000000F)
    __rt_lib_shutdown_return                 0x08000267   Thumb Code     0  libshutdown2.o(.ARM.Collect$$libshutdown$$00000010)
    __rt_lib_shutdown_signal_1               0x08000267   Thumb Code     0  libshutdown2.o(.ARM.Collect$$libshutdown$$0000000A)
    __rt_lib_shutdown_stdio_1                0x08000267   Thumb Code     0  libshutdown2.o(.ARM.Collect$$libshutdown$$00000004)
    __rt_lib_shutdown_user_alloc_1           0x08000267   Thumb Code     0  libshutdown2.o(.ARM.Collect$$libshutdown$$0000000C)
    __rt_entry                               0x08000269   Thumb Code     0  __rtentry.o(.ARM.Collect$$rtentry$$00000000)
    __rt_entry_presh_1                       0x08000269   Thumb Code     0  __rtentry2.o(.ARM.Collect$$rtentry$$00000002)
    __rt_entry_sh                            0x08000269   Thumb Code     0  __rtentry4.o(.ARM.Collect$$rtentry$$00000004)
    __rt_entry_li                            0x0800026f   Thumb Code     0  __rtentry2.o(.ARM.Collect$$rtentry$$0000000A)
    __rt_entry_postsh_1                      0x0800026f   Thumb Code     0  __rtentry2.o(.ARM.Collect$$rtentry$$00000009)
    __rt_entry_main                          0x08000273   Thumb Code     0  __rtentry2.o(.ARM.Collect$$rtentry$$0000000D)
    __rt_entry_postli_1                      0x08000273   Thumb Code     0  __rtentry2.o(.ARM.Collect$$rtentry$$0000000C)
    __rt_exit                                0x0800027b   Thumb Code     0  rtexit.o(.ARM.Collect$$rtexit$$00000000)
    __rt_exit_ls                             0x0800027d   Thumb Code     0  rtexit2.o(.ARM.Collect$$rtexit$$00000003)
    __rt_exit_prels_1                        0x0800027d   Thumb Code     0  rtexit2.o(.ARM.Collect$$rtexit$$00000002)
    __rt_exit_exit                           0x08000281   Thumb Code     0  rtexit2.o(.ARM.Collect$$rtexit$$00000004)
    Reset_Handler                            0x08000289   Thumb Code     8  startup_stm32f407xx.o(.text)
    ADC_IRQHandler                           0x080002a3   Thumb Code     0  startup_stm32f407xx.o(.text)
    CAN1_RX0_IRQHandler                      0x080002a3   Thumb Code     0  startup_stm32f407xx.o(.text)
    CAN1_RX1_IRQHandler                      0x080002a3   Thumb Code     0  startup_stm32f407xx.o(.text)
    CAN1_SCE_IRQHandler                      0x080002a3   Thumb Code     0  startup_stm32f407xx.o(.text)
    CAN1_TX_IRQHandler                       0x080002a3   Thumb Code     0  startup_stm32f407xx.o(.text)
    CAN2_RX0_IRQHandler                      0x080002a3   Thumb Code     0  startup_stm32f407xx.o(.text)
    CAN2_RX1_IRQHandler                      0x080002a3   Thumb Code     0  startup_stm32f407xx.o(.text)
    CAN2_SCE_IRQHandler                      0x080002a3   Thumb Code     0  startup_stm32f407xx.o(.text)
    CAN2_TX_IRQHandler                       0x080002a3   Thumb Code     0  startup_stm32f407xx.o(.text)
    DCMI_IRQHandler                          0x080002a3   Thumb Code     0  startup_stm32f407xx.o(.text)
    DMA1_Stream0_IRQHandler                  0x080002a3   Thumb Code     0  startup_stm32f407xx.o(.text)
    DMA1_Stream1_IRQHandler                  0x080002a3   Thumb Code     0  startup_stm32f407xx.o(.text)
    DMA1_Stream2_IRQHandler                  0x080002a3   Thumb Code     0  startup_stm32f407xx.o(.text)
    DMA1_Stream3_IRQHandler                  0x080002a3   Thumb Code     0  startup_stm32f407xx.o(.text)
    DMA1_Stream4_IRQHandler                  0x080002a3   Thumb Code     0  startup_stm32f407xx.o(.text)
    DMA1_Stream5_IRQHandler                  0x080002a3   Thumb Code     0  startup_stm32f407xx.o(.text)
    DMA1_Stream6_IRQHandler                  0x080002a3   Thumb Code     0  startup_stm32f407xx.o(.text)
    DMA1_Stream7_IRQHandler                  0x080002a3   Thumb Code     0  startup_stm32f407xx.o(.text)
    DMA2_Stream0_IRQHandler                  0x080002a3   Thumb Code     0  startup_stm32f407xx.o(.text)
    DMA2_Stream1_IRQHandler                  0x080002a3   Thumb Code     0  startup_stm32f407xx.o(.text)
    DMA2_Stream2_IRQHandler                  0x080002a3   Thumb Code     0  startup_stm32f407xx.o(.text)
    DMA2_Stream3_IRQHandler                  0x080002a3   Thumb Code     0  startup_stm32f407xx.o(.text)
    DMA2_Stream4_IRQHandler                  0x080002a3   Thumb Code     0  startup_stm32f407xx.o(.text)
    DMA2_Stream5_IRQHandler                  0x080002a3   Thumb Code     0  startup_stm32f407xx.o(.text)
    DMA2_Stream6_IRQHandler                  0x080002a3   Thumb Code     0  startup_stm32f407xx.o(.text)
    DMA2_Stream7_IRQHandler                  0x080002a3   Thumb Code     0  startup_stm32f407xx.o(.text)
    ETH_IRQHandler                           0x080002a3   Thumb Code     0  startup_stm32f407xx.o(.text)
    ETH_WKUP_IRQHandler                      0x080002a3   Thumb Code     0  startup_stm32f407xx.o(.text)
    EXTI0_IRQHandler                         0x080002a3   Thumb Code     0  startup_stm32f407xx.o(.text)
    EXTI15_10_IRQHandler                     0x080002a3   Thumb Code     0  startup_stm32f407xx.o(.text)
    EXTI1_IRQHandler                         0x080002a3   Thumb Code     0  startup_stm32f407xx.o(.text)
    EXTI2_IRQHandler                         0x080002a3   Thumb Code     0  startup_stm32f407xx.o(.text)
    EXTI3_IRQHandler                         0x080002a3   Thumb Code     0  startup_stm32f407xx.o(.text)
    EXTI4_IRQHandler                         0x080002a3   Thumb Code     0  startup_stm32f407xx.o(.text)
    EXTI9_5_IRQHandler                       0x080002a3   Thumb Code     0  startup_stm32f407xx.o(.text)
    FLASH_IRQHandler                         0x080002a3   Thumb Code     0  startup_stm32f407xx.o(.text)
    FMC_IRQHandler                           0x080002a3   Thumb Code     0  startup_stm32f407xx.o(.text)
    FPU_IRQHandler                           0x080002a3   Thumb Code     0  startup_stm32f407xx.o(.text)
    HASH_RNG_IRQHandler                      0x080002a3   Thumb Code     0  startup_stm32f407xx.o(.text)
    I2C1_ER_IRQHandler                       0x080002a3   Thumb Code     0  startup_stm32f407xx.o(.text)
    I2C1_EV_IRQHandler                       0x080002a3   Thumb Code     0  startup_stm32f407xx.o(.text)
    I2C2_ER_IRQHandler                       0x080002a3   Thumb Code     0  startup_stm32f407xx.o(.text)
    I2C2_EV_IRQHandler                       0x080002a3   Thumb Code     0  startup_stm32f407xx.o(.text)
    I2C3_ER_IRQHandler                       0x080002a3   Thumb Code     0  startup_stm32f407xx.o(.text)
    I2C3_EV_IRQHandler                       0x080002a3   Thumb Code     0  startup_stm32f407xx.o(.text)
    OTG_FS_IRQHandler                        0x080002a3   Thumb Code     0  startup_stm32f407xx.o(.text)
    OTG_FS_WKUP_IRQHandler                   0x080002a3   Thumb Code     0  startup_stm32f407xx.o(.text)
    OTG_HS_EP1_IN_IRQHandler                 0x080002a3   Thumb Code     0  startup_stm32f407xx.o(.text)
    OTG_HS_EP1_OUT_IRQHandler                0x080002a3   Thumb Code     0  startup_stm32f407xx.o(.text)
    OTG_HS_IRQHandler                        0x080002a3   Thumb Code     0  startup_stm32f407xx.o(.text)
    OTG_HS_WKUP_IRQHandler                   0x080002a3   Thumb Code     0  startup_stm32f407xx.o(.text)
    PVD_IRQHandler                           0x080002a3   Thumb Code     0  startup_stm32f407xx.o(.text)
    RCC_IRQHandler                           0x080002a3   Thumb Code     0  startup_stm32f407xx.o(.text)
    RTC_Alarm_IRQHandler                     0x080002a3   Thumb Code     0  startup_stm32f407xx.o(.text)
    RTC_WKUP_IRQHandler                      0x080002a3   Thumb Code     0  startup_stm32f407xx.o(.text)
    SDIO_IRQHandler                          0x080002a3   Thumb Code     0  startup_stm32f407xx.o(.text)
    SPI1_IRQHandler                          0x080002a3   Thumb Code     0  startup_stm32f407xx.o(.text)
    SPI2_IRQHandler                          0x080002a3   Thumb Code     0  startup_stm32f407xx.o(.text)
    SPI3_IRQHandler                          0x080002a3   Thumb Code     0  startup_stm32f407xx.o(.text)
    TAMP_STAMP_IRQHandler                    0x080002a3   Thumb Code     0  startup_stm32f407xx.o(.text)
    TIM1_BRK_TIM9_IRQHandler                 0x080002a3   Thumb Code     0  startup_stm32f407xx.o(.text)
    TIM1_CC_IRQHandler                       0x080002a3   Thumb Code     0  startup_stm32f407xx.o(.text)
    TIM1_TRG_COM_TIM11_IRQHandler            0x080002a3   Thumb Code     0  startup_stm32f407xx.o(.text)
    TIM1_UP_TIM10_IRQHandler                 0x080002a3   Thumb Code     0  startup_stm32f407xx.o(.text)
    TIM4_IRQHandler                          0x080002a3   Thumb Code     0  startup_stm32f407xx.o(.text)
    TIM7_IRQHandler                          0x080002a3   Thumb Code     0  startup_stm32f407xx.o(.text)
    TIM8_BRK_TIM12_IRQHandler                0x080002a3   Thumb Code     0  startup_stm32f407xx.o(.text)
    TIM8_CC_IRQHandler                       0x080002a3   Thumb Code     0  startup_stm32f407xx.o(.text)
    TIM8_TRG_COM_TIM14_IRQHandler            0x080002a3   Thumb Code     0  startup_stm32f407xx.o(.text)
    TIM8_UP_TIM13_IRQHandler                 0x080002a3   Thumb Code     0  startup_stm32f407xx.o(.text)
    UART4_IRQHandler                         0x080002a3   Thumb Code     0  startup_stm32f407xx.o(.text)
    UART5_IRQHandler                         0x080002a3   Thumb Code     0  startup_stm32f407xx.o(.text)
    USART1_IRQHandler                        0x080002a3   Thumb Code     0  startup_stm32f407xx.o(.text)
    USART2_IRQHandler                        0x080002a3   Thumb Code     0  startup_stm32f407xx.o(.text)
    USART3_IRQHandler                        0x080002a3   Thumb Code     0  startup_stm32f407xx.o(.text)
    USART6_IRQHandler                        0x080002a3   Thumb Code     0  startup_stm32f407xx.o(.text)
    WWDG_IRQHandler                          0x080002a3   Thumb Code     0  startup_stm32f407xx.o(.text)
    __user_initial_stackheap                 0x080002a5   Thumb Code     0  startup_stm32f407xx.o(.text)
    __aeabi_uldivmod                         0x080002c9   Thumb Code     0  lludivv7m.o(.text)
    _ll_udiv                                 0x080002c9   Thumb Code   238  lludivv7m.o(.text)
    __2sprintf                               0x080003b9   Thumb Code    34  noretval__2sprintf.o(.text)
    _printf_pre_padding                      0x080003e1   Thumb Code    44  _printf_pad.o(.text)
    _printf_post_padding                     0x0800040d   Thumb Code    34  _printf_pad.o(.text)
    _printf_int_dec                          0x08000431   Thumb Code   104  _printf_dec.o(.text)
    __printf                                 0x080004a9   Thumb Code   270  __printf_wp.o(.text)
    __aeabi_memclr4                          0x080005b7   Thumb Code     0  rt_memclr_w.o(.text)
    __aeabi_memclr8                          0x080005b7   Thumb Code     0  rt_memclr_w.o(.text)
    __rt_memclr_w                            0x080005b7   Thumb Code    78  rt_memclr_w.o(.text)
    _memset_w                                0x080005bb   Thumb Code     0  rt_memclr_w.o(.text)
    __use_two_region_memory                  0x08000605   Thumb Code     2  heapauxi.o(.text)
    __rt_heap_escrow$2region                 0x08000607   Thumb Code     2  heapauxi.o(.text)
    __rt_heap_expand$2region                 0x08000609   Thumb Code     2  heapauxi.o(.text)
    _printf_int_common                       0x0800060b   Thumb Code   178  _printf_intcommon.o(.text)
    __lib_sel_fp_printf                      0x080006bd   Thumb Code     2  _printf_fp_dec.o(.text)
    _printf_fp_dec_real                      0x0800086f   Thumb Code   620  _printf_fp_dec.o(.text)
    _printf_char_common                      0x08000ae7   Thumb Code    32  _printf_char_common.o(.text)
    _sputc                                   0x08000b0d   Thumb Code    10  _sputc.o(.text)
    __rt_locale                              0x08000b19   Thumb Code     8  rt_locale_intlibspace.o(.text)
    _ll_udiv10                               0x08000b21   Thumb Code   138  lludiv10.o(.text)
    _printf_fp_infnan                        0x08000bad   Thumb Code   112  _printf_fp_infnan.o(.text)
    _btod_etento                             0x08000c2d   Thumb Code   224  bigflt0.o(.text)
    __user_libspace                          0x08000d11   Thumb Code     8  libspace.o(.text)
    __user_perproc_libspace                  0x08000d11   Thumb Code     0  libspace.o(.text)
    __user_perthread_libspace                0x08000d11   Thumb Code     0  libspace.o(.text)
    __user_setup_stackheap                   0x08000d19   Thumb Code    74  sys_stackheap_outer.o(.text)
    exit                                     0x08000d63   Thumb Code    18  exit.o(.text)
    strcmp                                   0x08000d75   Thumb Code   128  strcmpv7m.o(.text)
    _sys_exit                                0x08000df5   Thumb Code     8  sys_exit.o(.text)
    __I$use$semihosting                      0x08000e01   Thumb Code     0  use_no_semi.o(.text)
    __use_no_semihosting_swi                 0x08000e01   Thumb Code     2  use_no_semi.o(.text)
    __semihosting_library_function           0x08000e03   Thumb Code     0  indicate_semi.o(.text)
    _btod_d2e                                0x08000e03   Thumb Code    62  btod.o(CL$$btod_d2e)
    _d2e_denorm_low                          0x08000e41   Thumb Code    70  btod.o(CL$$btod_d2e_denorm_low)
    _d2e_norm_op1                            0x08000e87   Thumb Code    96  btod.o(CL$$btod_d2e_norm_op1)
    __btod_div_common                        0x08000ee7   Thumb Code   696  btod.o(CL$$btod_div_common)
    _e2e                                     0x0800121f   Thumb Code   220  btod.o(CL$$btod_e2e)
    _btod_ediv                               0x080012fb   Thumb Code    42  btod.o(CL$$btod_ediv)
    _btod_emul                               0x08001325   Thumb Code    42  btod.o(CL$$btod_emul)
    __btod_mult_common                       0x0800134f   Thumb Code   580  btod.o(CL$$btod_mult_common)
    BusFault_Handler                         0x08001593   Thumb Code     4  stm32f4xx_it.o(i.BusFault_Handler)
    DebugMon_Handler                         0x08001597   Thumb Code     2  stm32f4xx_it.o(i.DebugMon_Handler)
    Delay                                    0x08001599   Thumb Code    22  oled.o(i.Delay)
    Error_Handler                            0x080015af   Thumb Code     6  main.o(i.Error_Handler)
    HAL_Delay                                0x080015b5   Thumb Code    36  stm32f4xx_hal.o(i.HAL_Delay)
    HAL_GPIO_Init                            0x080015dd   Thumb Code   454  stm32f4xx_hal_gpio.o(i.HAL_GPIO_Init)
    HAL_GPIO_ReadPin                         0x080017d1   Thumb Code    16  stm32f4xx_hal_gpio.o(i.HAL_GPIO_ReadPin)
    HAL_GPIO_WritePin                        0x080017e1   Thumb Code    12  stm32f4xx_hal_gpio.o(i.HAL_GPIO_WritePin)
    HAL_GetTick                              0x080017ed   Thumb Code     6  stm32f4xx_hal.o(i.HAL_GetTick)
    HAL_IncTick                              0x080017f9   Thumb Code    16  stm32f4xx_hal.o(i.HAL_IncTick)
    HAL_Init                                 0x08001811   Thumb Code    54  stm32f4xx_hal.o(i.HAL_Init)
    HAL_InitTick                             0x0800184d   Thumb Code    64  stm32f4xx_hal.o(i.HAL_InitTick)
    HAL_MspInit                              0x08001899   Thumb Code    68  stm32f4xx_hal_msp.o(i.HAL_MspInit)
    HAL_NVIC_EnableIRQ                       0x080018e1   Thumb Code    32  stm32f4xx_hal_cortex.o(i.HAL_NVIC_EnableIRQ)
    HAL_NVIC_SetPriority                     0x08001901   Thumb Code   124  stm32f4xx_hal_cortex.o(i.HAL_NVIC_SetPriority)
    HAL_NVIC_SetPriorityGrouping             0x0800197d   Thumb Code    32  stm32f4xx_hal_cortex.o(i.HAL_NVIC_SetPriorityGrouping)
    HAL_RCC_ClockConfig                      0x080019a5   Thumb Code   368  stm32f4xx_hal_rcc.o(i.HAL_RCC_ClockConfig)
    HAL_RCC_GetSysClockFreq                  0x08001b29   Thumb Code   162  stm32f4xx_hal_rcc.o(i.HAL_RCC_GetSysClockFreq)
    HAL_RCC_OscConfig                        0x08001bd9   Thumb Code  1172  stm32f4xx_hal_rcc.o(i.HAL_RCC_OscConfig)
    HAL_SYSTICK_Config                       0x08002075   Thumb Code    52  stm32f4xx_hal_cortex.o(i.HAL_SYSTICK_Config)
    HAL_TIMEx_BreakCallback                  0x080020a9   Thumb Code     2  stm32f4xx_hal_tim_ex.o(i.HAL_TIMEx_BreakCallback)
    HAL_TIMEx_CommutCallback                 0x080020ab   Thumb Code     2  stm32f4xx_hal_tim_ex.o(i.HAL_TIMEx_CommutCallback)
    HAL_TIMEx_ConfigBreakDeadTime            0x080020ad   Thumb Code   116  stm32f4xx_hal_tim_ex.o(i.HAL_TIMEx_ConfigBreakDeadTime)
    HAL_TIMEx_MasterConfigSynchronization    0x08002121   Thumb Code   150  stm32f4xx_hal_tim_ex.o(i.HAL_TIMEx_MasterConfigSynchronization)
    HAL_TIM_Base_Init                        0x080021d5   Thumb Code   102  stm32f4xx_hal_tim.o(i.HAL_TIM_Base_Init)
    HAL_TIM_Base_MspInit                     0x0800223d   Thumb Code   334  tim.o(i.HAL_TIM_Base_MspInit)
    HAL_TIM_Base_Start_IT                    0x080023a5   Thumb Code   138  stm32f4xx_hal_tim.o(i.HAL_TIM_Base_Start_IT)
    HAL_TIM_ConfigClockSource                0x0800244d   Thumb Code   268  stm32f4xx_hal_tim.o(i.HAL_TIM_ConfigClockSource)
    HAL_TIM_IC_CaptureCallback               0x08002559   Thumb Code     2  main.o(i.HAL_TIM_IC_CaptureCallback)
    HAL_TIM_IRQHandler                       0x0800255b   Thumb Code   406  stm32f4xx_hal_tim.o(i.HAL_TIM_IRQHandler)
    HAL_TIM_MspPostInit                      0x080026f1   Thumb Code   152  tim.o(i.HAL_TIM_MspPostInit)
    HAL_TIM_OC_DelayElapsedCallback          0x0800279d   Thumb Code     2  stm32f4xx_hal_tim.o(i.HAL_TIM_OC_DelayElapsedCallback)
    HAL_TIM_PWM_ConfigChannel                0x0800279f   Thumb Code   260  stm32f4xx_hal_tim.o(i.HAL_TIM_PWM_ConfigChannel)
    HAL_TIM_PWM_Init                         0x080028a3   Thumb Code   102  stm32f4xx_hal_tim.o(i.HAL_TIM_PWM_Init)
    HAL_TIM_PWM_MspInit                      0x08002909   Thumb Code     2  stm32f4xx_hal_tim.o(i.HAL_TIM_PWM_MspInit)
    HAL_TIM_PWM_PulseFinishedCallback        0x0800290b   Thumb Code     2  stm32f4xx_hal_tim.o(i.HAL_TIM_PWM_PulseFinishedCallback)
    HAL_TIM_PWM_Start                        0x0800290d   Thumb Code   238  stm32f4xx_hal_tim.o(i.HAL_TIM_PWM_Start)
    HAL_TIM_PeriodElapsedCallback            0x08002a19   Thumb Code    16  main.o(i.HAL_TIM_PeriodElapsedCallback)
    HAL_TIM_SlaveConfigSynchro               0x08002a2d   Thumb Code   108  stm32f4xx_hal_tim.o(i.HAL_TIM_SlaveConfigSynchro)
    HAL_TIM_TriggerCallback                  0x08002a99   Thumb Code     2  stm32f4xx_hal_tim.o(i.HAL_TIM_TriggerCallback)
    HardFault_Handler                        0x08002a9b   Thumb Code     4  stm32f4xx_it.o(i.HardFault_Handler)
    IIC_Start                                0x08002aa1   Thumb Code    56  oled.o(i.IIC_Start)
    IIC_Stop                                 0x08002add   Thumb Code    46  oled.o(i.IIC_Stop)
    Initial_LY096BG30                        0x08002b11   Thumb Code   172  oled.o(i.Initial_LY096BG30)
    MX_GPIO_Init                             0x08002bbd   Thumb Code   430  gpio.o(i.MX_GPIO_Init)
    MX_TIM1_Init                             0x08002d89   Thumb Code   224  tim.o(i.MX_TIM1_Init)
    MX_TIM2_Init                             0x08002e71   Thumb Code   136  tim.o(i.MX_TIM2_Init)
    MX_TIM3_Init                             0x08002efd   Thumb Code   100  tim.o(i.MX_TIM3_Init)
    MX_TIM5_Init                             0x08002f69   Thumb Code   102  tim.o(i.MX_TIM5_Init)
    MX_TIM6_Init                             0x08002fd9   Thumb Code    66  tim.o(i.MX_TIM6_Init)
    MX_TIM8_Init                             0x08003025   Thumb Code   230  tim.o(i.MX_TIM8_Init)
    MemManage_Handler                        0x08003115   Thumb Code     4  stm32f4xx_it.o(i.MemManage_Handler)
    NMI_Handler                              0x08003119   Thumb Code     4  stm32f4xx_it.o(i.NMI_Handler)
    OLED_Clear                               0x0800311d   Thumb Code    56  oled.o(i.OLED_Clear)
    OLED_Set_Pos                             0x08003155   Thumb Code    40  oled.o(i.OLED_Set_Pos)
    OLED_ShowChar                            0x0800317d   Thumb Code    76  oled.o(i.OLED_ShowChar)
    OLED_ShowString                          0x080031cd   Thumb Code    52  oled.o(i.OLED_ShowString)
    PendSV_Handler                           0x08003201   Thumb Code     2  stm32f4xx_it.o(i.PendSV_Handler)
    SVC_Handler                              0x08003203   Thumb Code     2  stm32f4xx_it.o(i.SVC_Handler)
    SysTick_Handler                          0x08003205   Thumb Code     8  stm32f4xx_it.o(i.SysTick_Handler)
    SystemClock_Config                       0x0800320d   Thumb Code   170  main.o(i.SystemClock_Config)
    SystemInit                               0x080032c1   Thumb Code    14  system_stm32f4xx.o(i.SystemInit)
    TIM2_IRQHandler                          0x080032d5   Thumb Code    10  stm32f4xx_it.o(i.TIM2_IRQHandler)
    TIM3_IRQHandler                          0x080032e5   Thumb Code    10  stm32f4xx_it.o(i.TIM3_IRQHandler)
    TIM5_IRQHandler                          0x080032f5   Thumb Code    10  stm32f4xx_it.o(i.TIM5_IRQHandler)
    TIM6_DAC_IRQHandler                      0x08003305   Thumb Code    10  stm32f4xx_it.o(i.TIM6_DAC_IRQHandler)
    TIM_Base_SetConfig                       0x08003315   Thumb Code   170  stm32f4xx_hal_tim.o(i.TIM_Base_SetConfig)
    TIM_CCxChannelCmd                        0x080033ed   Thumb Code    34  stm32f4xx_hal_tim.o(i.TIM_CCxChannelCmd)
    TIM_ETR_SetConfig                        0x0800340f   Thumb Code    22  stm32f4xx_hal_tim.o(i.TIM_ETR_SetConfig)
    TIM_OC2_SetConfig                        0x080034a9   Thumb Code   114  stm32f4xx_hal_tim.o(i.TIM_OC2_SetConfig)
    UsageFault_Handler                       0x080036f1   Thumb Code     4  stm32f4xx_it.o(i.UsageFault_Handler)
    Write_IIC_Byte                           0x080036f5   Thumb Code   122  oled.o(i.Write_IIC_Byte)
    Write_IIC_Command                        0x08003775   Thumb Code    32  oled.o(i.Write_IIC_Command)
    Write_IIC_Data                           0x08003795   Thumb Code    32  oled.o(i.Write_IIC_Data)
    __ARM_fpclassify                         0x080037b5   Thumb Code    48  fpclassify.o(i.__ARM_fpclassify)
    _is_digit                                0x0800381d   Thumb Code    14  __printf_wp.o(i._is_digit)
    buttonUpdate                             0x08003911   Thumb Code   234  button.o(i.buttonUpdate)
    ctlFixedUpd                              0x08003a29   Thumb Code   336  control.o(i.ctlFixedUpd)
    ctlInit                                  0x08003ba1   Thumb Code   200  control.o(i.ctlInit)
    guiTask                                  0x08003c9d   Thumb Code   628  gui.o(i.guiTask)
    isFreqDcc                                0x08003fb9   Thumb Code    58  pulin_sig.o(i.isFreqDcc)
    isFreqStart                              0x08003ffd   Thumb Code    20  pulin_sig.o(i.isFreqStart)
    leftRightLimit                           0x08004145   Thumb Code    90  control.o(i.leftRightLimit)
    main                                     0x080041b1   Thumb Code   132  main.o(i.main)
    motionParamUpd                           0x0800428d   Thumb Code   444  motion_param.o(i.motionParamUpd)
    setFreq                                  0x080044f5   Thumb Code    36  pwm.o(i.setFreq)
    velProfileCtl                            0x0800451d   Thumb Code   152  trap_vel_profile.o(i.velProfileCtl)
    xAxisAutoFlgInput                        0x080045b5   Thumb Code   390  control.o(i.xAxisAutoFlgInput)
    xAxisManuFlgInput                        0x0800474d   Thumb Code   148  control.o(i.xAxisManuFlgInput)
    yAxisAutoFlgInput                        0x080047f1   Thumb Code   222  control.o(i.yAxisAutoFlgInput)
    _get_lc_numeric                          0x080048e5   Thumb Code    44  lc_numeric_c.o(locale$$code)
    __aeabi_d2uiz                            0x08004911   Thumb Code     0  dfixu.o(x$fpl$dfixu)
    _dfixu                                   0x08004911   Thumb Code    90  dfixu.o(x$fpl$dfixu)
    __aeabi_ui2d                             0x0800496b   Thumb Code     0  dflt_clz.o(x$fpl$dfltu)
    _dfltu                                   0x0800496b   Thumb Code    38  dflt_clz.o(x$fpl$dfltu)
    __aeabi_dmul                             0x08004991   Thumb Code     0  dmul.o(x$fpl$dmul)
    _dmul                                    0x08004991   Thumb Code   332  dmul.o(x$fpl$dmul)
    __fpl_dnaninf                            0x08004ae5   Thumb Code   156  dnaninf.o(x$fpl$dnaninf)
    __fpl_dretinf                            0x08004b81   Thumb Code    12  dretinf.o(x$fpl$dretinf)
    __aeabi_f2d                              0x08004b8d   Thumb Code     0  f2d.o(x$fpl$f2d)
    _f2d                                     0x08004b8d   Thumb Code    86  f2d.o(x$fpl$f2d)
    __fpl_fnaninf                            0x08004be3   Thumb Code   140  fnaninf.o(x$fpl$fnaninf)
    _fp_init                                 0x08004c6f   Thumb Code    10  fpinit.o(x$fpl$fpinit)
    __fplib_config_fpu_vfp                   0x08004c77   Thumb Code     0  fpinit.o(x$fpl$fpinit)
    __fplib_config_pureend_doubles           0x08004c77   Thumb Code     0  fpinit.o(x$fpl$fpinit)
    _printf_fp_dec                           0x08004c79   Thumb Code     4  printf1.o(x$fpl$printf1)
    AHBPrescTable                            0x08004c7c   Data          16  system_stm32f4xx.o(.constdata)
    __I$use$fp                               0x08004c7c   Number         0  usenofp.o(x$fpl$usenofp)
    APBPrescTable                            0x08004c8c   Data           8  system_stm32f4xx.o(.constdata)
    Region$$Table$$Base                      0x08004d28   Number         0  anon$$obj.o(Region$$Table)
    Region$$Table$$Limit                     0x08004d48   Number         0  anon$$obj.o(Region$$Table)
    F6x8                                     0x20000000   Data         552  oled.o(.data)
    F8X16                                    0x20000228   Data        1520  oled.o(.data)
    guiState                                 0x20000818   Data           1  gui.o(.data)
    pos                                      0x2000081a   Data           4  gui.o(.data)
    varType                                  0x2000081e   Data           1  gui.o(.data)
    singNumType                              0x2000081f   Data           1  gui.o(.data)
    xAccStartFlg                             0x20000820   Data           1  control.o(.data)
    xDccStartFlg                             0x20000821   Data           1  control.o(.data)
    xIdleFlg                                 0x20000822   Data           1  control.o(.data)
    yAccStartFlg                             0x20000823   Data           1  control.o(.data)
    yDccStartFlg                             0x20000824   Data           1  control.o(.data)
    yIdleFlg                                 0x20000825   Data           1  control.o(.data)
    stopJudgeState                           0x20000826   Data           1  control.o(.data)
    state                                    0x20000827   Data           1  control.o(.data)
    mode                                     0x20000828   Data           1  control.o(.data)
    xDir                                     0x20000829   Data           1  control.o(.data)
    yDir                                     0x2000082a   Data           1  control.o(.data)
    xiFenNum                                 0x2000082c   Data           2  motion_param.o(.data)
    freq                                     0x20000830   Data           4  motion_param.o(.data)
    pulNum                                   0x20000834   Data           4  motion_param.o(.data)
    maxFreq                                  0x20000838   Data           4  motion_param.o(.data)
    accFreq                                  0x2000083c   Data           4  motion_param.o(.data)
    freqStep                                 0x20000840   Data           1  motion_param.o(.data)
    motMaxSpd                                0x20000844   Data           4  motion_param.o(.data)
    motAngleRad                              0x20000848   Data           4  motion_param.o(.data)
    motAcc                                   0x2000084c   Data           4  motion_param.o(.data)
    reduceRatio                              0x20000850   Data           4  motion_param.o(.data)
    whellR                                   0x20000854   Data           4  motion_param.o(.data)
    jerk                                     0x20000858   Data           4  motion_param.o(.data)
    acc                                      0x2000085c   Data           4  motion_param.o(.data)
    speed                                    0x20000860   Data           4  motion_param.o(.data)
    distance                                 0x20000864   Data           4  motion_param.o(.data)
    realDistance                             0x20000868   Data           4  motion_param.o(.data)
    k                                        0x2000086c   Data           4  motion_param.o(.data)
    equalVal                                 0x20000870   Data           4  motion_param.o(.data)
    uwIC2Value1                              0x20000874   Data           4  pulin_sig.o(.data)
    uwIC2Value2                              0x20000878   Data           4  pulin_sig.o(.data)
    uwDiffCapture                            0x2000087c   Data           4  pulin_sig.o(.data)
    uhCaptureIndex                           0x20000880   Data           2  pulin_sig.o(.data)
    uwFreqSingle                             0x20000884   Data           4  pulin_sig.o(.data)
    uwFrequency                              0x20000888   Data           4  pulin_sig.o(.data)
    maxPulInFreq                             0x2000088c   Data           4  pulin_sig.o(.data)
    maxDeltaFreq                             0x20000890   Data           4  pulin_sig.o(.data)
    deltaFreq                                0x20000894   Data           4  pulin_sig.o(.data)
    dccFreqTh                                0x20000898   Data           4  pulin_sig.o(.data)
    startJudgeCnt                            0x2000089c   Data           4  pulin_sig.o(.data)
    dccJudgeCnt                              0x200008a0   Data           4  pulin_sig.o(.data)
    prevFreq                                 0x200008a4   Data           4  pulin_sig.o(.data)
    freqUpdated                              0x200008a8   Data           1  pulin_sig.o(.data)
    uwTick                                   0x200008b0   Data           4  stm32f4xx_hal.o(.data)
    uwTickPrio                               0x200008b4   Data           4  stm32f4xx_hal.o(.data)
    uwTickFreq                               0x200008b8   Data           1  stm32f4xx_hal.o(.data)
    SystemCoreClock                          0x200008bc   Data           4  system_stm32f4xx.o(.data)
    button                                   0x200008c0   Data          10  button.o(.bss)
    xAxis                                    0x20000980   Data          48  control.o(.bss)
    yAxis                                    0x200009b0   Data          48  control.o(.bss)
    htim1                                    0x200009e0   Data          72  tim.o(.bss)
    htim2                                    0x20000a28   Data          72  tim.o(.bss)
    htim3                                    0x20000a70   Data          72  tim.o(.bss)
    htim5                                    0x20000ab8   Data          72  tim.o(.bss)
    htim6                                    0x20000b00   Data          72  tim.o(.bss)
    htim8                                    0x20000b48   Data          72  tim.o(.bss)
    __libspace_start                         0x20000b90   Data          96  libspace.o(.bss)
    __temporary_stack_top$libspace           0x20000bf0   Data           0  libspace.o(.bss)



==============================================================================

Memory Map of the image

  Image Entry point : 0x08000189

  Load Region LR_IROM1 (Base: 0x08000000, Size: 0x00005624, Max: 0x00100000, ABSOLUTE, COMPRESSED[0x000052c4])

    Execution Region ER_IROM1 (Exec base: 0x08000000, Load base: 0x08000000, Size: 0x00004d64, Max: 0x00100000, ABSOLUTE)

    Exec Addr    Load Addr    Size         Type   Attr      Idx    E Section Name        Object

    0x08000000   0x08000000   0x00000188   Data   RO            3    RESET               startup_stm32f407xx.o
    0x08000188   0x08000188   0x00000008   Code   RO         3043  * !!!main             c_w.l(__main.o)
    0x08000190   0x08000190   0x00000034   Code   RO         3289    !!!scatter          c_w.l(__scatter.o)
    0x080001c4   0x080001c4   0x0000005a   Code   RO         3287    !!dczerorl2         c_w.l(__dczerorl2.o)
    0x0800021e   0x0800021e   0x00000002   PAD
    0x08000220   0x08000220   0x0000001c   Code   RO         3291    !!handler_zi        c_w.l(__scatter_zi.o)
    0x0800023c   0x0800023c   0x00000000   Code   RO         3038    .ARM.Collect$$_printf_percent$$00000000  c_w.l(_printf_percent.o)
    0x0800023c   0x0800023c   0x00000006   Code   RO         3037    .ARM.Collect$$_printf_percent$$00000003  c_w.l(_printf_f.o)
    0x08000242   0x08000242   0x00000006   Code   RO         3036    .ARM.Collect$$_printf_percent$$00000009  c_w.l(_printf_d.o)
    0x08000248   0x08000248   0x00000004   Code   RO         3074    .ARM.Collect$$_printf_percent$$00000017  c_w.l(_printf_percent_end.o)
    0x0800024c   0x0800024c   0x00000002   Code   RO         3160    .ARM.Collect$$libinit$$00000000  c_w.l(libinit.o)
    0x0800024e   0x0800024e   0x00000004   Code   RO         3161    .ARM.Collect$$libinit$$00000001  c_w.l(libinit2.o)
    0x08000252   0x08000252   0x00000000   Code   RO         3164    .ARM.Collect$$libinit$$00000004  c_w.l(libinit2.o)
    0x08000252   0x08000252   0x00000000   Code   RO         3167    .ARM.Collect$$libinit$$0000000A  c_w.l(libinit2.o)
    0x08000252   0x08000252   0x00000000   Code   RO         3169    .ARM.Collect$$libinit$$0000000C  c_w.l(libinit2.o)
    0x08000252   0x08000252   0x00000000   Code   RO         3171    .ARM.Collect$$libinit$$0000000E  c_w.l(libinit2.o)
    0x08000252   0x08000252   0x00000006   Code   RO         3172    .ARM.Collect$$libinit$$0000000F  c_w.l(libinit2.o)
    0x08000258   0x08000258   0x00000000   Code   RO         3174    .ARM.Collect$$libinit$$00000011  c_w.l(libinit2.o)
    0x08000258   0x08000258   0x00000000   Code   RO         3176    .ARM.Collect$$libinit$$00000013  c_w.l(libinit2.o)
    0x08000258   0x08000258   0x00000000   Code   RO         3178    .ARM.Collect$$libinit$$00000015  c_w.l(libinit2.o)
    0x08000258   0x08000258   0x0000000a   Code   RO         3179    .ARM.Collect$$libinit$$00000016  c_w.l(libinit2.o)
    0x08000262   0x08000262   0x00000000   Code   RO         3180    .ARM.Collect$$libinit$$00000017  c_w.l(libinit2.o)
    0x08000262   0x08000262   0x00000000   Code   RO         3182    .ARM.Collect$$libinit$$00000019  c_w.l(libinit2.o)
    0x08000262   0x08000262   0x00000000   Code   RO         3184    .ARM.Collect$$libinit$$0000001B  c_w.l(libinit2.o)
    0x08000262   0x08000262   0x00000000   Code   RO         3186    .ARM.Collect$$libinit$$0000001D  c_w.l(libinit2.o)
    0x08000262   0x08000262   0x00000000   Code   RO         3188    .ARM.Collect$$libinit$$0000001F  c_w.l(libinit2.o)
    0x08000262   0x08000262   0x00000000   Code   RO         3190    .ARM.Collect$$libinit$$00000021  c_w.l(libinit2.o)
    0x08000262   0x08000262   0x00000000   Code   RO         3192    .ARM.Collect$$libinit$$00000023  c_w.l(libinit2.o)
    0x08000262   0x08000262   0x00000000   Code   RO         3194    .ARM.Collect$$libinit$$00000025  c_w.l(libinit2.o)
    0x08000262   0x08000262   0x00000000   Code   RO         3198    .ARM.Collect$$libinit$$0000002C  c_w.l(libinit2.o)
    0x08000262   0x08000262   0x00000000   Code   RO         3200    .ARM.Collect$$libinit$$0000002E  c_w.l(libinit2.o)
    0x08000262   0x08000262   0x00000000   Code   RO         3202    .ARM.Collect$$libinit$$00000030  c_w.l(libinit2.o)
    0x08000262   0x08000262   0x00000000   Code   RO         3204    .ARM.Collect$$libinit$$00000032  c_w.l(libinit2.o)
    0x08000262   0x08000262   0x00000002   Code   RO         3205    .ARM.Collect$$libinit$$00000033  c_w.l(libinit2.o)
    0x08000264   0x08000264   0x00000002   Code   RO         3252    .ARM.Collect$$libshutdown$$00000000  c_w.l(libshutdown.o)
    0x08000266   0x08000266   0x00000000   Code   RO         3270    .ARM.Collect$$libshutdown$$00000002  c_w.l(libshutdown2.o)
    0x08000266   0x08000266   0x00000000   Code   RO         3272    .ARM.Collect$$libshutdown$$00000004  c_w.l(libshutdown2.o)
    0x08000266   0x08000266   0x00000000   Code   RO         3275    .ARM.Collect$$libshutdown$$00000007  c_w.l(libshutdown2.o)
    0x08000266   0x08000266   0x00000000   Code   RO         3278    .ARM.Collect$$libshutdown$$0000000A  c_w.l(libshutdown2.o)
    0x08000266   0x08000266   0x00000000   Code   RO         3280    .ARM.Collect$$libshutdown$$0000000C  c_w.l(libshutdown2.o)
    0x08000266   0x08000266   0x00000000   Code   RO         3283    .ARM.Collect$$libshutdown$$0000000F  c_w.l(libshutdown2.o)
    0x08000266   0x08000266   0x00000002   Code   RO         3284    .ARM.Collect$$libshutdown$$00000010  c_w.l(libshutdown2.o)
    0x08000268   0x08000268   0x00000000   Code   RO         3061    .ARM.Collect$$rtentry$$00000000  c_w.l(__rtentry.o)
    0x08000268   0x08000268   0x00000000   Code   RO         3083    .ARM.Collect$$rtentry$$00000002  c_w.l(__rtentry2.o)
    0x08000268   0x08000268   0x00000006   Code   RO         3095    .ARM.Collect$$rtentry$$00000004  c_w.l(__rtentry4.o)
    0x0800026e   0x0800026e   0x00000000   Code   RO         3085    .ARM.Collect$$rtentry$$00000009  c_w.l(__rtentry2.o)
    0x0800026e   0x0800026e   0x00000004   Code   RO         3086    .ARM.Collect$$rtentry$$0000000A  c_w.l(__rtentry2.o)
    0x08000272   0x08000272   0x00000000   Code   RO         3088    .ARM.Collect$$rtentry$$0000000C  c_w.l(__rtentry2.o)
    0x08000272   0x08000272   0x00000008   Code   RO         3089    .ARM.Collect$$rtentry$$0000000D  c_w.l(__rtentry2.o)
    0x0800027a   0x0800027a   0x00000002   Code   RO         3206    .ARM.Collect$$rtexit$$00000000  c_w.l(rtexit.o)
    0x0800027c   0x0800027c   0x00000000   Code   RO         3221    .ARM.Collect$$rtexit$$00000002  c_w.l(rtexit2.o)
    0x0800027c   0x0800027c   0x00000004   Code   RO         3222    .ARM.Collect$$rtexit$$00000003  c_w.l(rtexit2.o)
    0x08000280   0x08000280   0x00000006   Code   RO         3223    .ARM.Collect$$rtexit$$00000004  c_w.l(rtexit2.o)
    0x08000286   0x08000286   0x00000002   PAD
    0x08000288   0x08000288   0x00000040   Code   RO            4    .text               startup_stm32f407xx.o
    0x080002c8   0x080002c8   0x000000ee   Code   RO         3004    .text               c_w.l(lludivv7m.o)
    0x080003b6   0x080003b6   0x00000002   PAD
    0x080003b8   0x080003b8   0x00000028   Code   RO         3008    .text               c_w.l(noretval__2sprintf.o)
    0x080003e0   0x080003e0   0x0000004e   Code   RO         3012    .text               c_w.l(_printf_pad.o)
    0x0800042e   0x0800042e   0x00000002   PAD
    0x08000430   0x08000430   0x00000078   Code   RO         3014    .text               c_w.l(_printf_dec.o)
    0x080004a8   0x080004a8   0x0000010e   Code   RO         3024    .text               c_w.l(__printf_wp.o)
    0x080005b6   0x080005b6   0x0000004e   Code   RO         3039    .text               c_w.l(rt_memclr_w.o)
    0x08000604   0x08000604   0x00000006   Code   RO         3041    .text               c_w.l(heapauxi.o)
    0x0800060a   0x0800060a   0x000000b2   Code   RO         3066    .text               c_w.l(_printf_intcommon.o)
    0x080006bc   0x080006bc   0x0000041e   Code   RO         3068    .text               c_w.l(_printf_fp_dec.o)
    0x08000ada   0x08000ada   0x00000002   PAD
    0x08000adc   0x08000adc   0x00000030   Code   RO         3070    .text               c_w.l(_printf_char_common.o)
    0x08000b0c   0x08000b0c   0x0000000a   Code   RO         3072    .text               c_w.l(_sputc.o)
    0x08000b16   0x08000b16   0x00000002   PAD
    0x08000b18   0x08000b18   0x00000008   Code   RO         3102    .text               c_w.l(rt_locale_intlibspace.o)
    0x08000b20   0x08000b20   0x0000008a   Code   RO         3104    .text               c_w.l(lludiv10.o)
    0x08000baa   0x08000baa   0x00000002   PAD
    0x08000bac   0x08000bac   0x00000080   Code   RO         3106    .text               c_w.l(_printf_fp_infnan.o)
    0x08000c2c   0x08000c2c   0x000000e4   Code   RO         3110    .text               c_w.l(bigflt0.o)
    0x08000d10   0x08000d10   0x00000008   Code   RO         3142    .text               c_w.l(libspace.o)
    0x08000d18   0x08000d18   0x0000004a   Code   RO         3145    .text               c_w.l(sys_stackheap_outer.o)
    0x08000d62   0x08000d62   0x00000012   Code   RO         3147    .text               c_w.l(exit.o)
    0x08000d74   0x08000d74   0x00000080   Code   RO         3153    .text               c_w.l(strcmpv7m.o)
    0x08000df4   0x08000df4   0x0000000c   Code   RO         3218    .text               c_w.l(sys_exit.o)
    0x08000e00   0x08000e00   0x00000002   Code   RO         3239    .text               c_w.l(use_no_semi.o)
    0x08000e02   0x08000e02   0x00000000   Code   RO         3241    .text               c_w.l(indicate_semi.o)
    0x08000e02   0x08000e02   0x0000003e   Code   RO         3113    CL$$btod_d2e        c_w.l(btod.o)
    0x08000e40   0x08000e40   0x00000046   Code   RO         3115    CL$$btod_d2e_denorm_low  c_w.l(btod.o)
    0x08000e86   0x08000e86   0x00000060   Code   RO         3114    CL$$btod_d2e_norm_op1  c_w.l(btod.o)
    0x08000ee6   0x08000ee6   0x00000338   Code   RO         3123    CL$$btod_div_common  c_w.l(btod.o)
    0x0800121e   0x0800121e   0x000000dc   Code   RO         3120    CL$$btod_e2e        c_w.l(btod.o)
    0x080012fa   0x080012fa   0x0000002a   Code   RO         3117    CL$$btod_ediv       c_w.l(btod.o)
    0x08001324   0x08001324   0x0000002a   Code   RO         3116    CL$$btod_emul       c_w.l(btod.o)
    0x0800134e   0x0800134e   0x00000244   Code   RO         3122    CL$$btod_mult_common  c_w.l(btod.o)
    0x08001592   0x08001592   0x00000004   Code   RO          678    i.BusFault_Handler  stm32f4xx_it.o
    0x08001596   0x08001596   0x00000002   Code   RO          679    i.DebugMon_Handler  stm32f4xx_it.o
    0x08001598   0x08001598   0x00000016   Code   RO           13    i.Delay             oled.o
    0x080015ae   0x080015ae   0x00000006   Code   RO          521    i.Error_Handler     main.o
    0x080015b4   0x080015b4   0x00000028   Code   RO         2717    i.HAL_Delay         stm32f4xx_hal.o
    0x080015dc   0x080015dc   0x000001f4   Code   RO         2186    i.HAL_GPIO_Init     stm32f4xx_hal_gpio.o
    0x080017d0   0x080017d0   0x00000010   Code   RO         2188    i.HAL_GPIO_ReadPin  stm32f4xx_hal_gpio.o
    0x080017e0   0x080017e0   0x0000000c   Code   RO         2190    i.HAL_GPIO_WritePin  stm32f4xx_hal_gpio.o
    0x080017ec   0x080017ec   0x0000000c   Code   RO         2723    i.HAL_GetTick       stm32f4xx_hal.o
    0x080017f8   0x080017f8   0x00000018   Code   RO         2729    i.HAL_IncTick       stm32f4xx_hal.o
    0x08001810   0x08001810   0x0000003c   Code   RO         2730    i.HAL_Init          stm32f4xx_hal.o
    0x0800184c   0x0800184c   0x0000004c   Code   RO         2731    i.HAL_InitTick      stm32f4xx_hal.o
    0x08001898   0x08001898   0x00000048   Code   RO          778    i.HAL_MspInit       stm32f4xx_hal_msp.o
    0x080018e0   0x080018e0   0x00000020   Code   RO         2575    i.HAL_NVIC_EnableIRQ  stm32f4xx_hal_cortex.o
    0x08001900   0x08001900   0x0000007c   Code   RO         2581    i.HAL_NVIC_SetPriority  stm32f4xx_hal_cortex.o
    0x0800197c   0x0800197c   0x00000028   Code   RO         2582    i.HAL_NVIC_SetPriorityGrouping  stm32f4xx_hal_cortex.o
    0x080019a4   0x080019a4   0x00000184   Code   RO         1787    i.HAL_RCC_ClockConfig  stm32f4xx_hal_rcc.o
    0x08001b28   0x08001b28   0x000000b0   Code   RO         1796    i.HAL_RCC_GetSysClockFreq  stm32f4xx_hal_rcc.o
    0x08001bd8   0x08001bd8   0x0000049c   Code   RO         1799    i.HAL_RCC_OscConfig  stm32f4xx_hal_rcc.o
    0x08002074   0x08002074   0x00000034   Code   RO         2586    i.HAL_SYSTICK_Config  stm32f4xx_hal_cortex.o
    0x080020a8   0x080020a8   0x00000002   Code   RO         1519    i.HAL_TIMEx_BreakCallback  stm32f4xx_hal_tim_ex.o
    0x080020aa   0x080020aa   0x00000002   Code   RO         1520    i.HAL_TIMEx_CommutCallback  stm32f4xx_hal_tim_ex.o
    0x080020ac   0x080020ac   0x00000074   Code   RO         1522    i.HAL_TIMEx_ConfigBreakDeadTime  stm32f4xx_hal_tim_ex.o
    0x08002120   0x08002120   0x000000b4   Code   RO         1538    i.HAL_TIMEx_MasterConfigSynchronization  stm32f4xx_hal_tim_ex.o
    0x080021d4   0x080021d4   0x00000066   Code   RO          804    i.HAL_TIM_Base_Init  stm32f4xx_hal_tim.o
    0x0800223a   0x0800223a   0x00000002   PAD
    0x0800223c   0x0800223c   0x00000168   Code   RO          601    i.HAL_TIM_Base_MspInit  tim.o
    0x080023a4   0x080023a4   0x000000a8   Code   RO          809    i.HAL_TIM_Base_Start_IT  stm32f4xx_hal_tim.o
    0x0800244c   0x0800244c   0x0000010c   Code   RO          813    i.HAL_TIM_ConfigClockSource  stm32f4xx_hal_tim.o
    0x08002558   0x08002558   0x00000002   Code   RO          522    i.HAL_TIM_IC_CaptureCallback  main.o
    0x0800255a   0x0800255a   0x00000196   Code   RO          852    i.HAL_TIM_IRQHandler  stm32f4xx_hal_tim.o
    0x080026f0   0x080026f0   0x000000ac   Code   RO          602    i.HAL_TIM_MspPostInit  tim.o
    0x0800279c   0x0800279c   0x00000002   Code   RO          855    i.HAL_TIM_OC_DelayElapsedCallback  stm32f4xx_hal_tim.o
    0x0800279e   0x0800279e   0x00000104   Code   RO          876    i.HAL_TIM_PWM_ConfigChannel  stm32f4xx_hal_tim.o
    0x080028a2   0x080028a2   0x00000066   Code   RO          879    i.HAL_TIM_PWM_Init  stm32f4xx_hal_tim.o
    0x08002908   0x08002908   0x00000002   Code   RO          881    i.HAL_TIM_PWM_MspInit  stm32f4xx_hal_tim.o
    0x0800290a   0x0800290a   0x00000002   Code   RO          882    i.HAL_TIM_PWM_PulseFinishedCallback  stm32f4xx_hal_tim.o
    0x0800290c   0x0800290c   0x0000010c   Code   RO          884    i.HAL_TIM_PWM_Start  stm32f4xx_hal_tim.o
    0x08002a18   0x08002a18   0x00000014   Code   RO          523    i.HAL_TIM_PeriodElapsedCallback  main.o
    0x08002a2c   0x08002a2c   0x0000006c   Code   RO          893    i.HAL_TIM_SlaveConfigSynchro  stm32f4xx_hal_tim.o
    0x08002a98   0x08002a98   0x00000002   Code   RO          895    i.HAL_TIM_TriggerCallback  stm32f4xx_hal_tim.o
    0x08002a9a   0x08002a9a   0x00000004   Code   RO          680    i.HardFault_Handler  stm32f4xx_it.o
    0x08002a9e   0x08002a9e   0x00000002   PAD
    0x08002aa0   0x08002aa0   0x0000003c   Code   RO           16    i.IIC_Start         oled.o
    0x08002adc   0x08002adc   0x00000034   Code   RO           17    i.IIC_Stop          oled.o
    0x08002b10   0x08002b10   0x000000ac   Code   RO           18    i.Initial_LY096BG30  oled.o
    0x08002bbc   0x08002bbc   0x000001cc   Code   RO          576    i.MX_GPIO_Init      gpio.o
    0x08002d88   0x08002d88   0x000000e8   Code   RO          603    i.MX_TIM1_Init      tim.o
    0x08002e70   0x08002e70   0x0000008c   Code   RO          604    i.MX_TIM2_Init      tim.o
    0x08002efc   0x08002efc   0x0000006c   Code   RO          605    i.MX_TIM3_Init      tim.o
    0x08002f68   0x08002f68   0x00000070   Code   RO          606    i.MX_TIM5_Init      tim.o
    0x08002fd8   0x08002fd8   0x0000004c   Code   RO          607    i.MX_TIM6_Init      tim.o
    0x08003024   0x08003024   0x000000f0   Code   RO          608    i.MX_TIM8_Init      tim.o
    0x08003114   0x08003114   0x00000004   Code   RO          681    i.MemManage_Handler  stm32f4xx_it.o
    0x08003118   0x08003118   0x00000004   Code   RO          682    i.NMI_Handler       stm32f4xx_it.o
    0x0800311c   0x0800311c   0x00000038   Code   RO           19    i.OLED_Clear        oled.o
    0x08003154   0x08003154   0x00000028   Code   RO           20    i.OLED_Set_Pos      oled.o
    0x0800317c   0x0800317c   0x00000050   Code   RO           21    i.OLED_ShowChar     oled.o
    0x080031cc   0x080031cc   0x00000034   Code   RO           23    i.OLED_ShowString   oled.o
    0x08003200   0x08003200   0x00000002   Code   RO          683    i.PendSV_Handler    stm32f4xx_it.o
    0x08003202   0x08003202   0x00000002   Code   RO          684    i.SVC_Handler       stm32f4xx_it.o
    0x08003204   0x08003204   0x00000008   Code   RO          685    i.SysTick_Handler   stm32f4xx_it.o
    0x0800320c   0x0800320c   0x000000b4   Code   RO          524    i.SystemClock_Config  main.o
    0x080032c0   0x080032c0   0x00000014   Code   RO         2969    i.SystemInit        system_stm32f4xx.o
    0x080032d4   0x080032d4   0x00000010   Code   RO          686    i.TIM2_IRQHandler   stm32f4xx_it.o
    0x080032e4   0x080032e4   0x00000010   Code   RO          687    i.TIM3_IRQHandler   stm32f4xx_it.o
    0x080032f4   0x080032f4   0x00000010   Code   RO          688    i.TIM5_IRQHandler   stm32f4xx_it.o
    0x08003304   0x08003304   0x00000010   Code   RO          689    i.TIM6_DAC_IRQHandler  stm32f4xx_it.o
    0x08003314   0x08003314   0x000000d8   Code   RO          897    i.TIM_Base_SetConfig  stm32f4xx_hal_tim.o
    0x080033ec   0x080033ec   0x00000022   Code   RO          898    i.TIM_CCxChannelCmd  stm32f4xx_hal_tim.o
    0x0800340e   0x0800340e   0x00000016   Code   RO          908    i.TIM_ETR_SetConfig  stm32f4xx_hal_tim.o
    0x08003424   0x08003424   0x00000012   Code   RO          909    i.TIM_ITRx_SetConfig  stm32f4xx_hal_tim.o
    0x08003436   0x08003436   0x00000002   PAD
    0x08003438   0x08003438   0x00000070   Code   RO          910    i.TIM_OC1_SetConfig  stm32f4xx_hal_tim.o
    0x080034a8   0x080034a8   0x0000007c   Code   RO          911    i.TIM_OC2_SetConfig  stm32f4xx_hal_tim.o
    0x08003524   0x08003524   0x00000078   Code   RO          912    i.TIM_OC3_SetConfig  stm32f4xx_hal_tim.o
    0x0800359c   0x0800359c   0x00000054   Code   RO          913    i.TIM_OC4_SetConfig  stm32f4xx_hal_tim.o
    0x080035f0   0x080035f0   0x000000b2   Code   RO          914    i.TIM_SlaveTimer_SetConfig  stm32f4xx_hal_tim.o
    0x080036a2   0x080036a2   0x00000026   Code   RO          915    i.TIM_TI1_ConfigInputStage  stm32f4xx_hal_tim.o
    0x080036c8   0x080036c8   0x00000028   Code   RO          917    i.TIM_TI2_ConfigInputStage  stm32f4xx_hal_tim.o
    0x080036f0   0x080036f0   0x00000004   Code   RO          690    i.UsageFault_Handler  stm32f4xx_it.o
    0x080036f4   0x080036f4   0x00000080   Code   RO           24    i.Write_IIC_Byte    oled.o
    0x08003774   0x08003774   0x00000020   Code   RO           25    i.Write_IIC_Command  oled.o
    0x08003794   0x08003794   0x00000020   Code   RO           26    i.Write_IIC_Data    oled.o
    0x080037b4   0x080037b4   0x00000030   Code   RO         3140    i.__ARM_fpclassify  m_wm.l(fpclassify.o)
    0x080037e4   0x080037e4   0x00000010   Code   RO         2588    i.__NVIC_GetPriorityGrouping  stm32f4xx_hal_cortex.o
    0x080037f4   0x080037f4   0x00000028   Code   RO         2589    i.__NVIC_SetPriority  stm32f4xx_hal_cortex.o
    0x0800381c   0x0800381c   0x0000000e   Code   RO         3026    i._is_digit         c_w.l(__printf_wp.o)
    0x0800382a   0x0800382a   0x00000002   PAD
    0x0800382c   0x0800382c   0x000000e4   Code   RO          251    i.addSubDeal        gui.o
    0x08003910   0x08003910   0x000000f8   Code   RO          221    i.buttonUpdate      button.o
    0x08003a08   0x08003a08   0x00000020   Code   RO          252    i.constrain         gui.o
    0x08003a28   0x08003a28   0x00000178   Code   RO          379    i.ctlFixedUpd       control.o
    0x08003ba0   0x08003ba0   0x000000fc   Code   RO          380    i.ctlInit           control.o
    0x08003c9c   0x08003c9c   0x0000031c   Code   RO          253    i.guiTask           gui.o
    0x08003fb8   0x08003fb8   0x00000044   Code   RO          477    i.isFreqDcc         pulin_sig.o
    0x08003ffc   0x08003ffc   0x00000018   Code   RO          478    i.isFreqStart       pulin_sig.o
    0x08004014   0x08004014   0x00000090   Code   RO          254    i.judgeCoordinate   gui.o
    0x080040a4   0x080040a4   0x00000058   Code   RO          255    i.judgeSingleNum    gui.o
    0x080040fc   0x080040fc   0x00000048   Code   RO          256    i.judgeVar          gui.o
    0x08004144   0x08004144   0x0000006c   Code   RO          381    i.leftRightLimit    control.o
    0x080041b0   0x080041b0   0x00000098   Code   RO          525    i.main              main.o
    0x08004248   0x08004248   0x00000044   Code   RO          257    i.mergeData         gui.o
    0x0800428c   0x0800428c   0x00000210   Code   RO          454    i.motionParamUpd    motion_param.o
    0x0800449c   0x0800449c   0x00000058   Code   RO          258    i.sepData           gui.o
    0x080044f4   0x080044f4   0x00000028   Code   RO          333    i.setFreq           pwm.o
    0x0800451c   0x0800451c   0x00000098   Code   RO          361    i.velProfileCtl     trap_vel_profile.o
    0x080045b4   0x080045b4   0x00000198   Code   RO          382    i.xAxisAutoFlgInput  control.o
    0x0800474c   0x0800474c   0x000000a4   Code   RO          383    i.xAxisManuFlgInput  control.o
    0x080047f0   0x080047f0   0x000000f4   Code   RO          384    i.yAxisAutoFlgInput  control.o
    0x080048e4   0x080048e4   0x0000002c   Code   RO         3136    locale$$code        c_w.l(lc_numeric_c.o)
    0x08004910   0x08004910   0x0000005a   Code   RO         3045    x$fpl$dfixu         fz_wm.l(dfixu.o)
    0x0800496a   0x0800496a   0x00000026   Code   RO         3049    x$fpl$dfltu         fz_wm.l(dflt_clz.o)
    0x08004990   0x08004990   0x00000154   Code   RO         3055    x$fpl$dmul          fz_wm.l(dmul.o)
    0x08004ae4   0x08004ae4   0x0000009c   Code   RO         3075    x$fpl$dnaninf       fz_wm.l(dnaninf.o)
    0x08004b80   0x08004b80   0x0000000c   Code   RO         3077    x$fpl$dretinf       fz_wm.l(dretinf.o)
    0x08004b8c   0x08004b8c   0x00000056   Code   RO         3057    x$fpl$f2d           fz_wm.l(f2d.o)
    0x08004be2   0x08004be2   0x0000008c   Code   RO         3079    x$fpl$fnaninf       fz_wm.l(fnaninf.o)
    0x08004c6e   0x08004c6e   0x0000000a   Code   RO         3216    x$fpl$fpinit        fz_wm.l(fpinit.o)
    0x08004c78   0x08004c78   0x00000004   Code   RO         3059    x$fpl$printf1       fz_wm.l(printf1.o)
    0x08004c7c   0x08004c7c   0x00000000   Code   RO         3081    x$fpl$usenofp       fz_wm.l(usenofp.o)
    0x08004c7c   0x08004c7c   0x00000018   Data   RO         2970    .constdata          system_stm32f4xx.o
    0x08004c94   0x08004c94   0x00000094   Data   RO         3111    .constdata          c_w.l(bigflt0.o)
    0x08004d28   0x08004d28   0x00000020   Data   RO         3285    Region$$Table       anon$$obj.o
    0x08004d48   0x08004d48   0x0000001c   Data   RO         3135    locale$$data        c_w.l(lc_numeric_c.o)


    Execution Region RW_IRAM1 (Exec base: 0x20000000, Load base: 0x08004d64, Size: 0x000011f0, Max: 0x0001c000, ABSOLUTE, COMPRESSED[0x00000560])

    Exec Addr    Load Addr    Size         Type   Attr      Idx    E Section Name        Object

    0x20000000   COMPRESSED   0x00000818   Data   RW           27    .data               oled.o
    0x20000818   COMPRESSED   0x00000008   Data   RW          260    .data               gui.o
    0x20000820   COMPRESSED   0x0000000b   Data   RW          387    .data               control.o
    0x2000082b   COMPRESSED   0x00000001   PAD
    0x2000082c   COMPRESSED   0x00000048   Data   RW          455    .data               motion_param.o
    0x20000874   COMPRESSED   0x0000003c   Data   RW          480    .data               pulin_sig.o
    0x200008b0   COMPRESSED   0x00000009   Data   RW         2737    .data               stm32f4xx_hal.o
    0x200008b9   COMPRESSED   0x00000003   PAD
    0x200008bc   COMPRESSED   0x00000004   Data   RW         2971    .data               system_stm32f4xx.o
    0x200008c0        -       0x0000000a   Zero   RW          222    .bss                button.o
    0x200008ca        -       0x000000b4   Zero   RW          259    .bss                gui.o
    0x2000097e   COMPRESSED   0x00000002   PAD
    0x20000980        -       0x00000060   Zero   RW          386    .bss                control.o
    0x200009e0        -       0x000001b0   Zero   RW          609    .bss                tim.o
    0x20000b90        -       0x00000060   Zero   RW         3143    .bss                c_w.l(libspace.o)
    0x20000bf0        -       0x00000200   Zero   RW            2    HEAP                startup_stm32f407xx.o
    0x20000df0        -       0x00000400   Zero   RW            1    STACK               startup_stm32f407xx.o


    Execution Region RW_IRAM2 (Exec base: 0x2001c000, Load base: 0x080052c4, Size: 0x00000000, Max: 0x00004000, ABSOLUTE)

    **** No section assigned to this execution region ****


==============================================================================

Image component sizes


      Code (inc. data)   RO Data    RW Data    ZI Data      Debug   Object Name

       248         14          0          0         10       1212   button.o
      1552        166          0         11         96       4978   control.o
       460         30          0          0          0       1159   gpio.o
      1516        208          0          8        180       5540   gui.o
       360         34          0          0          0       3157   main.o
       528         84          0         72          0       1301   motion_param.o
       726         20          0       2072          0     687652   oled.o
        92         14          0         60          0       1851   pulin_sig.o
        40          4          0          0          0        718   pwm.o
        64         26        392          0       1536        824   startup_stm32f407xx.o
       212         36          0          9          0       9225   stm32f4xx_hal.o
       304         22          0          0          0      34299   stm32f4xx_hal_cortex.o
       528         46          0          0          0       2699   stm32f4xx_hal_gpio.o
        72          4          0          0          0        814   stm32f4xx_hal_msp.o
      1744         58          0          0          0       3804   stm32f4xx_hal_rcc.o
      2676        150          0          0          0      17064   stm32f4xx_hal_tim.o
       300         30          0          0          0       3209   stm32f4xx_hal_tim_ex.o
        98         24          0          0          0       5910   stm32f4xx_it.o
        20          6         24          4          0       1067   system_stm32f4xx.o
      1440         96          0          0        432       6029   tim.o
       152          0          0          0          0       1636   trap_vel_profile.o

    ----------------------------------------------------------------------
     13138       1072        448       2240       2256     794148   Object Totals
         0          0         32          0          0          0   (incl. Generated)
         6          0          0          4          2          0   (incl. Padding)

    ----------------------------------------------------------------------

      Code (inc. data)   RO Data    RW Data    ZI Data      Debug   Library Member Name

        90          0          0          0          0          0   __dczerorl2.o
         8          0          0          0          0         68   __main.o
       284          0          0          0          0        156   __printf_wp.o
         0          0          0          0          0          0   __rtentry.o
        12          0          0          0          0          0   __rtentry2.o
         6          0          0          0          0          0   __rtentry4.o
        52          8          0          0          0          0   __scatter.o
        28          0          0          0          0          0   __scatter_zi.o
        48          6          0          0          0         96   _printf_char_common.o
         6          0          0          0          0          0   _printf_d.o
       120         16          0          0          0         92   _printf_dec.o
         6          0          0          0          0          0   _printf_f.o
      1054          0          0          0          0        216   _printf_fp_dec.o
       128         16          0          0          0         84   _printf_fp_infnan.o
       178          0          0          0          0         88   _printf_intcommon.o
        78          0          0          0          0        108   _printf_pad.o
         0          0          0          0          0          0   _printf_percent.o
         4          0          0          0          0          0   _printf_percent_end.o
        10          0          0          0          0         68   _sputc.o
       228          4        148          0          0         96   bigflt0.o
      1936        128          0          0          0        672   btod.o
        18          0          0          0          0         80   exit.o
         6          0          0          0          0        152   heapauxi.o
         0          0          0          0          0          0   indicate_semi.o
        44         10         28          0          0         76   lc_numeric_c.o
         2          0          0          0          0          0   libinit.o
        22          0          0          0          0          0   libinit2.o
         2          0          0          0          0          0   libshutdown.o
         2          0          0          0          0          0   libshutdown2.o
         8          4          0          0         96         68   libspace.o
       138          0          0          0          0         80   lludiv10.o
       238          0          0          0          0        100   lludivv7m.o
        40          6          0          0          0         84   noretval__2sprintf.o
         8          4          0          0          0         68   rt_locale_intlibspace.o
        78          0          0          0          0         80   rt_memclr_w.o
         2          0          0          0          0          0   rtexit.o
        10          0          0          0          0          0   rtexit2.o
       128          0          0          0          0         68   strcmpv7m.o
        12          4          0          0          0         68   sys_exit.o
        74          0          0          0          0         80   sys_stackheap_outer.o
         2          0          0          0          0         68   use_no_semi.o
        90          4          0          0          0        140   dfixu.o
        38          0          0          0          0        116   dflt_clz.o
       340         12          0          0          0        152   dmul.o
       156          4          0          0          0        140   dnaninf.o
        12          0          0          0          0        116   dretinf.o
        86          4          0          0          0        132   f2d.o
       140          4          0          0          0        132   fnaninf.o
        10          0          0          0          0        116   fpinit.o
         4          0          0          0          0        116   printf1.o
         0          0          0          0          0          0   usenofp.o
        48          0          0          0          0        124   fpclassify.o

    ----------------------------------------------------------------------
      6050        234        176          0         96       4100   Library Totals
        16          0          0          0          0          0   (incl. Padding)

    ----------------------------------------------------------------------

      Code (inc. data)   RO Data    RW Data    ZI Data      Debug   Library Name

      5110        206        176          0         96       2816   c_w.l
       876         28          0          0          0       1160   fz_wm.l
        48          0          0          0          0        124   m_wm.l

    ----------------------------------------------------------------------
      6050        234        176          0         96       4100   Library Totals

    ----------------------------------------------------------------------

==============================================================================


      Code (inc. data)   RO Data    RW Data    ZI Data      Debug   

     19188       1306        624       2240       2352     786140   Grand Totals
     19188       1306        624       1376       2352     786140   ELF Image Totals (compressed)
     19188       1306        624       1376          0          0   ROM Totals

==============================================================================

    Total RO  Size (Code + RO Data)                19812 (  19.35kB)
    Total RW  Size (RW Data + ZI Data)              4592 (   4.48kB)
    Total ROM Size (Code + RO Data + RW Data)      21188 (  20.69kB)

==============================================================================

