Component: ARM Compiler 5.06 update 6 (build 750) Tool: armlink [4d35ed]

==============================================================================

Section Cross References

    startup_stm32f429xx.o(RESET) refers to startup_stm32f429xx.o(STACK) for __initial_sp
    startup_stm32f429xx.o(RESET) refers to startup_stm32f429xx.o(.text) for Reset_Handler
    startup_stm32f429xx.o(RESET) refers to stm32f4xx_it.o(i.NMI_Handler) for NMI_Handler
    startup_stm32f429xx.o(RESET) refers to stm32f4xx_it.o(i.HardFault_Handler) for HardFault_Handler
    startup_stm32f429xx.o(RESET) refers to stm32f4xx_it.o(i.MemManage_Handler) for MemManage_Handler
    startup_stm32f429xx.o(RESET) refers to stm32f4xx_it.o(i.BusFault_Handler) for BusFault_Handler
    startup_stm32f429xx.o(RESET) refers to stm32f4xx_it.o(i.UsageFault_Handler) for UsageFault_Handler
    startup_stm32f429xx.o(RESET) refers to stm32f4xx_it.o(i.SVC_Handler) for SVC_Handler
    startup_stm32f429xx.o(RESET) refers to stm32f4xx_it.o(i.DebugMon_Handler) for DebugMon_Handler
    startup_stm32f429xx.o(RESET) refers to stm32f4xx_it.o(i.PendSV_Handler) for PendSV_Handler
    startup_stm32f429xx.o(RESET) refers to stm32f4xx_it.o(i.SysTick_Handler) for SysTick_Handler
    startup_stm32f429xx.o(RESET) refers to stm32f4xx_it.o(i.EXTI4_IRQHandler) for EXTI4_IRQHandler
    startup_stm32f429xx.o(RESET) refers to stm32f4xx_it.o(i.TIM6_DAC_IRQHandler) for TIM6_DAC_IRQHandler
    startup_stm32f429xx.o(.text) refers to system_stm32f4xx.o(i.SystemInit) for SystemInit
    startup_stm32f429xx.o(.text) refers to entry.o(.ARM.Collect$$$$00000000) for __main
    button.o(i.ADD_PIN_ACTIVE) refers to stm32f4xx_hal_gpio.o(i.HAL_GPIO_ReadPin) for HAL_GPIO_ReadPin
    button.o(i.BACK_PIN_ACTIVE) refers to stm32f4xx_hal_gpio.o(i.HAL_GPIO_ReadPin) for HAL_GPIO_ReadPin
    button.o(i.CONF_PIN_ACTIVE) refers to stm32f4xx_hal_gpio.o(i.HAL_GPIO_ReadPin) for HAL_GPIO_ReadPin
    button.o(i.FORWARD_PIN_ACTIVE) refers to stm32f4xx_hal_gpio.o(i.HAL_GPIO_ReadPin) for HAL_GPIO_ReadPin
    button.o(i.LEFT_PIN_ACTIVE) refers to stm32f4xx_hal_gpio.o(i.HAL_GPIO_ReadPin) for HAL_GPIO_ReadPin
    button.o(i.RIGHT_PIN_ACTIVE) refers to stm32f4xx_hal_gpio.o(i.HAL_GPIO_ReadPin) for HAL_GPIO_ReadPin
    button.o(i.SETTING_PIN_ACTIVE) refers to stm32f4xx_hal_gpio.o(i.HAL_GPIO_ReadPin) for HAL_GPIO_ReadPin
    button.o(i.SUB_PIN_ACTIVE) refers to stm32f4xx_hal_gpio.o(i.HAL_GPIO_ReadPin) for HAL_GPIO_ReadPin
    button.o(i.SWI_PIN_ACTIVE) refers to stm32f4xx_hal_gpio.o(i.HAL_GPIO_ReadPin) for HAL_GPIO_ReadPin
    button.o(i.S_RST_PIN_ACTIVE) refers to stm32f4xx_hal_gpio.o(i.HAL_GPIO_ReadPin) for HAL_GPIO_ReadPin
    button.o(i.buttonInit) refers to button.o(i.SWI_PIN_ACTIVE) for SWI_PIN_ACTIVE
    button.o(i.buttonInit) refers to button.o(.bss) for isPinAct
    button.o(i.buttonInit) refers to button.o(i.S_RST_PIN_ACTIVE) for S_RST_PIN_ACTIVE
    button.o(i.buttonInit) refers to button.o(i.ADD_PIN_ACTIVE) for ADD_PIN_ACTIVE
    button.o(i.buttonInit) refers to button.o(i.SUB_PIN_ACTIVE) for SUB_PIN_ACTIVE
    button.o(i.buttonInit) refers to button.o(i.LEFT_PIN_ACTIVE) for LEFT_PIN_ACTIVE
    button.o(i.buttonInit) refers to button.o(i.RIGHT_PIN_ACTIVE) for RIGHT_PIN_ACTIVE
    button.o(i.buttonInit) refers to button.o(i.SETTING_PIN_ACTIVE) for SETTING_PIN_ACTIVE
    button.o(i.buttonInit) refers to button.o(i.FORWARD_PIN_ACTIVE) for FORWARD_PIN_ACTIVE
    button.o(i.buttonInit) refers to button.o(i.BACK_PIN_ACTIVE) for BACK_PIN_ACTIVE
    button.o(i.buttonInit) refers to button.o(i.CONF_PIN_ACTIVE) for CONF_PIN_ACTIVE
    button.o(i.buttonUpdate) refers to stm32f4xx_hal.o(i.HAL_Delay) for HAL_Delay
    button.o(i.buttonUpdate) refers to button.o(.bss) for isPinAct
    gui.o(i.addSubDeal) refers to gui.o(i.constrain) for constrain
    gui.o(i.addSubDeal) refers to gui.o(.data) for singNumType
    gui.o(i.addSubDeal) refers to button.o(.bss) for buttons
    gui.o(i.drawLineFrame) refers to bsp_lcd.o(i.LCD_SetTextColor) for LCD_SetTextColor
    gui.o(i.drawLineFrame) refers to bsp_lcd.o(i.LCD_DrawHLine) for LCD_DrawHLine
    gui.o(i.drawLineFrame) refers to bsp_lcd.o(i.LCD_DrawVLine) for LCD_DrawVLine
    gui.o(i.guiInit) refers to bsp_lcd.o(i.LCD_Init) for LCD_Init
    gui.o(i.guiInit) refers to bsp_lcd.o(i.LCD_LayerInit) for LCD_LayerInit
    gui.o(i.guiInit) refers to bsp_lcd.o(i.LCD_GetXSize) for LCD_GetXSize
    gui.o(i.guiInit) refers to bsp_lcd.o(i.LCD_GetYSize) for LCD_GetYSize
    gui.o(i.guiInit) refers to bsp_lcd.o(i.LCD_DisplayOn) for LCD_DisplayOn
    gui.o(i.guiInit) refers to bsp_lcd.o(i.LCD_SelectLayer) for LCD_SelectLayer
    gui.o(i.guiInit) refers to bsp_lcd.o(i.LCD_Clear) for LCD_Clear
    gui.o(i.guiInit) refers to bsp_lcd.o(i.LCD_SetTransparency) for LCD_SetTransparency
    gui.o(i.guiInit) refers to bsp_lcd.o(i.LCD_SetColors) for LCD_SetColors
    gui.o(i.guiInit) refers to bsp_lcd.o(i.LCD_SetFont) for LCD_SetFont
    gui.o(i.guiInit) refers to gui.o(i.drawLineFrame) for drawLineFrame
[...]
    i.HAL_GPIO_WritePin                      0x080015d4   Section        0  stm32f4xx_hal_gpio.o(i.HAL_GPIO_WritePin)
    i.HAL_GetTick                            0x080015e0   Section        0  stm32f4xx_hal.o(i.HAL_GetTick)
    i.HAL_IncTick                            0x080015ec   Section        0  stm32f4xx_hal.o(i.HAL_IncTick)
    i.HAL_Init                               0x08001604   Section        0  stm32f4xx_hal.o(i.HAL_Init)
    i.HAL_InitTick                           0x08001640   Section        0  stm32f4xx_hal.o(i.HAL_InitTick)
    i.HAL_LTDC_ConfigLayer                   0x0800168c   Section        0  stm32f4xx_hal_ltdc.o(i.HAL_LTDC_ConfigLayer)
    i.HAL_LTDC_Init                          0x080016ec   Section        0  stm32f4xx_hal_ltdc.o(i.HAL_LTDC_Init)
    i.HAL_LTDC_MspInit                       0x08001804   Section        0  stm32f4xx_hal_ltdc.o(i.HAL_LTDC_MspInit)
    i.HAL_LTDC_SetAlpha                      0x08001806   Section        0  stm32f4xx_hal_ltdc.o(i.HAL_LTDC_SetAlpha)
    i.HAL_MspInit                            0x08001864   Section        0  stm32f4xx_hal_msp.o(i.HAL_MspInit)
    i.HAL_NVIC_EnableIRQ                     0x080018ac   Section        0  stm32f4xx_hal_cortex.o(i.HAL_NVIC_EnableIRQ)
    i.HAL_NVIC_SetPriority                   0x080018cc   Section        0  stm32f4xx_hal_cortex.o(i.HAL_NVIC_SetPriority)
    i.HAL_NVIC_SetPriorityGrouping           0x08001948   Section        0  stm32f4xx_hal_cortex.o(i.HAL_NVIC_SetPriorityGrouping)
    i.HAL_PWREx_EnableOverDrive              0x08001970   Section        0  stm32f4xx_hal_pwr_ex.o(i.HAL_PWREx_EnableOverDrive)
    i.HAL_RCCEx_PeriphCLKConfig              0x080019fc   Section        0  stm32f4xx_hal_rcc_ex.o(i.HAL_RCCEx_PeriphCLKConfig)
    i.HAL_RCC_ClockConfig                    0x08001d00   Section        0  stm32f4xx_hal_rcc.o(i.HAL_RCC_ClockConfig)
    i.HAL_RCC_GetHCLKFreq                    0x08001e84   Section        0  stm32f4xx_hal_rcc.o(i.HAL_RCC_GetHCLKFreq)
    i.HAL_RCC_GetPCLK1Freq                   0x08001e90   Section        0  stm32f4xx_hal_rcc.o(i.HAL_RCC_GetPCLK1Freq)
    i.HAL_RCC_GetSysClockFreq                0x08001eb0   Section        0  stm32f4xx_hal_rcc.o(i.HAL_RCC_GetSysClockFreq)
    i.HAL_RCC_OscConfig                      0x08001f60   Section        0  stm32f4xx_hal_rcc.o(i.HAL_RCC_OscConfig)
    i.HAL_SDRAM_Init                         0x080023fc   Section        0  stm32f4xx_hal_sdram.o(i.HAL_SDRAM_Init)
    i.HAL_SDRAM_MspInit                      0x0800243c   Section        0  stm32f4xx_hal_sdram.o(i.HAL_SDRAM_MspInit)
    i.HAL_SDRAM_ProgramRefreshRate           0x0800243e   Section        0  stm32f4xx_hal_sdram.o(i.HAL_SDRAM_ProgramRefreshRate)
    i.HAL_SDRAM_SendCommand                  0x08002474   Section        0  stm32f4xx_hal_sdram.o(i.HAL_SDRAM_SendCommand)
    i.HAL_SYSTICK_Config                     0x080024c2   Section        0  stm32f4xx_hal_cortex.o(i.HAL_SYSTICK_Config)
    i.HAL_TIMEx_BreakCallback                0x080024f6   Section        0  stm32f4xx_hal_tim_ex.o(i.HAL_TIMEx_BreakCallback)
    i.HAL_TIMEx_CommutCallback               0x080024f8   Section        0  stm32f4xx_hal_tim_ex.o(i.HAL_TIMEx_CommutCallback)
    i.HAL_TIMEx_ConfigBreakDeadTime          0x080024fa   Section        0  stm32f4xx_hal_tim_ex.o(i.HAL_TIMEx_ConfigBreakDeadTime)
    i.HAL_TIMEx_MasterConfigSynchronization  0x08002570   Section        0  stm32f4xx_hal_tim_ex.o(i.HAL_TIMEx_MasterConfigSynchronization)
    i.HAL_TIM_Base_Init                      0x08002624   Section        0  stm32f4xx_hal_tim.o(i.HAL_TIM_Base_Init)
    i.HAL_TIM_Base_MspInit                   0x0800268c   Section        0  tim.o(i.HAL_TIM_Base_MspInit)
    i.HAL_TIM_Base_Start_IT                  0x08002760   Section        0  stm32f4xx_hal_tim.o(i.HAL_TIM_Base_Start_IT)
    i.HAL_TIM_ConfigClockSource              0x08002808   Section        0  stm32f4xx_hal_tim.o(i.HAL_TIM_ConfigClockSource)
    i.HAL_TIM_IC_CaptureCallback             0x08002914   Section        0  main.o(i.HAL_TIM_IC_CaptureCallback)
    i.HAL_TIM_IRQHandler                     0x08002924   Section        0  stm32f4xx_hal_tim.o(i.HAL_TIM_IRQHandler)
    i.HAL_TIM_MspPostInit                    0x08002abc   Section        0  tim.o(i.HAL_TIM_MspPostInit)
    i.HAL_TIM_OC_DelayElapsedCallback        0x08002bb0   Section        0  stm32f4xx_hal_tim.o(i.HAL_TIM_OC_DelayElapsedCallback)
    i.HAL_TIM_PWM_ConfigChannel              0x08002bb2   Section        0  stm32f4xx_hal_tim.o(i.HAL_TIM_PWM_ConfigChannel)
    i.HAL_TIM_PWM_Init                       0x08002cb6   Section        0  stm32f4xx_hal_tim.o(i.HAL_TIM_PWM_Init)
    i.HAL_TIM_PWM_MspInit                    0x08002d1c   Section        0  stm32f4xx_hal_tim.o(i.HAL_TIM_PWM_MspInit)
    i.HAL_TIM_PWM_PulseFinishedCallback      0x08002d1e   Section        0  stm32f4xx_hal_tim.o(i.HAL_TIM_PWM_PulseFinishedCallback)
    i.HAL_TIM_PWM_Start                      0x08002d20   Section        0  stm32f4xx_hal_tim.o(i.HAL_TIM_PWM_Start)
    i.HAL_TIM_PeriodElapsedCallback          0x08002e2c   Section        0  main.o(i.HAL_TIM_PeriodElapsedCallback)
    i.HAL_TIM_TriggerCallback                0x08002e58   Section        0  stm32f4xx_hal_tim.o(i.HAL_TIM_TriggerCallback)
    i.HardFault_Handler                      0x08002e5a   Section        0  stm32f4xx_it.o(i.HardFault_Handler)
    i.LCD_Clear                              0x08002e60   Section        0  bsp_lcd.o(i.LCD_Clear)
    i.LCD_DisplayChar                        0x08002ea0   Section        0  bsp_lcd.o(i.LCD_DisplayChar)
    i.LCD_DisplayOn                          0x08002f08   Section        0  bsp_lcd.o(i.LCD_DisplayOn)
    i.LCD_DisplayStringAt                    0x08002f38   Section        0  bsp_lcd.o(i.LCD_DisplayStringAt)
    i.LCD_DrawCharCH                         0x08003060   Section        0  bsp_lcd.o(i.LCD_DrawCharCH)
    i.LCD_DrawHLine                          0x0800312c   Section        0  bsp_lcd.o(i.LCD_DrawHLine)
    i.LCD_DrawPixel                          0x08003270   Section        0  bsp_lcd.o(i.LCD_DrawPixel)
    i.LCD_DrawVLine                          0x080033cc   Section        0  bsp_lcd.o(i.LCD_DrawVLine)
    i.LCD_GPIO_Config                        0x08003514   Section        0  bsp_lcd.o(i.LCD_GPIO_Config)
    LCD_GPIO_Config                          0x08003515   Thumb Code  1446  bsp_lcd.o(i.LCD_GPIO_Config)
    i.LCD_GetXSize                           0x08003ae0   Section        0  bsp_lcd.o(i.LCD_GetXSize)
    i.LCD_GetYSize                           0x08003b00   Section        0  bsp_lcd.o(i.LCD_GetYSize)
    i.LCD_Init                               0x08003b20   Section        0  bsp_lcd.o(i.LCD_Init)
    i.LCD_LayerInit                          0x08003d68   Section        0  bsp_lcd.o(i.LCD_LayerInit)
    i.LCD_SelectLayer                        0x08003e08   Section        0  bsp_lcd.o(i.LCD_SelectLayer)
    i.LCD_SetBackColor                       0x08003e14   Section        0  bsp_lcd.o(i.LCD_SetBackColor)
    i.LCD_SetColors                          0x08003e30   Section        0  bsp_lcd.o(i.LCD_SetColors)
    i.LCD_SetFont                            0x08003e44   Section        0  bsp_lcd.o(i.LCD_SetFont)
    i.LCD_SetTextColor                       0x08003e60   Section        0  bsp_lcd.o(i.LCD_SetTextColor)
    i.LCD_SetTransparency                    0x08003e78   Section        0  bsp_lcd.o(i.LCD_SetTransparency)
    i.LEFT_PIN_ACTIVE                        0x08003e90   Section        0  button.o(i.LEFT_PIN_ACTIVE)
    i.LL_FillBuffer                          0x08003ea8   Section        0  bsp_lcd.o(i.LL_FillBuffer)
    LL_FillBuffer                            0x08003ea9   Thumb Code   238  bsp_lcd.o(i.LL_FillBuffer)
    i.LTDC_SetConfig                         0x08003fa8   Section        0  stm32f4xx_hal_ltdc.o(i.LTDC_SetConfig)
    LTDC_SetConfig                           0x08003fa9   Thumb Code   528  stm32f4xx_hal_ltdc.o(i.LTDC_SetConfig)
    i.MX_GPIO_Init                           0x080041b8   Section        0  gpio.o(i.MX_GPIO_Init)
    i.MX_TIM1_Init                           0x080043b0   Section        0  tim.o(i.MX_TIM1_Init)
    i.MX_TIM5_Init                           0x08004498   Section        0  tim.o(i.MX_TIM5_Init)
    i.MX_TIM6_Init                           0x0800453c   Section        0  tim.o(i.MX_TIM6_Init)
    i.MX_TIM8_Init                           0x08004588   Section        0  tim.o(i.MX_TIM8_Init)
    i.MemManage_Handler                      0x08004670   Section        0  stm32f4xx_it.o(i.MemManage_Handler)
    i.NMI_Handler                            0x08004674   Section        0  stm32f4xx_it.o(i.NMI_Handler)
    i.PendSV_Handler                         0x08004678   Section        0  stm32f4xx_it.o(i.PendSV_Handler)
    i.RIGHT_PIN_ACTIVE                       0x0800467c   Section        0  button.o(i.RIGHT_PIN_ACTIVE)
    i.SDRAM_GPIO_Config                      0x08004694   Section        0  bsp_sdram.o(i.SDRAM_GPIO_Config)
    SDRAM_GPIO_Config                        0x08004695   Thumb Code  1710  bsp_sdram.o(i.SDRAM_GPIO_Config)
    i.SDRAM_Init                             0x08004d5c   Section        0  bsp_sdram.o(i.SDRAM_Init)
    i.SDRAM_InitSequence                     0x08004df0   Section        0  bsp_sdram.o(i.SDRAM_InitSequence)
    SDRAM_InitSequence                       0x08004df1   Thumb Code   138  bsp_sdram.o(i.SDRAM_InitSequence)
    i.SDRAM_delay                            0x08004e84   Section        0  bsp_sdram.o(i.SDRAM_delay)
    SDRAM_delay                              0x08004e85   Thumb Code    32  bsp_sdram.o(i.SDRAM_delay)
    i.SETTING_PIN_ACTIVE                     0x08004ea8   Section        0  button.o(i.SETTING_PIN_ACTIVE)
    i.SUB_PIN_ACTIVE                         0x08004ec4   Section        0  button.o(i.SUB_PIN_ACTIVE)
    i.SVC_Handler                            0x08004ee0   Section        0  stm32f4xx_it.o(i.SVC_Handler)
    i.SWI_PIN_ACTIVE                         0x08004ee4   Section        0  button.o(i.SWI_PIN_ACTIVE)
    i.S_RST_PIN_ACTIVE                       0x08004efc   Section        0  button.o(i.S_RST_PIN_ACTIVE)
    i.SysTick_Handler                        0x08004f14   Section        0  stm32f4xx_it.o(i.SysTick_Handler)
    i.SystemClock_Config                     0x08004f1c   Section        0  main.o(i.SystemClock_Config)
    i.SystemInit                             0x08004fdc   Section        0  system_stm32f4xx.o(i.SystemInit)
    i.TIM6_DAC_IRQHandler                    0x08004ff0   Section        0  stm32f4xx_it.o(i.TIM6_DAC_IRQHandler)
    i.TIM_Base_SetConfig                     0x08005000   Section        0  stm32f4xx_hal_tim.o(i.TIM_Base_SetConfig)
    i.TIM_CCxChannelCmd                      0x080050d8   Section        0  stm32f4xx_hal_tim.o(i.TIM_CCxChannelCmd)
    i.TIM_ETR_SetConfig                      0x080050fa   Section        0  stm32f4xx_hal_tim.o(i.TIM_ETR_SetConfig)
    i.TIM_ITRx_SetConfig                     0x08005110   Section        0  stm32f4xx_hal_tim.o(i.TIM_ITRx_SetConfig)
    TIM_ITRx_SetConfig                       0x08005111   Thumb Code    18  stm32f4xx_hal_tim.o(i.TIM_ITRx_SetConfig)
    i.TIM_OC1_SetConfig                      0x08005124   Section        0  stm32f4xx_hal_tim.o(i.TIM_OC1_SetConfig)
    TIM_OC1_SetConfig                        0x08005125   Thumb Code   104  stm32f4xx_hal_tim.o(i.TIM_OC1_SetConfig)
    i.TIM_OC2_SetConfig                      0x08005194   Section        0  stm32f4xx_hal_tim.o(i.TIM_OC2_SetConfig)
    i.TIM_OC3_SetConfig                      0x08005210   Section        0  stm32f4xx_hal_tim.o(i.TIM_OC3_SetConfig)
    TIM_OC3_SetConfig                        0x08005211   Thumb Code   112  stm32f4xx_hal_tim.o(i.TIM_OC3_SetConfig)
    i.TIM_OC4_SetConfig                      0x08005288   Section        0  stm32f4xx_hal_tim.o(i.TIM_OC4_SetConfig)
    TIM_OC4_SetConfig                        0x08005289   Thumb Code    74  stm32f4xx_hal_tim.o(i.TIM_OC4_SetConfig)
    i.TIM_TI1_ConfigInputStage               0x080052dc   Section        0  stm32f4xx_hal_tim.o(i.TIM_TI1_ConfigInputStage)
    TIM_TI1_ConfigInputStage                 0x080052dd   Thumb Code    38  stm32f4xx_hal_tim.o(i.TIM_TI1_ConfigInputStage)
    i.TIM_TI2_ConfigInputStage               0x08005302   Section        0  stm32f4xx_hal_tim.o(i.TIM_TI2_ConfigInputStage)
    TIM_TI2_ConfigInputStage                 0x08005303   Thumb Code    40  stm32f4xx_hal_tim.o(i.TIM_TI2_ConfigInputStage)
    i.UsageFault_Handler                     0x0800532a   Section        0  stm32f4xx_it.o(i.UsageFault_Handler)
    i.__0sprintf                             0x08005330   Section        0  printfa.o(i.__0sprintf)
    i.__NVIC_GetPriorityGrouping             0x08005358   Section        0  stm32f4xx_hal_cortex.o(i.__NVIC_GetPriorityGrouping)
    __NVIC_GetPriorityGrouping               0x08005359   Thumb Code    10  stm32f4xx_hal_cortex.o(i.__NVIC_GetPriorityGrouping)
    i.__NVIC_SetPriority                     0x08005368   Section        0  stm32f4xx_hal_cortex.o(i.__NVIC_SetPriority)
    __NVIC_SetPriority                       0x08005369   Thumb Code    32  stm32f4xx_hal_cortex.o(i.__NVIC_SetPriority)
    i.__scatterload_copy                     0x08005390   Section       14  handlers.o(i.__scatterload_copy)
    i.__scatterload_null                     0x0800539e   Section        2  handlers.o(i.__scatterload_null)
    i.__scatterload_zeroinit                 0x080053a0   Section       14  handlers.o(i.__scatterload_zeroinit)
    i._fp_digits                             0x080053b0   Section        0  printfa.o(i._fp_digits)
    _fp_digits                               0x080053b1   Thumb Code   366  printfa.o(i._fp_digits)
    i._printf_core                           0x08005534   Section        0  printfa.o(i._printf_core)
    _printf_core                             0x08005535   Thumb Code  1744  printfa.o(i._printf_core)
    i._printf_post_padding                   0x08005c10   Section        0  printfa.o(i._printf_post_padding)
    _printf_post_padding                     0x08005c11   Thumb Code    36  printfa.o(i._printf_post_padding)
    i._printf_pre_padding                    0x08005c34   Section        0  printfa.o(i._printf_pre_padding)
    _printf_pre_padding                      0x08005c35   Thumb Code    46  printfa.o(i._printf_pre_padding)
    i._sputc                                 0x08005c62   Section        0  printfa.o(i._sputc)
    _sputc                                   0x08005c63   Thumb Code    10  printfa.o(i._sputc)
    i.addSubDeal                             0x08005c6c   Section        0  gui.o(i.addSubDeal)
    addSubDeal                               0x08005c6d   Thumb Code   280  gui.o(i.addSubDeal)
    i.buttonInit                             0x08005d8c   Section        0  button.o(i.buttonInit)
    i.buttonUpdate                           0x08005de4   Section        0  button.o(i.buttonUpdate)
    i.constrain                              0x08005e8c   Section        0  gui.o(i.constrain)
    constrain                                0x08005e8d   Thumb Code    32  gui.o(i.constrain)
    i.ctlFixedUpd                            0x08005eac   Section        0  control.o(i.ctlFixedUpd)
    i.ctlInit                                0x0800607c   Section        0  control.o(i.ctlInit)
    i.drawLineFrame                          0x080060d0   Section        0  gui.o(i.drawLineFrame)
    i.freqCalcHandler                        0x0800612c   Section        0  pulin_sig.o(i.freqCalcHandler)
    i.guiInit                                0x080061c0   Section        0  gui.o(i.guiInit)
    i.guiTask                                0x08006254   Section        0  gui.o(i.guiTask)
    i.isFreqDcc                              0x080069f0   Section        0  pulin_sig.o(i.isFreqDcc)
    i.isFreqStart                            0x08006a0c   Section        0  pulin_sig.o(i.isFreqStart)
    i.judgeCoordinate                        0x08006a20   Section        0  gui.o(i.judgeCoordinate)
    judgeCoordinate                          0x08006a21   Thumb Code   204  gui.o(i.judgeCoordinate)
    i.judgeSingleNum                         0x08006af4   Section        0  gui.o(i.judgeSingleNum)
    judgeSingleNum                           0x08006af5   Thumb Code   156  gui.o(i.judgeSingleNum)
    i.judgeVar                               0x08006b98   Section        0  gui.o(i.judgeVar)
    judgeVar                                 0x08006b99   Thumb Code    66  gui.o(i.judgeVar)
    i.leftRightLimit                         0x08006be4   Section        0  control.o(i.leftRightLimit)
    i.main                                   0x08006c50   Section        0  main.o(i.main)
    i.mergeData                              0x08006ccc   Section        0  gui.o(i.mergeData)
    mergeData                                0x08006ccd   Thumb Code    68  gui.o(i.mergeData)
    i.motionParamInit                        0x08006d10   Section        0  motion_param.o(i.motionParamInit)
    i.motionParamRead                        0x08006dc8   Section        0  motion_param.o(i.motionParamRead)
    i.motionParamSave                        0x08006e1c   Section        0  motion_param.o(i.motionParamSave)
    i.motionParamUpd                         0x08006ea4   Section        0  motion_param.o(i.motionParamUpd)
    i.sepData                                0x080070ac   Section        0  gui.o(i.sepData)
    sepData                                  0x080070ad   Thumb Code    88  gui.o(i.sepData)
    i.setFreq                                0x08007104   Section        0  pwm.o(i.setFreq)
    i.velProfileCtl                          0x0800712c   Section        0  trap_vel_profile.o(i.velProfileCtl)
    i.xAxisAutoFlgInput                      0x080071c4   Section        0  control.o(i.xAxisAutoFlgInput)
    i.xAxisManuFlgInput                      0x0800735c   Section        0  control.o(i.xAxisManuFlgInput)
    i.yAxisAutoFlgInput                      0x08007400   Section        0  control.o(i.yAxisAutoFlgInput)
    .constdata                               0x080074f4   Section    16288  bsp_lcd.o(.constdata)
    DangMap                                  0x0800b1f4   Data         672  bsp_lcd.o(.constdata)
    .constdata                               0x0800b494   Section       24  system_stm32f4xx.o(.constdata)
    .data                                    0x20000000   Section        8  gui.o(.data)
    .data                                    0x20000008   Section       11  control.o(.data)
    .data                                    0x20000014   Section       88  motion_param.o(.data)
    sectorError                              0x20000050   Data           4  motion_param.o(.data)
    eraseInitStruct                          0x20000054   Data          20  motion_param.o(.data)
    .data                                    0x2000006c   Section       60  pulin_sig.o(.data)
    cnt                                      0x200000a4   Data           4  pulin_sig.o(.data)
    .data                                    0x200000a8   Section       45  bsp_lcd.o(.data)
    ActiveLayer                              0x200000d0   Data           4  bsp_lcd.o(.data)
    .data                                    0x200000d8   Section        8  main.o(.data)
    .data                                    0x200000e0   Section        9  stm32f4xx_hal.o(.data)
    .data                                    0x200000ec   Section        4  system_stm32f4xx.o(.data)
    .bss                                     0x200000f0   Section       70  button.o(.bss)
    .bss                                     0x20000136   Section      150  gui.o(.bss)
    accBuff                                  0x20000136   Data          30  gui.o(.bss)
    velBuff                                  0x20000154   Data          30  gui.o(.bss)
    posBuff                                  0x20000172   Data          30  gui.o(.bss)
    realPosBuff                              0x20000190   Data          30  gui.o(.bss)
    equalValBuff                             0x200001ae   Data          30  gui.o(.bss)
    .bss                                     0x200001cc   Section       96  control.o(.bss)
    .bss                                     0x2000022c   Section       32  motion_param.o(.bss)
    .bss                                     0x2000024c   Section    16688  bsp_lcd.o(.bss)
    Ltdc_Handler                             0x2000024c   Data         168  bsp_lcd.o(.bss)
    Dma2d_Handler                            0x200002f4   Data          64  bsp_lcd.o(.bss)
    DrawProp                                 0x20000334   Data          24  bsp_lcd.o(.bss)
    periph_clk_init_struct                   0x2000434c   Data          48  bsp_lcd.o(.bss)
    .bss                                     0x2000437c   Section       68  bsp_sdram.o(.bss)
    Command                                  0x2000437c   Data          16  bsp_sdram.o(.bss)
    .bss                                     0x200043c0   Section      288  tim.o(.bss)
    .bss                                     0x200044e0   Section       32  stm32f4xx_hal_flash.o(.bss)
    STACK                                    0x20004500   Section     1024  startup_stm32f429xx.o(STACK)

    Global Symbols

    Symbol Name                              Value     Ov Type        Size  Object(Section)

    BuildAttributes$$THM_ISAv4$E$P$D$K$B$S$7EM$VFPi3$EXTD16$VFPS$VFMA$PE$A:L22UL41UL21$X:L11$S22US41US21$IEEE1$IW$USESV6$~STKCKD$USESV7$~SHL$OSPACE$ROPI$EBA8$MICROLIB$REQ8$PRES8$EABIv2 0x00000000   Number         0  anon$$obj.o ABSOLUTE
    __ARM_use_no_argv                        0x00000000   Number         0  main.o ABSOLUTE
    _printf_a                                0x00000000   Number         0  stubs.o ABSOLUTE
    _printf_c                                0x00000000   Number         0  stubs.o ABSOLUTE
    _printf_charcount                        0x00000000   Number         0  stubs.o ABSOLUTE
    _printf_d                                0x00000000   Number         0  stubs.o ABSOLUTE
    _printf_e                                0x00000000   Number         0  stubs.o ABSOLUTE
    _printf_f                                0x00000000   Number         0  stubs.o ABSOLUTE
    _printf_flags                            0x00000000   Number         0  stubs.o ABSOLUTE
    _printf_fp_dec                           0x00000000   Number         0  stubs.o ABSOLUTE
    _printf_fp_hex                           0x00000000   Number         0  stubs.o ABSOLUTE
    _printf_g                                0x00000000   Number         0  stubs.o ABSOLUTE
    _printf_i                                0x00000000   Number         0  stubs.o ABSOLUTE
    _printf_int_dec                          0x00000000   Number         0  stubs.o ABSOLUTE
    _printf_l                                0x00000000   Number         0  stubs.o ABSOLUTE
    _printf_lc                               0x00000000   Number         0  stubs.o ABSOLUTE
    _printf_ll                               0x00000000   Number         0  stubs.o ABSOLUTE
    _printf_lld                              0x00000000   Number         0  stubs.o ABSOLUTE
    _printf_lli                              0x00000000   Number         0  stubs.o ABSOLUTE
    _printf_llo                              0x00000000   Number         0  stubs.o ABSOLUTE
    _printf_llu                              0x00000000   Number         0  stubs.o ABSOLUTE
    _printf_llx                              0x00000000   Number         0  stubs.o ABSOLUTE
    _printf_longlong_dec                     0x00000000   Number         0  stubs.o ABSOLUTE
    _printf_longlong_hex                     0x00000000   Number         0  stubs.o ABSOLUTE
    _printf_longlong_oct                     0x00000000   Number         0  stubs.o ABSOLUTE
    _printf_ls                               0x00000000   Number         0  stubs.o ABSOLUTE
    _printf_mbtowc                           0x00000000   Number         0  stubs.o ABSOLUTE
    _printf_n                                0x00000000   Number         0  stubs.o ABSOLUTE
    _printf_o                                0x00000000   Number         0  stubs.o ABSOLUTE
    _printf_p                                0x00000000   Number         0  stubs.o ABSOLUTE
    _printf_percent                          0x00000000   Number         0  stubs.o ABSOLUTE
    _printf_pre_padding                      0x00000000   Number         0  stubs.o ABSOLUTE
    _printf_return_value                     0x00000000   Number         0  stubs.o ABSOLUTE
    _printf_s                                0x00000000   Number         0  stubs.o ABSOLUTE
    _printf_sizespec                         0x00000000   Number         0  stubs.o ABSOLUTE
    _printf_str                              0x00000000   Number         0  stubs.o ABSOLUTE
    _printf_truncate_signed                  0x00000000   Number         0  stubs.o ABSOLUTE
    _printf_truncate_unsigned                0x00000000   Number         0  stubs.o ABSOLUTE
    _printf_u                                0x00000000   Number         0  stubs.o ABSOLUTE
    _printf_wc                               0x00000000   Number         0  stubs.o ABSOLUTE
    _printf_wctomb                           0x00000000   Number         0  stubs.o ABSOLUTE
    _printf_widthprec                        0x00000000   Number         0  stubs.o ABSOLUTE
    _printf_x                                0x00000000   Number         0  stubs.o ABSOLUTE
    __cpp_initialize__aeabi_                  - Undefined Weak Reference
    __cxa_finalize                            - Undefined Weak Reference
    __decompress                              - Undefined Weak Reference
    _clock_init                               - Undefined Weak Reference
    _microlib_exit                            - Undefined Weak Reference
    __Vectors_Size                           0x000001ac   Number         0  startup_stm32f429xx.o ABSOLUTE
    __Vectors                                0x08000000   Data           4  startup_stm32f429xx.o(RESET)
    __Vectors_End                            0x080001ac   Data           0  startup_stm32f429xx.o(RESET)
    __main                                   0x080001ad   Thumb Code     0  entry.o(.ARM.Collect$$$$00000000)
    _main_stk                                0x080001ad   Thumb Code     0  entry2.o(.ARM.Collect$$$$00000001)
    _main_scatterload                        0x080001b1   Thumb Code     0  entry5.o(.ARM.Collect$$$$00000004)
    __main_after_scatterload                 0x080001b5   Thumb Code     0  entry5.o(.ARM.Collect$$$$00000004)
    _main_clock                              0x080001b5   Thumb Code     0  entry7b.o(.ARM.Collect$$$$00000008)
    _main_cpp_init                           0x080001b5   Thumb Code     0  entry8b.o(.ARM.Collect$$$$0000000A)
    _main_init                               0x080001b5   Thumb Code     0  entry9a.o(.ARM.Collect$$$$0000000B)
    __rt_final_cpp                           0x080001bd   Thumb Code     0  entry10a.o(.ARM.Collect$$$$0000000D)
    __rt_final_exit                          0x080001bd   Thumb Code     0  entry11a.o(.ARM.Collect$$$$0000000F)
    Reset_Handler                            0x080001c1   Thumb Code     8  startup_stm32f429xx.o(.text)
    ADC_IRQHandler                           0x080001db   Thumb Code     0  startup_stm32f429xx.o(.text)
    CAN1_RX0_IRQHandler                      0x080001db   Thumb Code     0  startup_stm32f429xx.o(.text)
    CAN1_RX1_IRQHandler                      0x080001db   Thumb Code     0  startup_stm32f429xx.o(.text)
    CAN1_SCE_IRQHandler                      0x080001db   Thumb Code     0  startup_stm32f429xx.o(.text)
    CAN1_TX_IRQHandler                       0x080001db   Thumb Code     0  startup_stm32f429xx.o(.text)
    CAN2_RX0_IRQHandler                      0x080001db   Thumb Code     0  startup_stm32f429xx.o(.text)
    CAN2_RX1_IRQHandler                      0x080001db   Thumb Code     0  startup_stm32f429xx.o(.text)
    CAN2_SCE_IRQHandler                      0x080001db   Thumb Code     0  startup_stm32f429xx.o(.text)
    CAN2_TX_IRQHandler                       0x080001db   Thumb Code     0  startup_stm32f429xx.o(.text)
    DCMI_IRQHandler                          0x080001db   Thumb Code     0  startup_stm32f429xx.o(.text)
    DMA1_Stream0_IRQHandler                  0x080001db   Thumb Code     0  startup_stm32f429xx.o(.text)
    DMA1_Stream1_IRQHandler                  0x080001db   Thumb Code     0  startup_stm32f429xx.o(.text)
    DMA1_Stream2_IRQHandler                  0x080001db   Thumb Code     0  startup_stm32f429xx.o(.text)
    DMA1_Stream3_IRQHandler                  0x080001db   Thumb Code     0  startup_stm32f429xx.o(.text)
    DMA1_Stream4_IRQHandler                  0x080001db   Thumb Code     0  startup_stm32f429xx.o(.text)
    DMA1_Stream5_IRQHandler                  0x080001db   Thumb Code     0  startup_stm32f429xx.o(.text)
    DMA1_Stream6_IRQHandler                  0x080001db   Thumb Code     0  startup_stm32f429xx.o(.text)
    DMA1_Stream7_IRQHandler                  0x080001db   Thumb Code     0  startup_stm32f429xx.o(.text)
    DMA2D_IRQHandler                         0x080001db   Thumb Code     0  startup_stm32f429xx.o(.text)
    DMA2_Stream0_IRQHandler                  0x080001db   Thumb Code     0  startup_stm32f429xx.o(.text)
    DMA2_Stream1_IRQHandler                  0x080001db   Thumb Code     0  startup_stm32f429xx.o(.text)
    DMA2_Stream2_IRQHandler                  0x080001db   Thumb Code     0  startup_stm32f429xx.o(.text)
    DMA2_Stream3_IRQHandler                  0x080001db   Thumb Code     0  startup_stm32f429xx.o(.text)
    DMA2_Stream4_IRQHandler                  0x080001db   Thumb Code     0  startup_stm32f429xx.o(.text)
    DMA2_Stream5_IRQHandler                  0x080001db   Thumb Code     0  startup_stm32f429xx.o(.text)
    DMA2_Stream6_IRQHandler                  0x080001db   Thumb Code     0  startup_stm32f429xx.o(.text)
    DMA2_Stream7_IRQHandler                  0x080001db   Thumb Code     0  startup_stm32f429xx.o(.text)
    ETH_IRQHandler                           0x080001db   Thumb Code     0  startup_stm32f429xx.o(.text)
    ETH_WKUP_IRQHandler                      0x080001db   Thumb Code     0  startup_stm32f429xx.o(.text)
    EXTI0_IRQHandler                         0x080001db   Thumb Code     0  startup_stm32f429xx.o(.text)
    EXTI15_10_IRQHandler                     0x080001db   Thumb Code     0  startup_stm32f429xx.o(.text)
    EXTI1_IRQHandler                         0x080001db   Thumb Code     0  startup_stm32f429xx.o(.text)
    EXTI2_IRQHandler                         0x080001db   Thumb Code     0  startup_stm32f429xx.o(.text)
    EXTI3_IRQHandler                         0x080001db   Thumb Code     0  startup_stm32f429xx.o(.text)
    EXTI9_5_IRQHandler                       0x080001db   Thumb Code     0  startup_stm32f429xx.o(.text)
    FLASH_IRQHandler                         0x080001db   Thumb Code     0  startup_stm32f429xx.o(.text)
    FMC_IRQHandler                           0x080001db   Thumb Code     0  startup_stm32f429xx.o(.text)
    FPU_IRQHandler                           0x080001db   Thumb Code     0  startup_stm32f429xx.o(.text)
    HASH_RNG_IRQHandler                      0x080001db   Thumb Code     0  startup_stm32f429xx.o(.text)
    I2C1_ER_IRQHandler                       0x080001db   Thumb Code     0  startup_stm32f429xx.o(.text)
    I2C1_EV_IRQHandler                       0x080001db   Thumb Code     0  startup_stm32f429xx.o(.text)
    I2C2_ER_IRQHandler                       0x080001db   Thumb Code     0  startup_stm32f429xx.o(.text)
    I2C2_EV_IRQHandler                       0x080001db   Thumb Code     0  startup_stm32f429xx.o(.text)
    I2C3_ER_IRQHandler                       0x080001db   Thumb Code     0  startup_stm32f429xx.o(.text)
    I2C3_EV_IRQHandler                       0x080001db   Thumb Code     0  startup_stm32f429xx.o(.text)
    LTDC_ER_IRQHandler                       0x080001db   Thumb Code     0  startup_stm32f429xx.o(.text)
    LTDC_IRQHandler                          0x080001db   Thumb Code     0  startup_stm32f429xx.o(.text)
    OTG_FS_IRQHandler                        0x080001db   Thumb Code     0  startup_stm32f429xx.o(.text)
    OTG_FS_WKUP_IRQHandler                   0x080001db   Thumb Code     0  startup_stm32f429xx.o(.text)
    OTG_HS_EP1_IN_IRQHandler                 0x080001db   Thumb Code     0  startup_stm32f429xx.o(.text)
    OTG_HS_EP1_OUT_IRQHandler                0x080001db   Thumb Code     0  startup_stm32f429xx.o(.text)
    OTG_HS_IRQHandler                        0x080001db   Thumb Code     0  startup_stm32f429xx.o(.text)
    OTG_HS_WKUP_IRQHandler                   0x080001db   Thumb Code     0  startup_stm32f429xx.o(.text)
    PVD_IRQHandler                           0x080001db   Thumb Code     0  startup_stm32f429xx.o(.text)
    RCC_IRQHandler                           0x080001db   Thumb Code     0  startup_stm32f429xx.o(.text)
    RTC_Alarm_IRQHandler                     0x080001db   Thumb Code     0  startup_stm32f429xx.o(.text)
    RTC_WKUP_IRQHandler                      0x080001db   Thumb Code     0  startup_stm32f429xx.o(.text)
    SAI1_IRQHandler                          0x080001db   Thumb Code     0  startup_stm32f429xx.o(.text)
    SDIO_IRQHandler                          0x080001db   Thumb Code     0  startup_stm32f429xx.o(.text)
    SPI1_IRQHandler                          0x080001db   Thumb Code     0  startup_stm32f429xx.o(.text)
    SPI2_IRQHandler                          0x080001db   Thumb Code     0  startup_stm32f429xx.o(.text)
    SPI3_IRQHandler                          0x080001db   Thumb Code     0  startup_stm32f429xx.o(.text)
    SPI4_IRQHandler                          0x080001db   Thumb Code     0  startup_stm32f429xx.o(.text)
    SPI5_IRQHandler                          0x080001db   Thumb Code     0  startup_stm32f429xx.o(.text)
    SPI6_IRQHandler                          0x080001db   Thumb Code     0  startup_stm32f429xx.o(.text)
    TAMP_STAMP_IRQHandler                    0x080001db   Thumb Code     0  startup_stm32f429xx.o(.text)
    TIM1_BRK_TIM9_IRQHandler                 0x080001db   Thumb Code     0  startup_stm32f429xx.o(.text)
    TIM1_CC_IRQHandler                       0x080001db   Thumb Code     0  startup_stm32f429xx.o(.text)
    TIM1_TRG_COM_TIM11_IRQHandler            0x080001db   Thumb Code     0  startup_stm32f429xx.o(.text)
    TIM1_UP_TIM10_IRQHandler                 0x080001db   Thumb Code     0  startup_stm32f429xx.o(.text)
    TIM2_IRQHandler                          0x080001db   Thumb Code     0  startup_stm32f429xx.o(.text)
    TIM3_IRQHandler                          0x080001db   Thumb Code     0  startup_stm32f429xx.o(.text)
    TIM4_IRQHandler                          0x080001db   Thumb Code     0  startup_stm32f429xx.o(.text)
    TIM5_IRQHandler                          0x080001db   Thumb Code     0  startup_stm32f429xx.o(.text)
    TIM7_IRQHandler                          0x080001db   Thumb Code     0  startup_stm32f429xx.o(.text)
    TIM8_BRK_TIM12_IRQHandler                0x080001db   Thumb Code     0  startup_stm32f429xx.o(.text)
    TIM8_CC_IRQHandler                       0x080001db   Thumb Code     0  startup_stm32f429xx.o(.text)
    TIM8_TRG_COM_TIM14_IRQHandler            0x080001db   Thumb Code     0  startup_stm32f429xx.o(.text)
    TIM8_UP_TIM13_IRQHandler                 0x080001db   Thumb Code     0  startup_stm32f429xx.o(.text)
    UART4_IRQHandler                         0x080001db   Thumb Code     0  startup_stm32f429xx.o(.text)
    UART5_IRQHandler                         0x080001db   Thumb Code     0  startup_stm32f429xx.o(.text)
    UART7_IRQHandler                         0x080001db   Thumb Code     0  startup_stm32f429xx.o(.text)
    UART8_IRQHandler                         0x080001db   Thumb Code     0  startup_stm32f429xx.o(.text)
    USART1_IRQHandler                        0x080001db   Thumb Code     0  startup_stm32f429xx.o(.text)
    USART2_IRQHandler                        0x080001db   Thumb Code     0  startup_stm32f429xx.o(.text)
    USART3_IRQHandler                        0x080001db   Thumb Code     0  startup_stm32f429xx.o(.text)
    USART6_IRQHandler                        0x080001db   Thumb Code     0  startup_stm32f429xx.o(.text)
    WWDG_IRQHandler                          0x080001db   Thumb Code     0  startup_stm32f429xx.o(.text)
    __aeabi_uldivmod                         0x080001e5   Thumb Code    98  uldiv.o(.text)
    __aeabi_memcpy                           0x08000247   Thumb Code    36  memcpya.o(.text)
    __aeabi_memcpy4                          0x08000247   Thumb Code     0  memcpya.o(.text)
    __aeabi_memcpy8                          0x08000247   Thumb Code     0  memcpya.o(.text)
    __aeabi_memset                           0x0800026b   Thumb Code    14  memseta.o(.text)
    __aeabi_memset4                          0x0800026b   Thumb Code     0  memseta.o(.text)
    __aeabi_memset8                          0x0800026b   Thumb Code     0  memseta.o(.text)
    __aeabi_memclr                           0x08000279   Thumb Code     4  memseta.o(.text)
    __aeabi_memclr4                          0x08000279   Thumb Code     0  memseta.o(.text)
    __aeabi_memclr8                          0x08000279   Thumb Code     0  memseta.o(.text)
    _memset$wrapper                          0x0800027d   Thumb Code    18  memseta.o(.text)
    __aeabi_dmul                             0x0800028f   Thumb Code   228  dmul.o(.text)
    __aeabi_ui2d                             0x08000373   Thumb Code    26  dfltui.o(.text)
    __aeabi_d2uiz                            0x0800038d   Thumb Code    50  dfixui.o(.text)
    __aeabi_f2d                              0x080003bf   Thumb Code    38  f2d.o(.text)
    __aeabi_uidiv                            0x080003e5   Thumb Code     0  uidiv.o(.text)
    __aeabi_uidivmod                         0x080003e5   Thumb Code    44  uidiv.o(.text)
    __aeabi_llsl                             0x08000411   Thumb Code    30  llshl.o(.text)
    _ll_shift_l                              0x08000411   Thumb Code     0  llshl.o(.text)
    __aeabi_llsr                             0x0800042f   Thumb Code    32  llushr.o(.text)
    _ll_ushift_r                             0x0800042f   Thumb Code     0  llushr.o(.text)
    __I$use$fp                               0x0800044f   Thumb Code     0  iusefp.o(.text)
    _double_round                            0x0800044f   Thumb Code    30  depilogue.o(.text)
    _double_epilogue                         0x0800046d   Thumb Code   156  depilogue.o(.text)
    __aeabi_dadd                             0x08000509   Thumb Code   322  dadd.o(.text)
    __aeabi_dsub                             0x0800064b   Thumb Code     6  dadd.o(.text)
    __aeabi_drsub                            0x08000651   Thumb Code     6  dadd.o(.text)
    __aeabi_ddiv                             0x08000657   Thumb Code   222  ddiv.o(.text)
    __aeabi_d2ulz                            0x08000735   Thumb Code    48  dfixul.o(.text)
    __aeabi_cdrcmple                         0x08000765   Thumb Code    48  cdrcmple.o(.text)
    __scatterload                            0x08000795   Thumb Code    28  init.o(.text)
    __scatterload_rt2                        0x08000795   Thumb Code     0  init.o(.text)
    __aeabi_lasr                             0x080007b9   Thumb Code    36  llsshr.o(.text)
    _ll_sshift_r                             0x080007b9   Thumb Code     0  llsshr.o(.text)
    ADD_PIN_ACTIVE                           0x080007dd   Thumb Code    20  button.o(i.ADD_PIN_ACTIVE)
    BACK_PIN_ACTIVE                          0x080007f5   Thumb Code    20  button.o(i.BACK_PIN_ACTIVE)
    BusFault_Handler                         0x0800080d   Thumb Code     4  stm32f4xx_it.o(i.BusFault_Handler)
    CONF_PIN_ACTIVE                          0x08000811   Thumb Code    22  button.o(i.CONF_PIN_ACTIVE)
    DebugMon_Handler                         0x08000913   Thumb Code     2  stm32f4xx_it.o(i.DebugMon_Handler)
    EXTI4_IRQHandler                         0x08000a65   Thumb Code    10  stm32f4xx_it.o(i.EXTI4_IRQHandler)
    Error_Handler                            0x08000a6f   Thumb Code     6  main.o(i.Error_Handler)
    FLASH_Erase_Sector                       0x08000a75   Thumb Code    92  stm32f4xx_hal_flash_ex.o(i.FLASH_Erase_Sector)
    FLASH_FlushCaches                        0x08000ad5   Thumb Code   114  stm32f4xx_hal_flash_ex.o(i.FLASH_FlushCaches)
    FLASH_WaitForLastOperation               0x08000d05   Thumb Code    90  stm32f4xx_hal_flash.o(i.FLASH_WaitForLastOperation)
    FMC_SDRAM_Init                           0x08000d69   Thumb Code   108  stm32f4xx_ll_fmc.o(i.FMC_SDRAM_Init)
    FMC_SDRAM_ProgramRefreshRate             0x08000dd5   Thumb Code    20  stm32f4xx_ll_fmc.o(i.FMC_SDRAM_ProgramRefreshRate)
    FMC_SDRAM_SendCommand                    0x08000de9   Thumb Code    86  stm32f4xx_ll_fmc.o(i.FMC_SDRAM_SendCommand)
    FMC_SDRAM_Timing_Init                    0x08000e41   Thumb Code   144  stm32f4xx_ll_fmc.o(i.FMC_SDRAM_Timing_Init)
    FORWARD_PIN_ACTIVE                       0x08000ed5   Thumb Code    20  button.o(i.FORWARD_PIN_ACTIVE)
    HAL_DMA2D_ConfigLayer                    0x08000eed   Thumb Code   198  stm32f4xx_hal_dma2d.o(i.HAL_DMA2D_ConfigLayer)
    HAL_DMA2D_Init                           0x08000fb9   Thumb Code    96  stm32f4xx_hal_dma2d.o(i.HAL_DMA2D_Init)
    HAL_DMA2D_MspInit                        0x08001019   Thumb Code     2  stm32f4xx_hal_dma2d.o(i.HAL_DMA2D_MspInit)
    HAL_DMA2D_PollForTransfer                0x0800101b   Thumb Code   358  stm32f4xx_hal_dma2d.o(i.HAL_DMA2D_PollForTransfer)
    HAL_DMA2D_Start                          0x08001181   Thumb Code    78  stm32f4xx_hal_dma2d.o(i.HAL_DMA2D_Start)
    HAL_Delay                                0x080011d1   Thumb Code    36  stm32f4xx_hal.o(i.HAL_Delay)
    HAL_FLASHEx_Erase                        0x080011f9   Thumb Code   166  stm32f4xx_hal_flash_ex.o(i.HAL_FLASHEx_Erase)
    HAL_FLASH_Lock                           0x080012a9   Thumb Code    16  stm32f4xx_hal_flash.o(i.HAL_FLASH_Lock)
    HAL_FLASH_Program                        0x080012bd   Thumb Code   142  stm32f4xx_hal_flash.o(i.HAL_FLASH_Program)
    HAL_FLASH_Unlock                         0x08001355   Thumb Code    38  stm32f4xx_hal_flash.o(i.HAL_FLASH_Unlock)
    HAL_GPIO_EXTI_Callback                   0x08001389   Thumb Code    12  main.o(i.HAL_GPIO_EXTI_Callback)
    HAL_GPIO_EXTI_IRQHandler                 0x08001399   Thumb Code    24  stm32f4xx_hal_gpio.o(i.HAL_GPIO_EXTI_IRQHandler)
    HAL_GPIO_Init                            0x080013b5   Thumb Code   474  stm32f4xx_hal_gpio.o(i.HAL_GPIO_Init)
    HAL_GPIO_ReadPin                         0x080015c5   Thumb Code    16  stm32f4xx_hal_gpio.o(i.HAL_GPIO_ReadPin)
    HAL_GPIO_WritePin                        0x080015d5   Thumb Code    12  stm32f4xx_hal_gpio.o(i.HAL_GPIO_WritePin)
    HAL_GetTick                              0x080015e1   Thumb Code     6  stm32f4xx_hal.o(i.HAL_GetTick)
    HAL_IncTick                              0x080015ed   Thumb Code    16  stm32f4xx_hal.o(i.HAL_IncTick)
    HAL_Init                                 0x08001605   Thumb Code    54  stm32f4xx_hal.o(i.HAL_Init)
    HAL_InitTick                             0x08001641   Thumb Code    64  stm32f4xx_hal.o(i.HAL_InitTick)
    HAL_LTDC_ConfigLayer                     0x0800168d   Thumb Code    94  stm32f4xx_hal_ltdc.o(i.HAL_LTDC_ConfigLayer)
    HAL_LTDC_Init                            0x080016ed   Thumb Code   274  stm32f4xx_hal_ltdc.o(i.HAL_LTDC_Init)
    HAL_LTDC_MspInit                         0x08001805   Thumb Code     2  stm32f4xx_hal_ltdc.o(i.HAL_LTDC_MspInit)
    HAL_LTDC_SetAlpha                        0x08001807   Thumb Code    92  stm32f4xx_hal_ltdc.o(i.HAL_LTDC_SetAlpha)
    HAL_MspInit                              0x08001865   Thumb Code    68  stm32f4xx_hal_msp.o(i.HAL_MspInit)
    HAL_NVIC_EnableIRQ                       0x080018ad   Thumb Code    32  stm32f4xx_hal_cortex.o(i.HAL_NVIC_EnableIRQ)
    HAL_NVIC_SetPriority                     0x080018cd   Thumb Code   124  stm32f4xx_hal_cortex.o(i.HAL_NVIC_SetPriority)
    HAL_NVIC_SetPriorityGrouping             0x08001949   Thumb Code    32  stm32f4xx_hal_cortex.o(i.HAL_NVIC_SetPriorityGrouping)
    HAL_PWREx_EnableOverDrive                0x08001971   Thumb Code   128  stm32f4xx_hal_pwr_ex.o(i.HAL_PWREx_EnableOverDrive)
    HAL_RCCEx_PeriphCLKConfig                0x080019fd   Thumb Code   746  stm32f4xx_hal_rcc_ex.o(i.HAL_RCCEx_PeriphCLKConfig)
    HAL_RCC_ClockConfig                      0x08001d01   Thumb Code   368  stm32f4xx_hal_rcc.o(i.HAL_RCC_ClockConfig)
    HAL_RCC_GetHCLKFreq                      0x08001e85   Thumb Code     6  stm32f4xx_hal_rcc.o(i.HAL_RCC_GetHCLKFreq)
    HAL_RCC_GetPCLK1Freq                     0x08001e91   Thumb Code    22  stm32f4xx_hal_rcc.o(i.HAL_RCC_GetPCLK1Freq)
    HAL_RCC_GetSysClockFreq                  0x08001eb1   Thumb Code   162  stm32f4xx_hal_rcc.o(i.HAL_RCC_GetSysClockFreq)
    HAL_RCC_OscConfig                        0x08001f61   Thumb Code  1172  stm32f4xx_hal_rcc.o(i.HAL_RCC_OscConfig)
    HAL_SDRAM_Init                           0x080023fd   Thumb Code    64  stm32f4xx_hal_sdram.o(i.HAL_SDRAM_Init)
    HAL_SDRAM_MspInit                        0x0800243d   Thumb Code     2  stm32f4xx_hal_sdram.o(i.HAL_SDRAM_MspInit)
    HAL_SDRAM_ProgramRefreshRate             0x0800243f   Thumb Code    54  stm32f4xx_hal_sdram.o(i.HAL_SDRAM_ProgramRefreshRate)
    HAL_SDRAM_SendCommand                    0x08002475   Thumb Code    78  stm32f4xx_hal_sdram.o(i.HAL_SDRAM_SendCommand)
    HAL_SYSTICK_Config                       0x080024c3   Thumb Code    52  stm32f4xx_hal_cortex.o(i.HAL_SYSTICK_Config)
    HAL_TIMEx_BreakCallback                  0x080024f7   Thumb Code     2  stm32f4xx_hal_tim_ex.o(i.HAL_TIMEx_BreakCallback)
    HAL_TIMEx_CommutCallback                 0x080024f9   Thumb Code     2  stm32f4xx_hal_tim_ex.o(i.HAL_TIMEx_CommutCallback)
    HAL_TIMEx_ConfigBreakDeadTime            0x080024fb   Thumb Code   116  stm32f4xx_hal_tim_ex.o(i.HAL_TIMEx_ConfigBreakDeadTime)
    HAL_TIMEx_MasterConfigSynchronization    0x08002571   Thumb Code   150  stm32f4xx_hal_tim_ex.o(i.HAL_TIMEx_MasterConfigSynchronization)
    HAL_TIM_Base_Init                        0x08002625   Thumb Code   102  stm32f4xx_hal_tim.o(i.HAL_TIM_Base_Init)
    HAL_TIM_Base_MspInit                     0x0800268d   Thumb Code   192  tim.o(i.HAL_TIM_Base_MspInit)
    HAL_TIM_Base_Start_IT                    0x08002761   Thumb Code   138  stm32f4xx_hal_tim.o(i.HAL_TIM_Base_Start_IT)
    HAL_TIM_ConfigClockSource                0x08002809   Thumb Code   268  stm32f4xx_hal_tim.o(i.HAL_TIM_ConfigClockSource)
    HAL_TIM_IC_CaptureCallback               0x08002915   Thumb Code    16  main.o(i.HAL_TIM_IC_CaptureCallback)
    HAL_TIM_IRQHandler                       0x08002925   Thumb Code   406  stm32f4xx_hal_tim.o(i.HAL_TIM_IRQHandler)
    HAL_TIM_MspPostInit                      0x08002abd   Thumb Code   218  tim.o(i.HAL_TIM_MspPostInit)
    HAL_TIM_OC_DelayElapsedCallback          0x08002bb1   Thumb Code     2  stm32f4xx_hal_tim.o(i.HAL_TIM_OC_DelayElapsedCallback)
    HAL_TIM_PWM_ConfigChannel                0x08002bb3   Thumb Code   260  stm32f4xx_hal_tim.o(i.HAL_TIM_PWM_ConfigChannel)
    HAL_TIM_PWM_Init                         0x08002cb7   Thumb Code   102  stm32f4xx_hal_tim.o(i.HAL_TIM_PWM_Init)
    HAL_TIM_PWM_MspInit                      0x08002d1d   Thumb Code     2  stm32f4xx_hal_tim.o(i.HAL_TIM_PWM_MspInit)
    HAL_TIM_PWM_PulseFinishedCallback        0x08002d1f   Thumb Code     2  stm32f4xx_hal_tim.o(i.HAL_TIM_PWM_PulseFinishedCallback)
    HAL_TIM_PWM_Start                        0x08002d21   Thumb Code   238  stm32f4xx_hal_tim.o(i.HAL_TIM_PWM_Start)
    HAL_TIM_PeriodElapsedCallback            0x08002e2d   Thumb Code    30  main.o(i.HAL_TIM_PeriodElapsedCallback)
    HAL_TIM_TriggerCallback                  0x08002e59   Thumb Code     2  stm32f4xx_hal_tim.o(i.HAL_TIM_TriggerCallback)
    HardFault_Handler                        0x08002e5b   Thumb Code     4  stm32f4xx_it.o(i.HardFault_Handler)
    LCD_Clear                                0x08002e61   Thumb Code    56  bsp_lcd.o(i.LCD_Clear)
    LCD_DisplayChar                          0x08002ea1   Thumb Code    96  bsp_lcd.o(i.LCD_DisplayChar)
    LCD_DisplayOn                            0x08002f09   Thumb Code    40  bsp_lcd.o(i.LCD_DisplayOn)
    LCD_DisplayStringAt                      0x08002f39   Thumb Code   286  bsp_lcd.o(i.LCD_DisplayStringAt)
    LCD_DrawCharCH                           0x08003061   Thumb Code   192  bsp_lcd.o(i.LCD_DrawCharCH)
    LCD_DrawHLine                            0x0800312d   Thumb Code   310  bsp_lcd.o(i.LCD_DrawHLine)
    LCD_DrawPixel                            0x08003271   Thumb Code   338  bsp_lcd.o(i.LCD_DrawPixel)
    LCD_DrawVLine                            0x080033cd   Thumb Code   316  bsp_lcd.o(i.LCD_DrawVLine)
    LCD_GetXSize                             0x08003ae1   Thumb Code    22  bsp_lcd.o(i.LCD_GetXSize)
    LCD_GetYSize                             0x08003b01   Thumb Code    22  bsp_lcd.o(i.LCD_GetYSize)
    LCD_Init                                 0x08003b21   Thumb Code   558  bsp_lcd.o(i.LCD_Init)
    LCD_LayerInit                            0x08003d69   Thumb Code   148  bsp_lcd.o(i.LCD_LayerInit)
    LCD_SelectLayer                          0x08003e09   Thumb Code     6  bsp_lcd.o(i.LCD_SelectLayer)
    LCD_SetBackColor                         0x08003e15   Thumb Code    18  bsp_lcd.o(i.LCD_SetBackColor)
    LCD_SetColors                            0x08003e31   Thumb Code    20  bsp_lcd.o(i.LCD_SetColors)
    LCD_SetFont                              0x08003e45   Thumb Code    18  bsp_lcd.o(i.LCD_SetFont)
    LCD_SetTextColor                         0x08003e61   Thumb Code    16  bsp_lcd.o(i.LCD_SetTextColor)
    LCD_SetTransparency                      0x08003e79   Thumb Code    18  bsp_lcd.o(i.LCD_SetTransparency)
    LEFT_PIN_ACTIVE                          0x08003e91   Thumb Code    20  button.o(i.LEFT_PIN_ACTIVE)
    MX_GPIO_Init                             0x080041b9   Thumb Code   470  gpio.o(i.MX_GPIO_Init)
    MX_TIM1_Init                             0x080043b1   Thumb Code   222  tim.o(i.MX_TIM1_Init)
    MX_TIM5_Init                             0x08004499   Thumb Code   154  tim.o(i.MX_TIM5_Init)
    MX_TIM6_Init                             0x0800453d   Thumb Code    66  tim.o(i.MX_TIM6_Init)
    MX_TIM8_Init                             0x08004589   Thumb Code   222  tim.o(i.MX_TIM8_Init)
    MemManage_Handler                        0x08004671   Thumb Code     4  stm32f4xx_it.o(i.MemManage_Handler)
    NMI_Handler                              0x08004675   Thumb Code     4  stm32f4xx_it.o(i.NMI_Handler)
    PendSV_Handler                           0x08004679   Thumb Code     2  stm32f4xx_it.o(i.PendSV_Handler)
    RIGHT_PIN_ACTIVE                         0x0800467d   Thumb Code    20  button.o(i.RIGHT_PIN_ACTIVE)
    SDRAM_Init                               0x08004d5d   Thumb Code   134  bsp_sdram.o(i.SDRAM_Init)
    SETTING_PIN_ACTIVE                       0x08004ea9   Thumb Code    22  button.o(i.SETTING_PIN_ACTIVE)
    SUB_PIN_ACTIVE                           0x08004ec5   Thumb Code    22  button.o(i.SUB_PIN_ACTIVE)
    SVC_Handler                              0x08004ee1   Thumb Code     2  stm32f4xx_it.o(i.SVC_Handler)
    SWI_PIN_ACTIVE                           0x08004ee5   Thumb Code    20  button.o(i.SWI_PIN_ACTIVE)
    S_RST_PIN_ACTIVE                         0x08004efd   Thumb Code    20  button.o(i.S_RST_PIN_ACTIVE)
    SysTick_Handler                          0x08004f15   Thumb Code     8  stm32f4xx_it.o(i.SysTick_Handler)
    SystemClock_Config                       0x08004f1d   Thumb Code   182  main.o(i.SystemClock_Config)
    SystemInit                               0x08004fdd   Thumb Code    14  system_stm32f4xx.o(i.SystemInit)
    TIM6_DAC_IRQHandler                      0x08004ff1   Thumb Code    10  stm32f4xx_it.o(i.TIM6_DAC_IRQHandler)
    TIM_Base_SetConfig                       0x08005001   Thumb Code   170  stm32f4xx_hal_tim.o(i.TIM_Base_SetConfig)
    TIM_CCxChannelCmd                        0x080050d9   Thumb Code    34  stm32f4xx_hal_tim.o(i.TIM_CCxChannelCmd)
    TIM_ETR_SetConfig                        0x080050fb   Thumb Code    22  stm32f4xx_hal_tim.o(i.TIM_ETR_SetConfig)
    TIM_OC2_SetConfig                        0x08005195   Thumb Code   114  stm32f4xx_hal_tim.o(i.TIM_OC2_SetConfig)
    UsageFault_Handler                       0x0800532b   Thumb Code     4  stm32f4xx_it.o(i.UsageFault_Handler)
    __0sprintf                               0x08005331   Thumb Code    34  printfa.o(i.__0sprintf)
    __1sprintf                               0x08005331   Thumb Code     0  printfa.o(i.__0sprintf)
    __2sprintf                               0x08005331   Thumb Code     0  printfa.o(i.__0sprintf)
    __c89sprintf                             0x08005331   Thumb Code     0  printfa.o(i.__0sprintf)
    sprintf                                  0x08005331   Thumb Code     0  printfa.o(i.__0sprintf)
    __scatterload_copy                       0x08005391   Thumb Code    14  handlers.o(i.__scatterload_copy)
    __scatterload_null                       0x0800539f   Thumb Code     2  handlers.o(i.__scatterload_null)
    __scatterload_zeroinit                   0x080053a1   Thumb Code    14  handlers.o(i.__scatterload_zeroinit)
    buttonInit                               0x08005d8d   Thumb Code    44  button.o(i.buttonInit)
    buttonUpdate                             0x08005de5   Thumb Code   158  button.o(i.buttonUpdate)
    ctlFixedUpd                              0x08005ead   Thumb Code   414  control.o(i.ctlFixedUpd)
    ctlInit                                  0x0800607d   Thumb Code    52  control.o(i.ctlInit)
    drawLineFrame                            0x080060d1   Thumb Code    86  gui.o(i.drawLineFrame)
    freqCalcHandler                          0x0800612d   Thumb Code   120  pulin_sig.o(i.freqCalcHandler)
    guiInit                                  0x080061c1   Thumb Code   138  gui.o(i.guiInit)
    guiTask                                  0x08006255   Thumb Code  1882  gui.o(i.guiTask)
    isFreqDcc                                0x080069f1   Thumb Code    22  pulin_sig.o(i.isFreqDcc)
    isFreqStart                              0x08006a0d   Thumb Code    14  pulin_sig.o(i.isFreqStart)
    leftRightLimit                           0x08006be5   Thumb Code    90  control.o(i.leftRightLimit)
    main                                     0x08006c51   Thumb Code   108  main.o(i.main)
    motionParamInit                          0x08006d11   Thumb Code   154  motion_param.o(i.motionParamInit)
    motionParamRead                          0x08006dc9   Thumb Code    74  motion_param.o(i.motionParamRead)
    motionParamSave                          0x08006e1d   Thumb Code   120  motion_param.o(i.motionParamSave)
    motionParamUpd                           0x08006ea5   Thumb Code   480  motion_param.o(i.motionParamUpd)
    setFreq                                  0x08007105   Thumb Code    36  pwm.o(i.setFreq)
    velProfileCtl                            0x0800712d   Thumb Code   152  trap_vel_profile.o(i.velProfileCtl)
    xAxisAutoFlgInput                        0x080071c5   Thumb Code   390  control.o(i.xAxisAutoFlgInput)
    xAxisManuFlgInput                        0x0800735d   Thumb Code   148  control.o(i.xAxisManuFlgInput)
    yAxisAutoFlgInput                        0x08007401   Thumb Code   222  control.o(i.yAxisAutoFlgInput)
    Font24_Table                             0x080074f4   Data        6840  bsp_lcd.o(.constdata)
    Font20_Table                             0x08008fac   Data        3800  bsp_lcd.o(.constdata)
    Font16_Table                             0x08009e84   Data        3040  bsp_lcd.o(.constdata)
    Font12_Table                             0x0800aa64   Data        1140  bsp_lcd.o(.constdata)
    Font8_Table                              0x0800aed8   Data         760  bsp_lcd.o(.constdata)
    lcd_param                                0x0800b1d0   Data          36  bsp_lcd.o(.constdata)
    AHBPrescTable                            0x0800b494   Data          16  system_stm32f4xx.o(.constdata)
    APBPrescTable                            0x0800b4a4   Data           8  system_stm32f4xx.o(.constdata)
    Region$$Table$$Base                      0x0800b4ac   Number         0  anon$$obj.o(Region$$Table)
    Region$$Table$$Limit                     0x0800b4cc   Number         0  anon$$obj.o(Region$$Table)
    guiState                                 0x20000000   Data           1  gui.o(.data)
    pos                                      0x20000002   Data           4  gui.o(.data)
    varType                                  0x20000006   Data           1  gui.o(.data)
    singNumType                              0x20000007   Data           1  gui.o(.data)
    xAccStartFlg                             0x20000008   Data           1  control.o(.data)
    xDccStartFlg                             0x20000009   Data           1  control.o(.data)
    xIdleFlg                                 0x2000000a   Data           1  control.o(.data)
    yAccStartFlg                             0x2000000b   Data           1  control.o(.data)
    yDccStartFlg                             0x2000000c   Data           1  control.o(.data)
    yIdleFlg                                 0x2000000d   Data           1  control.o(.data)
    stopJudgeState                           0x2000000e   Data           1  control.o(.data)
    state                                    0x2000000f   Data           1  control.o(.data)
    mode                                     0x20000010   Data           1  control.o(.data)
    xDir                                     0x20000011   Data           1  control.o(.data)
    yDir                                     0x20000012   Data           1  control.o(.data)
    freq                                     0x20000014   Data           4  motion_param.o(.data)
    xPanelPar                                0x20000018   Data          20  motion_param.o(.data)
    yPanelPar                                0x2000002c   Data          20  motion_param.o(.data)
    xMotPar                                  0x20000040   Data           8  motion_param.o(.data)
    yMotPar                                  0x20000048   Data           8  motion_param.o(.data)
    flashTest                                0x20000068   Data           4  motion_param.o(.data)
    uwIC2Value1                              0x2000006c   Data           4  pulin_sig.o(.data)
    uwIC2Value2                              0x20000070   Data           4  pulin_sig.o(.data)
    uwDiffCapture                            0x20000074   Data           4  pulin_sig.o(.data)
    uhCaptureIndex                           0x20000078   Data           2  pulin_sig.o(.data)
    uwFreqSingle                             0x2000007c   Data           4  pulin_sig.o(.data)
    uwFrequency                              0x20000080   Data           4  pulin_sig.o(.data)
    maxPulInFreq                             0x20000084   Data           4  pulin_sig.o(.data)
    maxDeltaFreq                             0x20000088   Data           4  pulin_sig.o(.data)
    deltaFreq                                0x2000008c   Data           4  pulin_sig.o(.data)
    dccFreqTh                                0x20000090   Data           4  pulin_sig.o(.data)
    startJudgeCnt                            0x20000094   Data           4  pulin_sig.o(.data)
    dccJudgeCnt                              0x20000098   Data           4  pulin_sig.o(.data)
    prevFreq                                 0x2000009c   Data           4  pulin_sig.o(.data)
    freqUpdated                              0x200000a0   Data           1  pulin_sig.o(.data)
    Font24                                   0x200000a8   Data           8  bsp_lcd.o(.data)
    Font20                                   0x200000b0   Data           8  bsp_lcd.o(.data)
    Font16                                   0x200000b8   Data           8  bsp_lcd.o(.data)
    Font12                                   0x200000c0   Data           8  bsp_lcd.o(.data)
    Font8                                    0x200000c8   Data           8  bsp_lcd.o(.data)
    cur_lcd                                  0x200000d4   Data           1  bsp_lcd.o(.data)
    pulseCnt                                 0x200000d8   Data           4  main.o(.data)
    pulseFreq                                0x200000dc   Data           4  main.o(.data)
    uwTick                                   0x200000e0   Data           4  stm32f4xx_hal.o(.data)
    uwTickPrio                               0x200000e4   Data           4  stm32f4xx_hal.o(.data)
    uwTickFreq                               0x200000e8   Data           1  stm32f4xx_hal.o(.data)
    SystemCoreClock                          0x200000ec   Data           4  system_stm32f4xx.o(.data)
    isPinAct                                 0x200000f0   Data          40  button.o(.bss)
    buttons                                  0x20000118   Data          30  button.o(.bss)
    xAxis                                    0x200001cc   Data          48  control.o(.bss)
    yAxis                                    0x200001fc   Data          48  control.o(.bss)
    savedAllParam                            0x2000022c   Data          32  motion_param.o(.bss)
    zoomBuff                                 0x2000034c   Data       16384  bsp_lcd.o(.bss)
    hsdram1                                  0x2000438c   Data          52  bsp_sdram.o(.bss)
    htim1                                    0x200043c0   Data          72  tim.o(.bss)
    htim5                                    0x20004408   Data          72  tim.o(.bss)
    htim6                                    0x20004450   Data          72  tim.o(.bss)
    htim8                                    0x20004498   Data          72  tim.o(.bss)
    pFlash                                   0x200044e0   Data          32  stm32f4xx_hal_flash.o(.bss)
    __initial_sp                             0x20004900   Data           0  startup_stm32f429xx.o(STACK)



==============================================================================

Memory Map of the image

  Image Entry point : 0x080001ad

  Load Region LR_IROM1 (Base: 0x08000000, Size: 0x0000b5bc, Max: 0x00100000, ABSOLUTE)

    Execution Region ER_IROM1 (Exec base: 0x08000000, Load base: 0x08000000, Size: 0x0000b4cc, Max: 0x00100000, ABSOLUTE)

    Exec Addr    Load Addr    Size         Type   Attr      Idx    E Section Name        Object

    0x08000000   0x08000000   0x000001ac   Data   RO            3    RESET               startup_stm32f429xx.o
    0x080001ac   0x080001ac   0x00000000   Code   RO         5293  * .ARM.Collect$$$$00000000  mc_w.l(entry.o)
    0x080001ac   0x080001ac   0x00000004   Code   RO         5573    .ARM.Collect$$$$00000001  mc_w.l(entry2.o)
    0x080001b0   0x080001b0   0x00000004   Code   RO         5576    .ARM.Collect$$$$00000004  mc_w.l(entry5.o)
    0x080001b4   0x080001b4   0x00000000   Code   RO         5578    .ARM.Collect$$$$00000008  mc_w.l(entry7b.o)
    0x080001b4   0x080001b4   0x00000000   Code   RO         5580    .ARM.Collect$$$$0000000A  mc_w.l(entry8b.o)
    0x080001b4   0x080001b4   0x00000008   Code   RO         5581    .ARM.Collect$$$$0000000B  mc_w.l(entry9a.o)
    0x080001bc   0x080001bc   0x00000000   Code   RO         5583    .ARM.Collect$$$$0000000D  mc_w.l(entry10a.o)
    0x080001bc   0x080001bc   0x00000000   Code   RO         5585    .ARM.Collect$$$$0000000F  mc_w.l(entry11a.o)
    0x080001bc   0x080001bc   0x00000004   Code   RO         5574    .ARM.Collect$$$$00002712  mc_w.l(entry2.o)
    0x080001c0   0x080001c0   0x00000024   Code   RO            4    .text               startup_stm32f429xx.o
    0x080001e4   0x080001e4   0x00000062   Code   RO         5296    .text               mc_w.l(uldiv.o)
    0x08000246   0x08000246   0x00000024   Code   RO         5298    .text               mc_w.l(memcpya.o)
    0x0800026a   0x0800026a   0x00000024   Code   RO         5300    .text               mc_w.l(memseta.o)
    0x0800028e   0x0800028e   0x000000e4   Code   RO         5565    .text               mf_w.l(dmul.o)
    0x08000372   0x08000372   0x0000001a   Code   RO         5567    .text               mf_w.l(dfltui.o)
    0x0800038c   0x0800038c   0x00000032   Code   RO         5569    .text               mf_w.l(dfixui.o)
    0x080003be   0x080003be   0x00000026   Code   RO         5571    .text               mf_w.l(f2d.o)
    0x080003e4   0x080003e4   0x0000002c   Code   RO         5590    .text               mc_w.l(uidiv.o)
    0x08000410   0x08000410   0x0000001e   Code   RO         5592    .text               mc_w.l(llshl.o)
    0x0800042e   0x0800042e   0x00000020   Code   RO         5594    .text               mc_w.l(llushr.o)
    0x0800044e   0x0800044e   0x00000000   Code   RO         5596    .text               mc_w.l(iusefp.o)
    0x0800044e   0x0800044e   0x000000ba   Code   RO         5597    .text               mf_w.l(depilogue.o)
    0x08000508   0x08000508   0x0000014e   Code   RO         5599    .text               mf_w.l(dadd.o)
    0x08000656   0x08000656   0x000000de   Code   RO         5601    .text               mf_w.l(ddiv.o)
    0x08000734   0x08000734   0x00000030   Code   RO         5603    .text               mf_w.l(dfixul.o)
    0x08000764   0x08000764   0x00000030   Code   RO         5605    .text               mf_w.l(cdrcmple.o)
    0x08000794   0x08000794   0x00000024   Code   RO         5607    .text               mc_w.l(init.o)
    0x080007b8   0x080007b8   0x00000024   Code   RO         5610    .text               mc_w.l(llsshr.o)
    0x080007dc   0x080007dc   0x00000018   Code   RO           13    i.ADD_PIN_ACTIVE    button.o
    0x080007f4   0x080007f4   0x00000018   Code   RO           14    i.BACK_PIN_ACTIVE   button.o
    0x0800080c   0x0800080c   0x00000004   Code   RO         1141    i.BusFault_Handler  stm32f4xx_it.o
    0x08000810   0x08000810   0x0000001c   Code   RO           15    i.CONF_PIN_ACTIVE   button.o
    0x0800082c   0x0800082c   0x000000e6   Code   RO         1469    i.DMA2D_SetConfig   stm32f4xx_hal_dma2d.o
    0x08000912   0x08000912   0x00000002   Code   RO         1142    i.DebugMon_Handler  stm32f4xx_it.o
    0x08000914   0x08000914   0x00000150   Code   RO          557    i.DrawChar          bsp_lcd.o
    0x08000a64   0x08000a64   0x0000000a   Code   RO         1143    i.EXTI4_IRQHandler  stm32f4xx_it.o
    0x08000a6e   0x08000a6e   0x00000006   Code   RO          984    i.Error_Handler     main.o
    0x08000a74   0x08000a74   0x00000060   Code   RO         4276    i.FLASH_Erase_Sector  stm32f4xx_hal_flash_ex.o
    0x08000ad4   0x08000ad4   0x00000078   Code   RO         4277    i.FLASH_FlushCaches  stm32f4xx_hal_flash_ex.o
    0x08000b4c   0x08000b4c   0x00000054   Code   RO         4278    i.FLASH_MassErase   stm32f4xx_hal_flash_ex.o
    0x08000ba0   0x08000ba0   0x00000024   Code   RO         4158    i.FLASH_Program_Byte  stm32f4xx_hal_flash.o
    0x08000bc4   0x08000bc4   0x0000003c   Code   RO         4159    i.FLASH_Program_DoubleWord  stm32f4xx_hal_flash.o
    0x08000c00   0x08000c00   0x00000028   Code   RO         4160    i.FLASH_Program_HalfWord  stm32f4xx_hal_flash.o
    0x08000c28   0x08000c28   0x00000028   Code   RO         4161    i.FLASH_Program_Word  stm32f4xx_hal_flash.o
    0x08000c50   0x08000c50   0x000000b4   Code   RO         4162    i.FLASH_SetErrorCode  stm32f4xx_hal_flash.o
    0x08000d04   0x08000d04   0x00000064   Code   RO         4163    i.FLASH_WaitForLastOperation  stm32f4xx_hal_flash.o
    0x08000d68   0x08000d68   0x0000006c   Code   RO         2810    i.FMC_SDRAM_Init    stm32f4xx_ll_fmc.o
    0x08000dd4   0x08000dd4   0x00000014   Code   RO         2811    i.FMC_SDRAM_ProgramRefreshRate  stm32f4xx_ll_fmc.o
    0x08000de8   0x08000de8   0x00000056   Code   RO         2812    i.FMC_SDRAM_SendCommand  stm32f4xx_ll_fmc.o
    0x08000e3e   0x08000e3e   0x00000002   PAD
    0x08000e40   0x08000e40   0x00000094   Code   RO         2814    i.FMC_SDRAM_Timing_Init  stm32f4xx_ll_fmc.o
    0x08000ed4   0x08000ed4   0x00000018   Code   RO           16    i.FORWARD_PIN_ACTIVE  button.o
    0x08000eec   0x08000eec   0x000000cc   Code   RO         1483    i.HAL_DMA2D_ConfigLayer  stm32f4xx_hal_dma2d.o
    0x08000fb8   0x08000fb8   0x00000060   Code   RO         1491    i.HAL_DMA2D_Init    stm32f4xx_hal_dma2d.o
    0x08001018   0x08001018   0x00000002   Code   RO         1494    i.HAL_DMA2D_MspInit  stm32f4xx_hal_dma2d.o
    0x0800101a   0x0800101a   0x00000166   Code   RO         1495    i.HAL_DMA2D_PollForTransfer  stm32f4xx_hal_dma2d.o
    0x08001180   0x08001180   0x0000004e   Code   RO         1498    i.HAL_DMA2D_Start   stm32f4xx_hal_dma2d.o
    0x080011ce   0x080011ce   0x00000002   PAD
    0x080011d0   0x080011d0   0x00000028   Code   RO         4996    i.HAL_Delay         stm32f4xx_hal.o
    0x080011f8   0x080011f8   0x000000b0   Code   RO         4293    i.HAL_FLASHEx_Erase  stm32f4xx_hal_flash_ex.o
    0x080012a8   0x080012a8   0x00000014   Code   RO         4167    i.HAL_FLASH_Lock    stm32f4xx_hal_flash.o
    0x080012bc   0x080012bc   0x00000098   Code   RO         4172    i.HAL_FLASH_Program  stm32f4xx_hal_flash.o
    0x08001354   0x08001354   0x00000034   Code   RO         4174    i.HAL_FLASH_Unlock  stm32f4xx_hal_flash.o
    0x08001388   0x08001388   0x00000010   Code   RO          985    i.HAL_GPIO_EXTI_Callback  main.o
    0x08001398   0x08001398   0x0000001c   Code   RO         4446    i.HAL_GPIO_EXTI_IRQHandler  stm32f4xx_hal_gpio.o
    0x080013b4   0x080013b4   0x00000210   Code   RO         4447    i.HAL_GPIO_Init     stm32f4xx_hal_gpio.o
    0x080015c4   0x080015c4   0x00000010   Code   RO         4449    i.HAL_GPIO_ReadPin  stm32f4xx_hal_gpio.o
    0x080015d4   0x080015d4   0x0000000c   Code   RO         4451    i.HAL_GPIO_WritePin  stm32f4xx_hal_gpio.o
    0x080015e0   0x080015e0   0x0000000c   Code   RO         5004    i.HAL_GetTick       stm32f4xx_hal.o
    0x080015ec   0x080015ec   0x00000018   Code   RO         5010    i.HAL_IncTick       stm32f4xx_hal.o
    0x08001604   0x08001604   0x0000003c   Code   RO         5011    i.HAL_Init          stm32f4xx_hal.o
    0x08001640   0x08001640   0x0000004c   Code   RO         5012    i.HAL_InitTick      stm32f4xx_hal.o
    0x0800168c   0x0800168c   0x0000005e   Code   RO         1969    i.HAL_LTDC_ConfigLayer  stm32f4xx_hal_ltdc.o
    0x080016ea   0x080016ea   0x00000002   PAD
    0x080016ec   0x080016ec   0x00000118   Code   RO         1986    i.HAL_LTDC_Init     stm32f4xx_hal_ltdc.o
    0x08001804   0x08001804   0x00000002   Code   RO         1989    i.HAL_LTDC_MspInit  stm32f4xx_hal_ltdc.o
    0x08001806   0x08001806   0x0000005c   Code   RO         1995    i.HAL_LTDC_SetAlpha  stm32f4xx_hal_ltdc.o
    0x08001862   0x08001862   0x00000002   PAD
    0x08001864   0x08001864   0x00000048   Code   RO         1229    i.HAL_MspInit       stm32f4xx_hal_msp.o
    0x080018ac   0x080018ac   0x00000020   Code   RO         4854    i.HAL_NVIC_EnableIRQ  stm32f4xx_hal_cortex.o
    0x080018cc   0x080018cc   0x0000007c   Code   RO         4860    i.HAL_NVIC_SetPriority  stm32f4xx_hal_cortex.o
    0x08001948   0x08001948   0x00000028   Code   RO         4861    i.HAL_NVIC_SetPriorityGrouping  stm32f4xx_hal_cortex.o
    0x08001970   0x08001970   0x0000008c   Code   RO         4783    i.HAL_PWREx_EnableOverDrive  stm32f4xx_hal_pwr_ex.o
    0x080019fc   0x080019fc   0x00000304   Code   RO         4098    i.HAL_RCCEx_PeriphCLKConfig  stm32f4xx_hal_rcc_ex.o
    0x08001d00   0x08001d00   0x00000184   Code   RO         3991    i.HAL_RCC_ClockConfig  stm32f4xx_hal_rcc.o
    0x08001e84   0x08001e84   0x0000000c   Code   RO         3996    i.HAL_RCC_GetHCLKFreq  stm32f4xx_hal_rcc.o
    0x08001e90   0x08001e90   0x00000020   Code   RO         3998    i.HAL_RCC_GetPCLK1Freq  stm32f4xx_hal_rcc.o
    0x08001eb0   0x08001eb0   0x000000b0   Code   RO         4000    i.HAL_RCC_GetSysClockFreq  stm32f4xx_hal_rcc.o
    0x08001f60   0x08001f60   0x0000049c   Code   RO         4003    i.HAL_RCC_OscConfig  stm32f4xx_hal_rcc.o
    0x080023fc   0x080023fc   0x00000040   Code   RO         2481    i.HAL_SDRAM_Init    stm32f4xx_hal_sdram.o
    0x0800243c   0x0800243c   0x00000002   Code   RO         2483    i.HAL_SDRAM_MspInit  stm32f4xx_hal_sdram.o
    0x0800243e   0x0800243e   0x00000036   Code   RO         2484    i.HAL_SDRAM_ProgramRefreshRate  stm32f4xx_hal_sdram.o
    0x08002474   0x08002474   0x0000004e   Code   RO         2490    i.HAL_SDRAM_SendCommand  stm32f4xx_hal_sdram.o
    0x080024c2   0x080024c2   0x00000034   Code   RO         4865    i.HAL_SYSTICK_Config  stm32f4xx_hal_cortex.o
    0x080024f6   0x080024f6   0x00000002   Code   RO         3723    i.HAL_TIMEx_BreakCallback  stm32f4xx_hal_tim_ex.o
    0x080024f8   0x080024f8   0x00000002   Code   RO         3724    i.HAL_TIMEx_CommutCallback  stm32f4xx_hal_tim_ex.o
    0x080024fa   0x080024fa   0x00000074   Code   RO         3726    i.HAL_TIMEx_ConfigBreakDeadTime  stm32f4xx_hal_tim_ex.o
    0x0800256e   0x0800256e   0x00000002   PAD
    0x08002570   0x08002570   0x000000b4   Code   RO         3742    i.HAL_TIMEx_MasterConfigSynchronization  stm32f4xx_hal_tim_ex.o
    0x08002624   0x08002624   0x00000066   Code   RO         3008    i.HAL_TIM_Base_Init  stm32f4xx_hal_tim.o
    0x0800268a   0x0800268a   0x00000002   PAD
    0x0800268c   0x0800268c   0x000000d4   Code   RO         1076    i.HAL_TIM_Base_MspInit  tim.o
    0x08002760   0x08002760   0x000000a8   Code   RO         3013    i.HAL_TIM_Base_Start_IT  stm32f4xx_hal_tim.o
    0x08002808   0x08002808   0x0000010c   Code   RO         3017    i.HAL_TIM_ConfigClockSource  stm32f4xx_hal_tim.o
    0x08002914   0x08002914   0x00000010   Code   RO          986    i.HAL_TIM_IC_CaptureCallback  main.o
    0x08002924   0x08002924   0x00000196   Code   RO         3056    i.HAL_TIM_IRQHandler  stm32f4xx_hal_tim.o
    0x08002aba   0x08002aba   0x00000002   PAD
    0x08002abc   0x08002abc   0x000000f4   Code   RO         1077    i.HAL_TIM_MspPostInit  tim.o
    0x08002bb0   0x08002bb0   0x00000002   Code   RO         3059    i.HAL_TIM_OC_DelayElapsedCallback  stm32f4xx_hal_tim.o
    0x08002bb2   0x08002bb2   0x00000104   Code   RO         3080    i.HAL_TIM_PWM_ConfigChannel  stm32f4xx_hal_tim.o
    0x08002cb6   0x08002cb6   0x00000066   Code   RO         3083    i.HAL_TIM_PWM_Init  stm32f4xx_hal_tim.o
    0x08002d1c   0x08002d1c   0x00000002   Code   RO         3085    i.HAL_TIM_PWM_MspInit  stm32f4xx_hal_tim.o
    0x08002d1e   0x08002d1e   0x00000002   Code   RO         3086    i.HAL_TIM_PWM_PulseFinishedCallback  stm32f4xx_hal_tim.o
    0x08002d20   0x08002d20   0x0000010c   Code   RO         3088    i.HAL_TIM_PWM_Start  stm32f4xx_hal_tim.o
    0x08002e2c   0x08002e2c   0x0000002c   Code   RO          987    i.HAL_TIM_PeriodElapsedCallback  main.o
    0x08002e58   0x08002e58   0x00000002   Code   RO         3099    i.HAL_TIM_TriggerCallback  stm32f4xx_hal_tim.o
    0x08002e5a   0x08002e5a   0x00000004   Code   RO         1144    i.HardFault_Handler  stm32f4xx_it.o
    0x08002e5e   0x08002e5e   0x00000002   PAD
    0x08002e60   0x08002e60   0x00000040   Code   RO          560    i.LCD_Clear         bsp_lcd.o
    0x08002ea0   0x08002ea0   0x00000068   Code   RO          564    i.LCD_DisplayChar   bsp_lcd.o
    0x08002f08   0x08002f08   0x00000030   Code   RO          566    i.LCD_DisplayOn     bsp_lcd.o
    0x08002f38   0x08002f38   0x00000128   Code   RO          567    i.LCD_DisplayStringAt  bsp_lcd.o
    0x08003060   0x08003060   0x000000cc   Code   RO          573    i.LCD_DrawCharCH    bsp_lcd.o
    0x0800312c   0x0800312c   0x00000144   Code   RO          577    i.LCD_DrawHLine     bsp_lcd.o
    0x08003270   0x08003270   0x0000015c   Code   RO          579    i.LCD_DrawPixel     bsp_lcd.o
    0x080033cc   0x080033cc   0x00000148   Code   RO          582    i.LCD_DrawVLine     bsp_lcd.o
    0x08003514   0x08003514   0x000005cc   Code   RO          587    i.LCD_GPIO_Config   bsp_lcd.o
    0x08003ae0   0x08003ae0   0x00000020   Code   RO          591    i.LCD_GetXSize      bsp_lcd.o
    0x08003b00   0x08003b00   0x00000020   Code   RO          592    i.LCD_GetYSize      bsp_lcd.o
    0x08003b20   0x08003b20   0x00000248   Code   RO          593    i.LCD_Init          bsp_lcd.o
    0x08003d68   0x08003d68   0x000000a0   Code   RO          594    i.LCD_LayerInit     bsp_lcd.o
    0x08003e08   0x08003e08   0x0000000c   Code   RO          596    i.LCD_SelectLayer   bsp_lcd.o
    0x08003e14   0x08003e14   0x0000001c   Code   RO          597    i.LCD_SetBackColor  bsp_lcd.o
    0x08003e30   0x08003e30   0x00000014   Code   RO          598    i.LCD_SetColors     bsp_lcd.o
    0x08003e44   0x08003e44   0x0000001c   Code   RO          599    i.LCD_SetFont       bsp_lcd.o
    0x08003e60   0x08003e60   0x00000018   Code   RO          603    i.LCD_SetTextColor  bsp_lcd.o
    0x08003e78   0x08003e78   0x00000018   Code   RO          604    i.LCD_SetTransparency  bsp_lcd.o
    0x08003e90   0x08003e90   0x00000018   Code   RO           17    i.LEFT_PIN_ACTIVE   button.o
    0x08003ea8   0x08003ea8   0x00000100   Code   RO          609    i.LL_FillBuffer     bsp_lcd.o
    0x08003fa8   0x08003fa8   0x00000210   Code   RO         2005    i.LTDC_SetConfig    stm32f4xx_hal_ltdc.o
    0x080041b8   0x080041b8   0x000001f8   Code   RO         1051    i.MX_GPIO_Init      gpio.o
    0x080043b0   0x080043b0   0x000000e8   Code   RO         1078    i.MX_TIM1_Init      tim.o
    0x08004498   0x08004498   0x000000a4   Code   RO         1079    i.MX_TIM5_Init      tim.o
    0x0800453c   0x0800453c   0x0000004c   Code   RO         1080    i.MX_TIM6_Init      tim.o
    0x08004588   0x08004588   0x000000e8   Code   RO         1081    i.MX_TIM8_Init      tim.o
    0x08004670   0x08004670   0x00000004   Code   RO         1145    i.MemManage_Handler  stm32f4xx_it.o
    0x08004674   0x08004674   0x00000004   Code   RO         1146    i.NMI_Handler       stm32f4xx_it.o
    0x08004678   0x08004678   0x00000002   Code   RO         1147    i.PendSV_Handler    stm32f4xx_it.o
    0x0800467a   0x0800467a   0x00000002   PAD
    0x0800467c   0x0800467c   0x00000018   Code   RO           18    i.RIGHT_PIN_ACTIVE  button.o
    0x08004694   0x08004694   0x000006c8   Code   RO          920    i.SDRAM_GPIO_Config  bsp_sdram.o
    0x08004d5c   0x08004d5c   0x00000094   Code   RO          921    i.SDRAM_Init        bsp_sdram.o
    0x08004df0   0x08004df0   0x00000094   Code   RO          922    i.SDRAM_InitSequence  bsp_sdram.o
    0x08004e84   0x08004e84   0x00000024   Code   RO          926    i.SDRAM_delay       bsp_sdram.o
    0x08004ea8   0x08004ea8   0x0000001c   Code   RO           19    i.SETTING_PIN_ACTIVE  button.o
    0x08004ec4   0x08004ec4   0x0000001c   Code   RO           20    i.SUB_PIN_ACTIVE    button.o
    0x08004ee0   0x08004ee0   0x00000002   Code   RO         1148    i.SVC_Handler       stm32f4xx_it.o
    0x08004ee2   0x08004ee2   0x00000002   PAD
    0x08004ee4   0x08004ee4   0x00000018   Code   RO           21    i.SWI_PIN_ACTIVE    button.o
    0x08004efc   0x08004efc   0x00000018   Code   RO           22    i.S_RST_PIN_ACTIVE  button.o
    0x08004f14   0x08004f14   0x00000008   Code   RO         1149    i.SysTick_Handler   stm32f4xx_it.o
    0x08004f1c   0x08004f1c   0x000000c0   Code   RO          988    i.SystemClock_Config  main.o
    0x08004fdc   0x08004fdc   0x00000014   Code   RO         5260    i.SystemInit        system_stm32f4xx.o
    0x08004ff0   0x08004ff0   0x00000010   Code   RO         1150    i.TIM6_DAC_IRQHandler  stm32f4xx_it.o
    0x08005000   0x08005000   0x000000d8   Code   RO         3101    i.TIM_Base_SetConfig  stm32f4xx_hal_tim.o
    0x080050d8   0x080050d8   0x00000022   Code   RO         3102    i.TIM_CCxChannelCmd  stm32f4xx_hal_tim.o
    0x080050fa   0x080050fa   0x00000016   Code   RO         3112    i.TIM_ETR_SetConfig  stm32f4xx_hal_tim.o
    0x08005110   0x08005110   0x00000012   Code   RO         3113    i.TIM_ITRx_SetConfig  stm32f4xx_hal_tim.o
    0x08005122   0x08005122   0x00000002   PAD
    0x08005124   0x08005124   0x00000070   Code   RO         3114    i.TIM_OC1_SetConfig  stm32f4xx_hal_tim.o
    0x08005194   0x08005194   0x0000007c   Code   RO         3115    i.TIM_OC2_SetConfig  stm32f4xx_hal_tim.o
    0x08005210   0x08005210   0x00000078   Code   RO         3116    i.TIM_OC3_SetConfig  stm32f4xx_hal_tim.o
    0x08005288   0x08005288   0x00000054   Code   RO         3117    i.TIM_OC4_SetConfig  stm32f4xx_hal_tim.o
    0x080052dc   0x080052dc   0x00000026   Code   RO         3119    i.TIM_TI1_ConfigInputStage  stm32f4xx_hal_tim.o
    0x08005302   0x08005302   0x00000028   Code   RO         3121    i.TIM_TI2_ConfigInputStage  stm32f4xx_hal_tim.o
    0x0800532a   0x0800532a   0x00000004   Code   RO         1151    i.UsageFault_Handler  stm32f4xx_it.o
    0x0800532e   0x0800532e   0x00000002   PAD
    0x08005330   0x08005330   0x00000028   Code   RO         5539    i.__0sprintf        mc_w.l(printfa.o)
    0x08005358   0x08005358   0x00000010   Code   RO         4867    i.__NVIC_GetPriorityGrouping  stm32f4xx_hal_cortex.o
    0x08005368   0x08005368   0x00000028   Code   RO         4868    i.__NVIC_SetPriority  stm32f4xx_hal_cortex.o
    0x08005390   0x08005390   0x0000000e   Code   RO         5615    i.__scatterload_copy  mc_w.l(handlers.o)
    0x0800539e   0x0800539e   0x00000002   Code   RO         5616    i.__scatterload_null  mc_w.l(handlers.o)
    0x080053a0   0x080053a0   0x0000000e   Code   RO         5617    i.__scatterload_zeroinit  mc_w.l(handlers.o)
    0x080053ae   0x080053ae   0x00000002   PAD
    0x080053b0   0x080053b0   0x00000184   Code   RO         5544    i._fp_digits        mc_w.l(printfa.o)
    0x08005534   0x08005534   0x000006dc   Code   RO         5545    i._printf_core      mc_w.l(printfa.o)
    0x08005c10   0x08005c10   0x00000024   Code   RO         5546    i._printf_post_padding  mc_w.l(printfa.o)
    0x08005c34   0x08005c34   0x0000002e   Code   RO         5547    i._printf_pre_padding  mc_w.l(printfa.o)
    0x08005c62   0x08005c62   0x0000000a   Code   RO         5549    i._sputc            mc_w.l(printfa.o)
    0x08005c6c   0x08005c6c   0x00000120   Code   RO          221    i.addSubDeal        gui.o
    0x08005d8c   0x08005d8c   0x00000058   Code   RO           23    i.buttonInit        button.o
    0x08005de4   0x08005de4   0x000000a8   Code   RO           24    i.buttonUpdate      button.o
    0x08005e8c   0x08005e8c   0x00000020   Code   RO          222    i.constrain         gui.o
    0x08005eac   0x08005eac   0x000001d0   Code   RO          382    i.ctlFixedUpd       control.o
    0x0800607c   0x0800607c   0x00000054   Code   RO          383    i.ctlInit           control.o
    0x080060d0   0x080060d0   0x0000005c   Code   RO          223    i.drawLineFrame     gui.o
    0x0800612c   0x0800612c   0x00000094   Code   RO          511    i.freqCalcHandler   pulin_sig.o
    0x080061c0   0x080061c0   0x00000094   Code   RO          224    i.guiInit           gui.o
    0x08006254   0x08006254   0x0000079c   Code   RO          225    i.guiTask           gui.o
    0x080069f0   0x080069f0   0x0000001c   Code   RO          512    i.isFreqDcc         pulin_sig.o
    0x08006a0c   0x08006a0c   0x00000014   Code   RO          513    i.isFreqStart       pulin_sig.o
    0x08006a20   0x08006a20   0x000000d4   Code   RO          226    i.judgeCoordinate   gui.o
    0x08006af4   0x08006af4   0x000000a4   Code   RO          227    i.judgeSingleNum    gui.o
    0x08006b98   0x08006b98   0x0000004c   Code   RO          228    i.judgeVar          gui.o
    0x08006be4   0x08006be4   0x0000006c   Code   RO          384    i.leftRightLimit    control.o
    0x08006c50   0x08006c50   0x0000007c   Code   RO          989    i.main              main.o
    0x08006ccc   0x08006ccc   0x00000044   Code   RO          229    i.mergeData         gui.o
    0x08006d10   0x08006d10   0x000000b8   Code   RO          461    i.motionParamInit   motion_param.o
    0x08006dc8   0x08006dc8   0x00000054   Code   RO          462    i.motionParamRead   motion_param.o
    0x08006e1c   0x08006e1c   0x00000088   Code   RO          463    i.motionParamSave   motion_param.o
    0x08006ea4   0x08006ea4   0x00000208   Code   RO          464    i.motionParamUpd    motion_param.o
    0x080070ac   0x080070ac   0x00000058   Code   RO          230    i.sepData           gui.o
    0x08007104   0x08007104   0x00000028   Code   RO          336    i.setFreq           pwm.o
    0x0800712c   0x0800712c   0x00000098   Code   RO          364    i.velProfileCtl     trap_vel_profile.o
    0x080071c4   0x080071c4   0x00000198   Code   RO          385    i.xAxisAutoFlgInput  control.o
    0x0800735c   0x0800735c   0x000000a4   Code   RO          386    i.xAxisManuFlgInput  control.o
    0x08007400   0x08007400   0x000000f4   Code   RO          387    i.yAxisAutoFlgInput  control.o
    0x080074f4   0x080074f4   0x00003fa0   Data   RO          611    .constdata          bsp_lcd.o
    0x0800b494   0x0800b494   0x00000018   Data   RO         5261    .constdata          system_stm32f4xx.o
    0x0800b4ac   0x0800b4ac   0x00000020   Data   RO         5613    Region$$Table       anon$$obj.o


    Execution Region RW_IRAM1 (Exec base: 0x20000000, Load base: 0x0800b4cc, Size: 0x00004900, Max: 0x00030000, ABSOLUTE)

    Exec Addr    Load Addr    Size         Type   Attr      Idx    E Section Name        Object

    0x20000000   0x0800b4cc   0x00000008   Data   RW          232    .data               gui.o
    0x20000008   0x0800b4d4   0x0000000b   Data   RW          390    .data               control.o
    0x20000013   0x0800b4df   0x00000001   PAD
    0x20000014   0x0800b4e0   0x00000058   Data   RW          466    .data               motion_param.o
    0x2000006c   0x0800b538   0x0000003c   Data   RW          515    .data               pulin_sig.o
    0x200000a8   0x0800b574   0x0000002d   Data   RW          612    .data               bsp_lcd.o
    0x200000d5   0x0800b5a1   0x00000003   PAD
    0x200000d8   0x0800b5a4   0x00000008   Data   RW          990    .data               main.o
    0x200000e0   0x0800b5ac   0x00000009   Data   RW         5018    .data               stm32f4xx_hal.o
    0x200000e9   0x0800b5b5   0x00000003   PAD
    0x200000ec   0x0800b5b8   0x00000004   Data   RW         5262    .data               system_stm32f4xx.o
    0x200000f0        -       0x00000046   Zero   RW           25    .bss                button.o
    0x20000136        -       0x00000096   Zero   RW          231    .bss                gui.o
    0x200001cc        -       0x00000060   Zero   RW          389    .bss                control.o
    0x2000022c        -       0x00000020   Zero   RW          465    .bss                motion_param.o
    0x2000024c        -       0x00004130   Zero   RW          610    .bss                bsp_lcd.o
    0x2000437c        -       0x00000044   Zero   RW          927    .bss                bsp_sdram.o
    0x200043c0        -       0x00000120   Zero   RW         1082    .bss                tim.o
    0x200044e0        -       0x00000020   Zero   RW         4175    .bss                stm32f4xx_hal_flash.o
    0x20004500        -       0x00000400   Zero   RW            1    STACK               startup_stm32f429xx.o


==============================================================================

Image component sizes


      Code (inc. data)   RO Data    RW Data    ZI Data      Debug   Object Name

      4736        260      16288         45      16688      26895   bsp_lcd.o
      2068         58          0          0         68       5087   bsp_sdram.o
       508        100          0          0         70     791644   button.o
      1472        156          0         11         96      35505   control.o
       504         34          0          0          0       1355   gpio.o
      3116        150          0          8        150       8454   gui.o
       398         44          0          8          0       4291   main.o
       924         96          0         88         32       4408   motion_param.o
       196         40          0         60          0       2381   pulin_sig.o
        40          4          0          0          0        890   pwm.o
        36          8        428          0       1024        840   startup_stm32f429xx.o
       212         36          0          9          0       9685   stm32f4xx_hal.o
       304         22          0          0          0      34467   stm32f4xx_hal_cortex.o
       968          6          0          0          0       5819   stm32f4xx_hal_dma2d.o
       680         62          0          0         32       6022   stm32f4xx_hal_flash.o
       476         24          0          0          0       3430   stm32f4xx_hal_flash_ex.o
       584         58          0          0          0       3574   stm32f4xx_hal_gpio.o
       996          6          0          0          0       4414   stm32f4xx_hal_ltdc.o
        72          4          0          0          0        986   stm32f4xx_hal_msp.o
       140         12          0          0          0       1408   stm32f4xx_hal_pwr_ex.o
      1788         74          0          0          0       5173   stm32f4xx_hal_rcc.o
       772         26          0          0          0       1724   stm32f4xx_hal_rcc_ex.o
       198          0          0          0          0       3496   stm32f4xx_hal_sdram.o
      2390        142          0          0          0      16003   stm32f4xx_hal_tim.o
       300         30          0          0          0       3453   stm32f4xx_hal_tim_ex.o
        60          6          0          0          0       5235   stm32f4xx_it.o
       362          4          0          0          0       4972   stm32f4xx_ll_fmc.o
        20          6         24          4          0       1263   system_stm32f4xx.o
      1160         86          0          0        288       5015   tim.o
       152          0          0          0          0       1832   trap_vel_profile.o

    ----------------------------------------------------------------------
     25656       1554      16772        240      18448     999721   Object Totals
         0          0         32          0          0          0   (incl. Generated)
        24          0          0          7          0          0   (incl. Padding)

    ----------------------------------------------------------------------

      Code (inc. data)   RO Data    RW Data    ZI Data      Debug   Library Member Name

         0          0          0          0          0          0   entry.o
         0          0          0          0          0          0   entry10a.o
         0          0          0          0          0          0   entry11a.o
         8          4          0          0          0          0   entry2.o
         4          0          0          0          0          0   entry5.o
         0          0          0          0          0          0   entry7b.o
         0          0          0          0          0          0   entry8b.o
         8          4          0          0          0          0   entry9a.o
        30          0          0          0          0          0   handlers.o
        36          8          0          0          0         68   init.o
         0          0          0          0          0          0   iusefp.o
        30          0          0          0          0         68   llshl.o
        36          0          0          0          0         68   llsshr.o
        32          0          0          0          0         68   llushr.o
        36          0          0          0          0         68   memcpya.o
        36          0          0          0          0        108   memseta.o
      2276         86          0          0          0        520   printfa.o
        44          0          0          0          0         80   uidiv.o
        98          0          0          0          0         92   uldiv.o
        48          0          0          0          0         68   cdrcmple.o
       334          0          0          0          0        148   dadd.o
       222          0          0          0          0        100   ddiv.o
       186          0          0          0          0        176   depilogue.o
        50          0          0          0          0         76   dfixui.o
        48          0          0          0          0         68   dfixul.o
        26          0          0          0          0         76   dfltui.o
       228          0          0          0          0         96   dmul.o
        38          0          0          0          0         68   f2d.o

    ----------------------------------------------------------------------
      3856        102          0          0          0       2016   Library Totals
         2          0          0          0          0          0   (incl. Padding)

    ----------------------------------------------------------------------

      Code (inc. data)   RO Data    RW Data    ZI Data      Debug   Library Name

      2674        102          0          0          0       1140   mc_w.l
      1180          0          0          0          0        876   mf_w.l

    ----------------------------------------------------------------------
      3856        102          0          0          0       2016   Library Totals

    ----------------------------------------------------------------------

==============================================================================


      Code (inc. data)   RO Data    RW Data    ZI Data      Debug   

     29512       1656      16772        240      18448     985001   Grand Totals
     29512       1656      16772        240      18448     985001   ELF Image Totals
     29512       1656      16772        240          0          0   ROM Totals

==============================================================================

    Total RO  Size (Code + RO Data)                46284 (  45.20kB)
    Total RW  Size (RW Data + ZI Data)             18688 (  18.25kB)
    Total ROM Size (Code + RO Data + RW Data)      46524 (  45.43kB)

==============================================================================

